07:08:23 | INFO    | 🚀 ЗАПУСК | Модель: o4-mini | Вопросов: 482
07:08:23 | INFO    | 🌐 API: https://vedai.by/api/v1 | Temp: 0.3 | Tokens: 100
07:08:23 | INFO    | ----------------------------------------------------------------------
07:08:26 | INFO    | ✅ Подключение: ✓ o4-mini
07:08:30 | INFO    | Q001 ❌ "Противошоковый набор включает следующие лекарственные препараты:..." → [1, 2, 3] (score: 0.0) [4.07с]
07:08:30 | INFO    |       ⚠️ Ошибка: ожидалось [1, 2, 3, 5], получено [1, 2, 3]
07:08:34 | INFO    | Q002 ✅ "Препаратом выбора для оказания первой медицинской помощи при анафилаксии следует..." → [4] (score: 1.0) [4.09с]
07:08:39 | INFO    | Q003 ✅ "Эпинефрин при оказании первой помощи при анафилаксии следует вводить:..." → [4] (score: 1.0) [3.88с]
07:08:44 | INFO    | Q004 ✅ "Анафилаксия может развиться после воздействия на организм:..." → [4] (score: 1.0) [4.67с]
07:08:49 | INFO    | Q005 ✅ "Наиболее частая причина анафилаксии у детей:..." → [4] (score: 1.0) [4.57с]
07:08:55 | INFO    | Q006 ✅ "Неотложные мероприятия при развитии анафилаксии проводят:..." → [2] (score: 1.0) [5.39с]
07:08:59 | INFO    | Q007 ✅ "Препарат выбора при проведении противошоковых мероприятий при развитии анафилакс..." → [1] (score: 1.0) [3.81с]
07:09:04 | INFO    | Q008 ❌ "Сопутствующая патология, усугубляющая течение анафилаксии:..." → [1, 3, 4] (score: 0.0) [4.51с]
07:09:04 | INFO    |       ⚠️ Ошибка: ожидалось [1, 3, 4, 5], получено [1, 3, 4]
07:09:09 | INFO    | Q009 ❌ "Для поражения сердечно-сосудистой системы при анафилаксии характерно:..." → [2] (score: 0.0) [4.35с]
07:09:09 | INFO    |       ⚠️ Ошибка: ожидалось [5], получено [2]
07:09:13 | INFO    | Q010 ❌ "Для поражения дыхательной системы при анафилактическом шоке характерно:..." → [2, 3] (score: 0.0) [3.67с]
07:09:13 | INFO    |       ⚠️ Ошибка: ожидалось [2, 3, 5], получено [2, 3]
07:09:13 | INFO    | 💾 Прогресс сохранён (#10)
07:09:19 | INFO    | Q011 ✅ "Для реакции анафилаксии характерны следующие поражения кожи:..." → [3, 5] (score: 1.0) [5.21с]
07:09:24 | INFO    | Q012 ❌ "Респираторные симптомы, характерные для анафилаксии:..." → [2, 3] (score: 0.0) [4.61с]
07:09:24 | INFO    |       ⚠️ Ошибка: ожидалось [1, 2, 3, 4, 5], получено [2, 3]
07:09:30 | INFO    | Q013 ❌ "Гастроинтестинальные симптомы, характерные для анафилаксии:..." → [2, 4, 5] (score: 0.0) [5.35с]
07:09:30 | INFO    |       ⚠️ Ошибка: ожидалось [1, 2, 4, 5], получено [2, 4, 5]
07:09:49 | INFO    | Q014 ✅ "Дифференциальный диагноз анафилаксии следует проводить с:..." → [1, 2, 3, 4, 5] (score: 1.0) [18.58с]
07:10:08 | INFO    | Q015 ❌ "Эпинефрин оказывает следующие действия на организм человека:..." → [1, 2, 3, 4, 5] (score: 0.0) [18.62с]
07:10:08 | INFO    |       ⚠️ Ошибка: ожидалось [1, 2, 3, 5], получено [1, 2, 3, 4, 5]
07:10:17 | INFO    | Q016 ✅ "К обязательным противошоковым мероприятиям относится применение:..." → [3, 4] (score: 1.0) [7.90с]
07:10:23 | INFO    | Q017 ❌ "При анафилактическом шоке эпинефрин можно вводить..." → [2, 4] (score: 0.0) [5.98с]
07:10:23 | INFO    |       ⚠️ Ошибка: ожидалось [2, 3, 4], получено [2, 4]
07:12:08 | INFO    | Q018 ✅ "Абсолютные показания для назначения эпинефрина:..." → [1, 2, 3, 4, 5] (score: 1.0) [104.73с]
07:12:18 | INFO    | Q019 ✅ "Препаратом выбора для инфузионной терапии анафилаксии является:..." → [2] (score: 1.0) [9.39с]
07:12:26 | INFO    | Q020 ✅ "Показаниями к интубации трахеи при анафилаксии являются :..." → [2, 4] (score: 1.0) [7.44с]
07:12:26 | INFO    | 💾 Прогресс сохранён (#20)
07:12:32 | INFO    | Q021 ✅ "Для абдоминального варианта течения анафилактического шока характерно:..." → [4] (score: 1.0) [4.84с]
07:12:37 | INFO    | Q022 ✅ "Для церебрального варианта течения анафилактического шока характерно:..." → [5] (score: 1.0) [4.44с]
07:12:41 | INFO    | Q023 ✅ "Какое лекарственное средство необходимо ввести первым при анафилаксии?..." → [1] (score: 1.0) [3.95с]
07:12:45 | INFO    | Q024 ✅ "Для клиники анафилактического шока характерно:..." → [2] (score: 1.0) [3.83с]
07:12:50 | INFO    | Q025 ✅ "Мероприятия, проводимые при лечении анафилактического шока, начинаются с:..." → [5] (score: 1.0) [4.52с]
07:12:56 | INFO    | Q026 ✅ "К мерам профилактики лекарственного анафилактического шока относится:..." → [5] (score: 1.0) [5.47с]
07:13:00 | INFO    | Q027 ✅ "Лабораторный маркер, отражающий наличие анафилаксии:..." → [3] (score: 1.0) [2.86с]
07:13:05 | INFO    | Q028 ❌ "В качестве антагонистов Н1-рецепторов гистамина при шоке используют:..." → [1, 2, 3] (score: 0.0) [4.40с]
07:13:05 | INFO    |       ⚠️ Ошибка: ожидалось [1, 3], получено [1, 2, 3]
07:13:09 | INFO    | Q029 ❌ "Анафилактический шок является следствием:..." → [1, 2, 4] (score: 0.0) [4.20с]
07:13:09 | INFO    |       ⚠️ Ошибка: ожидалось [1, 2, 3, 4], получено [1, 2, 4]
07:13:15 | INFO    | Q030 ✅ "У пациента 32 лет, страдающего острым пиелонефритом, на введение цефтриаксона вн..." → [5] (score: 1.0) [5.10с]
07:13:15 | INFO    | 💾 Прогресс сохранён (#30)
07:13:18 | INFO    | Q031 ✅ "Пациента 34-х лет во время полевых работ пчела ужалила в шею, после чего он ощут..." → [2] (score: 1.0) [2.96с]
07:13:22 | INFO    | Q032 ✅ "Первое ведение адреналина при анафилаксии у взрослых, как правило, проводится:..." → [1] (score: 1.0) [3.15с]
07:13:33 | INFO    | Q033 ❌ "Анафилаксия является следствием:..." → [1, 3, 4] (score: 0.0) [10.03с]
07:13:33 | INFO    |       ⚠️ Ошибка: ожидалось [1, 2, 3, 4], получено [1, 3, 4]
07:13:38 | INFO    | Q034 ❌ "После перенесенного анафилактического шока может развиться следующее осложнение:..." → [1] (score: 0.0) [4.85с]
07:13:38 | INFO    |       ⚠️ Ошибка: ожидалось [4], получено [1]
07:13:44 | INFO    | Q035 ✅ "Вариантами клинического течения анафилаксии являются:..." → [2, 3, 4, 5] (score: 1.0) [6.03с]
07:13:49 | INFO    | Q036 ❌ "Причинами смерти от анафилактического шока в остром периоде могут быть:..." → [1, 2] (score: 0.0) [4.33с]
07:13:49 | INFO    |       ⚠️ Ошибка: ожидалось [1, 2, 3], получено [1, 2]
07:13:58 | INFO    | Q037 ✅ "Основные жалобы при типичном варианте анафилактического шока:..." → [2, 3, 5] (score: 1.0) [8.12с]
07:14:02 | INFO    | Q038 ✅ "Анафилактический шок характеризуется:..." → [1, 2, 3] (score: 1.0) [3.53с]
07:14:06 | INFO    | Q039 ✅ "Чем меньше времени прошло от момента поступления аллергена в организм до первых ..." → [1] (score: 1.0) [3.47с]
07:14:09 | INFO    | Q040 ✅ "Спазм гладкой мускулатуры желудочно-кишечного тракта при анафилактическом шоке м..." → [1, 2, 3, 4] (score: 1.0) [2.93с]
07:14:09 | INFO    | 💾 Прогресс сохранён (#40)
07:16:00 | INFO    | Q041 ❌ "Поздние осложнения анафилактического шока:..." → [1, 4] (score: 0.0) [110.05с]
07:16:00 | INFO    |       ⚠️ Ошибка: ожидалось [1, 2, 3], получено [1, 4]
07:16:06 | INFO    | Q042 ✅ "Кожные проявления анафилактического шока:..." → [1, 2, 3, 5] (score: 1.0) [5.39с]
07:16:48 | INFO    | Q043 ❌ "Клинические проявления церебрального варианта анафилактического шока:..." → [2, 3, 4] (score: 0.0) [42.13с]
07:16:48 | INFO    |       ⚠️ Ошибка: ожидалось [1, 2, 3], получено [2, 3, 4]
07:16:54 | INFO    | Q044 ✅ "Клинические проявления анафилактического шока:..." → [1, 2, 3, 4, 6] (score: 1.0) [5.11с]
07:17:00 | INFO    | Q045 ✅ "Особенности острого злокачественного течения анафилактического шока:..." → [2, 3, 4] (score: 1.0) [5.18с]
07:17:04 | INFO    | Q046 ❌ "Лекарственные средства, наиболее часто вызывающие анафилактический шок:..." → [2, 3] (score: 0.0) [3.54с]
07:17:04 | INFO    |       ⚠️ Ошибка: ожидалось [2, 3, 4], получено [2, 3]
07:17:07 | INFO    | Q047 ❌ "Госпитализация пациента при анафилактическом шоке необходима, если:..." → [3] (score: 0.0) [3.11с]
07:17:07 | INFO    |       ⚠️ Ошибка: ожидалось [2], получено [3]
07:17:12 | INFO    | Q048 ✅ "Течение анафилактического шока бывает:..." → [1, 2, 4, 5] (score: 1.0) [4.05с]
07:17:16 | INFO    | Q049 ❌ "Мероприятия I-ой очереди в лечении лекарственного анафилактического шока:..." → [1, 4, 5, 6] (score: 0.0) [3.69с]
07:17:16 | INFO    |       ⚠️ Ошибка: ожидалось [1, 3, 4, 5, 6], получено [1, 4, 5, 6]
07:17:22 | INFO    | Q050 ✅ "В аптечке для оказания помощи при анафилактическом шоке должны быть лекарственны..." → [2, 3, 4, 5] (score: 1.0) [5.13с]
07:17:22 | INFO    | 💾 Прогресс сохранён (#50)
07:17:33 | INFO    | Q051 ✅ "Какие ограничения устанавливаются для государственных должностных и приравненных..." → [1, 2, 3] (score: 1.0) [10.73с]
07:17:43 | INFO    | Q052 ✅ "К коррупционными правонарушениям не относится:..." → [1, 2] (score: 1.0) [9.40с]
07:17:47 | INFO    | Q053 ✅ "Относится ли требование предоставления безвозмездной (спонсорской) помощи к прав..." → [1] (score: 1.0) [3.68с]
07:17:56 | INFO    | Q054 ✅ "Что является предметом взятки:..." → [1, 2] (score: 1.0) [8.34с]
07:18:02 | INFO    | Q055 ✅ "К выгодам имущественного характера можно отнести:..." → [1, 2, 4] (score: 1.0) [5.45с]
07:18:07 | INFO    | Q056 ✅ "Наказание за взяточничество предусматривает:..." → [1] (score: 1.0) [4.85с]
07:18:11 | INFO    | Q057 ❌ "Меры по противодействию коррупции включают:..." → [1, 2, 3] (score: 0.0) [3.72с]
07:18:11 | INFO    |       ⚠️ Ошибка: ожидалось [2, 3], получено [1, 2, 3]
07:18:16 | INFO    | Q058 ✅ "Виды ответственности при коррупционных правонарушениях..." → [2, 3, 4, 5] (score: 1.0) [4.30с]
07:18:24 | INFO    | Q059 ✅ "Кто является председателем комиссии по борьбе с коррупцией в организации?..." → [1] (score: 1.0) [7.16с]
07:18:28 | INFO    | Q060 ✅ "Когда сформировалась биоэтика?..." → [3] (score: 1.0) [3.96с]
07:18:28 | INFO    | 💾 Прогресс сохранён (#60)
07:18:34 | INFO    | Q061 ✅ "Какой международный биоэтический документ является элементом международного прав..." → [3] (score: 1.0) [5.31с]
07:18:38 | INFO    | Q062 ✅ "Выберите из перечисленных главные (основные) принципы биоэтики:..." → [1, 3, 4, 7] (score: 1.0) [3.16с]
07:18:45 | INFO    | Q063 ❌ "Выберите из перечисленных основные правила биоэтики:..." → [4, 5, 6] (score: 0.0) [6.82с]
07:18:45 | INFO    |       ⚠️ Ошибка: ожидалось [2, 4, 5], получено [4, 5, 6]
07:19:02 | INFO    | Q064 ❌ "Какие виды этических (биоэтических) комитетов (комиссий) существуют в Республике..." → [2, 3, 4, 5, 6] (score: 0.0) [16.61с]
07:19:02 | INFO    |       ⚠️ Ошибка: ожидалось [2, 3, 4], получено [2, 3, 4, 5, 6]
07:19:08 | INFO    | Q065 ✅ "Биоэтика – это..." → [1] (score: 1.0) [5.40с]
07:19:12 | INFO    | Q066 ✅ "Основателем биоэтики считается..." → [6] (score: 1.0) [2.81с]
07:19:20 | INFO    | Q067 ❌ "К основным моделям взаимоотношений врача и пациента относят..." → [1, 2, 4, 5] (score: 0.0) [8.41с]
07:19:20 | INFO    |       ⚠️ Ошибка: ожидалось [1, 2, 5, 6], получено [1, 2, 4, 5]
07:19:25 | INFO    | Q068 ✅ "Основной принцип гиппократовой модели медицинской этики..." → [1] (score: 1.0) [3.67с]
07:19:34 | INFO    | Q069 ✅ "Основной принцип медицинской этики Парацельса..." → [1] (score: 1.0) [9.25с]
07:19:40 | INFO    | Q070 ✅ "Патернализм (в медицине) это..." → [1] (score: 1.0) [4.94с]
07:19:40 | INFO    | 💾 Прогресс сохранён (#70)
07:19:46 | INFO    | Q071 ❌ "Какие вопросы должны быть оговорены при подписании документа об информированном ..." → [1, 2, 3] (score: 0.0) [5.60с]
07:19:46 | INFO    |       ⚠️ Ошибка: ожидалось [1, 2, 3, 4], получено [1, 2, 3]
07:19:57 | INFO    | Q072 ❌ "Какие из нижеперечисленных правовых позиций посмертного забора органов для транс..." → [2, 3] (score: 0.0) [10.30с]
07:19:57 | INFO    |       ⚠️ Ошибка: ожидалось [1, 2, 3], получено [2, 3]
07:20:02 | INFO    | Q073 ✅ "Какая из нижеперечисленных правовых позиций посмертного забора органов для транс..." → [1] (score: 1.0) [4.33с]
07:20:07 | INFO    | Q074 ✅ "Эвтаназия (включая активную и пассивную) это..." → [1, 4] (score: 1.0) [5.21с]
07:20:17 | INFO    | Q075 ✅ "Согласно классической стратегии хосписного движения..." → [1] (score: 1.0) [9.41с]
07:20:22 | INFO    | Q076 ✅ "В соответствии с Законом о вспомогательных репродуктивных технологиях (ВРТ) Респ..." → [2, 3, 5] (score: 1.0) [4.50с]
07:20:29 | INFO    | Q077 ❌ "Социальными показаниями для искусственного прерывания беременности в срок не бол..." → [1, 2, 5, 7] (score: 0.0) [6.41с]
07:20:29 | INFO    |       ⚠️ Ошибка: ожидалось [5, 7], получено [1, 2, 5, 7]
07:20:35 | INFO    | Q078 ❌ "Перечень социальных показаний для искусственного прерывания беременности утвержд..." → [2] (score: 0.0) [4.98с]
07:20:35 | INFO    |       ⚠️ Ошибка: ожидалось [1], получено [2]
07:20:42 | INFO    | Q079 ❌ "Этические проблемы современной психиатрии связаны с..." → [1, 2, 3, 4] (score: 0.0) [7.00с]
07:20:42 | INFO    |       ⚠️ Ошибка: ожидалось [1, 2, 4], получено [1, 2, 3, 4]
07:20:46 | INFO    | Q080 ✅ "Этические проблемы применения плацебо в исследовании связаны с..." → [2, 3] (score: 1.0) [3.75с]
07:20:46 | INFO    | 💾 Прогресс сохранён (#80)
07:23:06 | ERROR   | Q081 ❌ API ERROR: Таймаут запроса
07:23:10 | INFO    | Q082 ✅ "Необходимо ли перед началом проведения биомедицинского исследования(испытания) п..." → [3] (score: 1.0) [3.43с]
07:23:14 | INFO    | Q083 ✅ "Биоэтический принцип 3R (касающийся исследования на лабораторных животных) требу..." → [1, 2, 4] (score: 1.0) [3.63с]
07:23:18 | INFO    | Q084 ✅ "Имеет ли право дееспособный (автономный) пациент отозвать свое согласие на прове..." → [1] (score: 1.0) [3.62с]
07:23:22 | INFO    | Q085 ✅ "Имеет ли право дееспособный (автономный) участник исследований отозвать свое сог..." → [2] (score: 1.0) [3.11с]
07:23:31 | INFO    | Q086 ❌ "В соответствии с современными этико-правовыми нормами имеет ли право лечащий вра..." → [1] (score: 0.0) [9.18с]
07:23:31 | INFO    |       ⚠️ Ошибка: ожидалось [1, 2], получено [1]
07:23:41 | INFO    | Q087 ✅ "Согласие на медицинское вмешательство/лечение/профилактические меры должно быть..." → [1, 4, 5] (score: 1.0) [8.82с]
07:23:50 | INFO    | Q088 ✅ "Согласие на простое медицинское вмешательство (ПМВ) в соответствии с Законом «О ..." → [1, 4] (score: 1.0) [8.62с]
07:23:53 | INFO    | Q089 ✅ "Форма согласия пациента на сложное медицинское вмешательство утверждена..." → [3] (score: 1.0) [3.22с]
07:23:58 | INFO    | Q090 ✅ "На территории Республики Беларусь осуществление эвтаназии..." → [3] (score: 1.0) [4.05с]
07:23:58 | INFO    | 💾 Прогресс сохранён (#90)
07:24:07 | INFO    | Q091 ✅ "В соответствии с Законом «О здравоохранении» близкие родственники – это..." → [2, 3, 4, 5, 7, 8, 9] (score: 1.0) [8.66с]
07:24:11 | INFO    | Q092 ✅ "Право на искусственное прерывание беременности относится к..." → [3] (score: 1.0) [3.32с]
07:24:15 | INFO    | Q093 ✅ "Идеология – это:..." → [3] (score: 1.0) [3.69с]
07:24:22 | INFO    | Q094 ❌ "Основные компоненты идеологии белорусского государства:..." → [1, 2, 3, 4, 6] (score: 0.0) [6.13с]
07:24:22 | INFO    |       ⚠️ Ошибка: ожидалось [1, 4, 5, 6], получено [1, 2, 3, 4, 6]
07:24:25 | INFO    | Q095 ✅ "Кто ввел термин «идеология»?..." → [6] (score: 1.0) [2.50с]
07:24:32 | INFO    | Q096 ✅ "На каком этапе развития в настоящее время находится идеология белорусского госуд..." → [1] (score: 1.0) [6.61с]
07:24:41 | INFO    | Q097 ✅ "В соответствии с Конституцией страны Республика Беларусь – это:..." → [2, 3, 4, 6] (score: 1.0) [8.33с]
07:24:49 | INFO    | Q098 ❌ "Демократия в Республике Беларусь осуществляется на основе:..." → [2] (score: 0.0) [7.84с]
07:24:49 | INFO    |       ⚠️ Ошибка: ожидалось [1], получено [2]
07:24:53 | INFO    | Q099 ✅ "Какое общественно-политическое течение придерживается следующих принципов – своб..." → [1] (score: 1.0) [3.08с]
07:24:56 | INFO    | Q100 ✅ "Какое общественно-политическое течение придерживается следующих принципов – прив..." → [2] (score: 1.0) [2.56с]
07:24:56 | INFO    | 💾 Прогресс сохранён (#100)
07:25:01 | INFO    | Q101 ✅ "Какое общественно-политическое течение придерживается принципов социальной справ..." → [3] (score: 1.0) [4.30с]
07:25:05 | INFO    | Q102 ✅ "Государственная власть в Республике Беларусь разделена на:..." → [2] (score: 1.0) [3.69с]
07:25:09 | INFO    | Q103 ✅ "Ветви государственной власти в Республике Беларусь делятся на:..." → [1] (score: 1.0) [3.73с]
07:25:13 | INFO    | Q104 ✅ "Законодательным органом Республики Беларусь является:..." → [3] (score: 1.0) [3.80с]
07:25:18 | INFO    | Q105 ✅ "Административно-территориальное деление Республики Беларусь определяется:..." → [1] (score: 1.0) [4.20с]
07:25:23 | INFO    | Q106 ✅ "Символами Республики Беларусь как суверенного государства являются:..." → [1, 2, 4] (score: 1.0) [4.39с]
07:25:27 | INFO    | Q107 ✅ "Выборы депутатов в Республике Беларусь в соответствии с Конституцией являются :..." → [4] (score: 1.0) [3.93с]
07:25:33 | INFO    | Q108 ✅ "Всебелорусское народное собрание в соответствии с Конституцией Республики Белару..." → [2] (score: 1.0) [4.81с]
07:25:52 | INFO    | Q109 ❌ "Компетенция, порядок формирования и деятельности Всебелорусского народного собра..." → [3] (score: 0.0) [18.44с]
07:25:52 | INFO    |       ⚠️ Ошибка: ожидалось [2], получено [3]
07:26:07 | INFO    | Q110 ✅ "Решения, принятые референдумом, могут быть изменены или отменены:..." → [2] (score: 1.0) [15.42с]
07:26:08 | INFO    | 💾 Прогресс сохранён (#110)
07:26:17 | INFO    | Q111 ✅ "Бесплатное лечение за счет государственных средств в порядке, установленном зако..." → [1] (score: 1.0) [9.32с]
07:26:25 | INFO    | Q112 ❌ "Приоритеты социально-экономического развития Республики Беларусь на 2021–2025 гг..." → [1, 2, 3, 4, 5] (score: 0.0) [7.45с]
07:26:25 | INFO    |       ⚠️ Ошибка: ожидалось [1, 2, 3, 4], получено [1, 2, 3, 4, 5]
07:26:42 | INFO    | Q113 ❌ "Государственную политику в области здравоохранения определяет:..." → [5] (score: 0.0) [16.42с]
07:26:42 | INFO    |       ⚠️ Ошибка: ожидалось [2], получено [5]
07:26:55 | INFO    | Q114 ✅ "Целевой показатель ожидаемой продолжительности жизни населения Республики Белару..." → [1] (score: 1.0) [12.66с]
07:27:05 | INFO    | Q115 ✅ "Основные типы социально-экономического развития:..." → [1, 2, 3, 4] (score: 1.0) [8.89с]
07:27:10 | INFO    | Q116 ✅ "Особенности белоруской модели социально-экономического развития:..." → [3, 4, 5] (score: 1.0) [4.99с]
07:27:16 | INFO    | Q117 ✅ "Совокупность Целей устойчивого развития как отражение глобальных мировых преобра..." → [1] (score: 1.0) [5.10с]
07:27:21 | INFO    | Q118 ✅ "Цели устойчивого развития приняты:..." → [1] (score: 1.0) [4.34с]
07:27:29 | INFO    | Q119 ❌ "Стратегическим целями в развитии здравоохранения до 2035 года является:..." → [1, 2, 3, 5, 6] (score: 0.0) [7.90с]
07:27:29 | INFO    |       ⚠️ Ошибка: ожидалось [2, 3, 5], получено [1, 2, 3, 5, 6]
07:27:34 | INFO    | Q120 ❌ "Кто провозгласил, что идеология должна лежать в основе политики?..." → [3] (score: 0.0) [3.96с]
07:27:34 | INFO    |       ⚠️ Ошибка: ожидалось [1], получено [3]
07:27:34 | INFO    | 💾 Прогресс сохранён (#120)
07:27:37 | INFO    | Q121 ✅ "Какая идеология придерживается принципов тоталитаризма, пропагандой превосходств..." → [1] (score: 1.0) [2.94с]
07:27:46 | INFO    | Q122 ❌ "Назовите 2 компонента цели государственной программы «Здоровье народа и демограф..." → [2, 4] (score: 0.0) [8.95с]
07:27:46 | INFO    |       ⚠️ Ошибка: ожидалось [3, 4], получено [2, 4]
07:27:53 | INFO    | Q123 ❌ "В соответствии с Конституцией Республикой Беларусь реализуется политика..." → [3] (score: 0.0) [5.84с]
07:27:53 | INFO    |       ⚠️ Ошибка: ожидалось [2], получено [3]
07:27:57 | INFO    | Q124 ✅ "Гарантом Конституции в Республике Беларусь выступает..." → [3] (score: 1.0) [3.57с]
07:28:11 | INFO    | Q125 ❌ "Сколько раз в Конституцию Республики Беларусь вносились изменения..." → [1] (score: 0.0) [14.06с]
07:28:11 | INFO    |       ⚠️ Ошибка: ожидалось [3], получено [1]
07:28:17 | INFO    | Q126 ❌ "Норма о едином Дне голосования изначально внесена в Конституцию Республики Белар..." → [1] (score: 0.0) [4.93с]
07:28:17 | INFO    |       ⚠️ Ошибка: ожидалось [2], получено [1]
07:28:21 | INFO    | Q127 ✅ "Что изучает клиническая фармакология?..." → [2] (score: 1.0) [3.44с]
07:28:27 | INFO    | Q128 ✅ "В какое учреждение необходимо рапортовать о нежелательном эффекте ЛС?..." → [3] (score: 1.0) [5.15с]
07:28:31 | INFO    | Q129 ✅ "Что Вы понимаете под термином непатентованное международное название ЛС?..." → [2] (score: 1.0) [4.05с]
07:28:36 | INFO    | Q130 ❌ "Какое наименование ЛС следует указывать при выписывании рецепта?..." → [3] (score: 0.0) [4.06с]
07:28:36 | INFO    |       ⚠️ Ошибка: ожидалось [2], получено [3]
07:28:36 | INFO    | 💾 Прогресс сохранён (#130)
07:28:40 | INFO    | Q131 ✅ "Что обозначают буквенные сочетания SR, Лонг, ретард, стоящие после названия ЛС?..." → [3] (score: 1.0) [4.09с]
07:28:44 | INFO    | Q132 ✅ "Что Вы понимаете под термином этиотропная фармакотерапия?..." → [4] (score: 1.0) [3.68с]
07:28:49 | INFO    | Q133 ✅ "Что Вы понимаете под термином патогенетическая фармакотерапия?..." → [3] (score: 1.0) [4.11с]
07:28:52 | INFO    | Q134 ✅ "Что Вы понимаете под термином заместительная фармакотерапия?..." → [4] (score: 1.0) [2.46с]
07:28:56 | INFO    | Q135 ✅ "Что Вы понимаете под термином симптоматическая фармакотерапия?..." → [1] (score: 1.0) [3.49с]
07:28:59 | INFO    | Q136 ✅ "Что Вы понимаете под термином профилактическое применение ЛС?..." → [4] (score: 1.0) [2.80с]
07:29:04 | INFO    | Q137 ✅ "Что Вы понимаете термином паллиативная фармакотерапия?..." → [1] (score: 1.0) [4.58с]
07:29:09 | INFO    | Q138 ✅ "Какие пути введения ЛС относятся к энтеральным?..." → [4] (score: 1.0) [4.00с]
07:29:13 | INFO    | Q139 ✅ "Какие пути введения ЛС относятся к парентеральным?..." → [1] (score: 1.0) [4.06с]
07:29:20 | INFO    | Q140 ✅ "Какие факторы влияют на всасывание ЛС в ЖКТ?..." → [3] (score: 1.0) [6.02с]
07:29:20 | INFO    | 💾 Прогресс сохранён (#140)
07:29:24 | INFO    | Q141 ✅ "Что Вы понимаете под термином пресистемная элиминация?..." → [3] (score: 1.0) [3.81с]
07:29:28 | INFO    | Q142 ✅ "Что понимают под термином терапевтический мониторинг лекарств?..." → [3] (score: 1.0) [3.38с]
07:29:33 | INFO    | Q143 ✅ "Какой из перечисленных НПВС оказывает выраженное обезболивающее действие?..." → [3] (score: 1.0) [4.69с]
07:29:38 | INFO    | Q144 ❌ "Какой из перечисленных НПВС оказывает выраженное жаропонижающее действие?..." → [3] (score: 0.0) [4.42с]
07:29:38 | INFO    |       ⚠️ Ошибка: ожидалось [2], получено [3]
07:29:42 | INFO    | Q145 ✅ "Какие из препаратов относятся к гиполипидемическим ЛС?..." → [1, 3] (score: 1.0) [3.19с]
07:29:46 | INFO    | Q146 ✅ "Основным показанием к назначению блокаторов Н2-рецепторов является:..." → [5] (score: 1.0) [4.00с]
07:29:51 | INFO    | Q147 ✅ "Какое из перечисленных средств, используемых для лечения язвенной болезни желудк..." → [3] (score: 1.0) [4.39с]
07:29:56 | INFO    | Q148 ✅ "Какое из антацидных, обволакивающих и абсорбирующих ЛС оказывает системное дейст..." → [4] (score: 1.0) [3.78с]
07:30:00 | INFO    | Q149 ✅ "Отметить антибиотики широкого спектра действия из группы пенициллинов:..." → [2, 4] (score: 1.0) [3.54с]
07:30:04 | INFO    | Q150 ✅ "Укажите препарат длительного действия из группы тетрациклинов с биодоступностью ..." → [4] (score: 1.0) [3.98с]
07:30:04 | INFO    | 💾 Прогресс сохранён (#150)
07:30:09 | INFO    | Q151 ✅ "Отметить препарат, обладающий наиболее широким спектром противовирусного действи..." → [4] (score: 1.0) [4.55с]
07:30:13 | INFO    | Q152 ✅ "Антибиотики группы пенициллинов наиболее часто вызывают:..." → [3] (score: 1.0) [3.37с]
07:30:18 | INFO    | Q153 ✅ "Укажите механизм действия фторхинолонов:..." → [2] (score: 1.0) [4.01с]
07:30:21 | INFO    | Q154 ✅ "Какие антибиотики наиболее часто вызывают ото- и нефротоксичность?..." → [2] (score: 1.0) [3.17с]
07:30:26 | INFO    | Q155 ✅ "Какой из антибиотиков наиболее часто вызывает псевдомембранозный колит?..." → [4] (score: 1.0) [3.75с]
07:30:33 | INFO    | Q156 ❌ "Какие из ингибиторов АПФ оказывают гипотензивное действие при сублингвальном при..." → [1] (score: 0.0) [7.36с]
07:30:33 | INFO    |       ⚠️ Ошибка: ожидалось [1, 4], получено [1]
07:30:37 | INFO    | Q157 ✅ "Какой из ингаляторных бронхолитиков купирует приступ бронхиальной астмы?..." → [4] (score: 1.0) [2.64с]
07:30:40 | INFO    | Q158 ✅ "Какой антиангинальный препарат купирует приступ стенокардии?..." → [2] (score: 1.0) [3.23с]
07:30:45 | INFO    | Q159 ✅ "Укажите антибиотик малоактивный в отношении пневмококка:..." → [3] (score: 1.0) [3.78с]
07:30:51 | INFO    | Q160 ✅ "Какой местный антимикотик разрешен к применению беременным и кормящим?..." → [1] (score: 1.0) [5.95с]
07:30:51 | INFO    | 💾 Прогресс сохранён (#160)
07:30:57 | INFO    | Q161 ✅ "Показания к применению пирантела:..." → [2, 4] (score: 1.0) [5.13с]
07:31:04 | INFO    | Q162 ❌ "При системных микозах эффективны:..." → [1, 2, 4] (score: 0.0) [6.74с]
07:31:04 | INFO    |       ⚠️ Ошибка: ожидалось [1, 2], получено [1, 2, 4]
07:31:09 | INFO    | Q163 ✅ "Биодоступность:..." → [3] (score: 1.0) [4.25с]
07:31:14 | INFO    | Q164 ✅ "Какое из следующих гипотензивных ЛС действует путем блокады периферических α1-ад..." → [3] (score: 1.0) [4.43с]
07:31:18 | INFO    | Q165 ✅ "Какой из перечисленных побочных эффектов не характерен для ингибиторов АПФ?..." → [3] (score: 1.0) [3.62с]
07:31:23 | INFO    | Q166 ✅ "К сердечным гликозидам относится:..." → [2, 4] (score: 1.0) [4.66с]
07:31:26 | INFO    | Q167 ✅ "Из нижеперечисленных антибиотиков к группе аминогликозидов относится:..." → [2] (score: 1.0) [2.82с]
07:31:31 | INFO    | Q168 ✅ "Комбинация гентамицина и амикацина считается:..." → [1] (score: 1.0) [4.01с]
07:31:35 | INFO    | Q169 ✅ "Основным механизмом действия нестероидных противовоспалительных средств является..." → [1] (score: 1.0) [3.85с]
07:31:40 | INFO    | Q170 ✅ "Основным фармакодинамическим эффектом нестероидных противовоспалительных средств..." → [4] (score: 1.0) [4.00с]
07:31:40 | INFO    | 💾 Прогресс сохранён (#170)
07:31:43 | INFO    | Q171 ✅ "Укажите характерный для нифедипина фармакодинамический эффект:..." → [3] (score: 1.0) [2.83с]
07:31:47 | INFO    | Q172 ✅ "Период полувыведения лекарственного средства (т1/2 ) — это:..." → [3] (score: 1.0) [4.04с]
07:31:53 | INFO    | Q173 ✅ "Укажите антибиотики из группы фторхинолонов с антианаэробной активностью:..." → [2] (score: 1.0) [4.96с]
07:31:57 | INFO    | Q174 ✅ "Назовите фторхинолон максимально подавляющий синегнойную палочку:..." → [4] (score: 1.0) [3.34с]
07:32:01 | INFO    | Q175 ✅ "Какой микроорганизм является наиболее вероятным возбудителем при некротизирующим..." → [4] (score: 1.0) [4.04с]
07:32:06 | INFO    | Q176 ❌ "Антибиотик выбора для лечения остеомиелита:..." → [3] (score: 0.0) [3.70с]
07:32:06 | INFO    |       ⚠️ Ошибка: ожидалось [2], получено [3]
07:32:12 | INFO    | Q177 ✅ "Назовите лекарственные средства с антисекреторным действием для лечения острого ..." → [2] (score: 1.0) [5.95с]
07:32:17 | INFO    | Q178 ✅ "Антибиотики выбора для лечения эмпиемы плевры:..." → [2] (score: 1.0) [4.55с]
07:32:24 | INFO    | Q179 ✅ "Укажите местное средство для снятия боли при остром геморрое:..." → [1] (score: 1.0) [6.35с]
07:32:29 | INFO    | Q180 ❌ "Назовите лекарственное средство для профилактики ТЭЛА при сочетанной травме нижн..." → [3] (score: 0.0) [4.79с]
07:32:29 | INFO    |       ⚠️ Ошибка: ожидалось [4], получено [3]
07:32:29 | INFO    | 💾 Прогресс сохранён (#180)
07:32:34 | INFO    | Q181 ✅ "Какое осложнение можно ожидать при применении кеторолака (кетанова) внутримышечн..." → [4] (score: 1.0) [3.96с]
07:32:37 | INFO    | Q182 ✅ "К β-лактамных антибиотикам относятся:..." → [3, 5] (score: 1.0) [3.13с]
07:32:42 | INFO    | Q183 ✅ "Антибиотик выбора для лечения инфекций, вызванной полирезистентной гр+ флорой:..." → [4] (score: 1.0) [3.83с]
07:32:47 | INFO    | Q184 ✅ "Назовите антибиотики для предоперационной антибиотикопрофилактики:..." → [2] (score: 1.0) [4.62с]
07:32:52 | INFO    | Q185 ✅ "Антианаэробной активностью обладают следующие антибиотики:..." → [2, 3] (score: 1.0) [4.32с]
07:32:58 | INFO    | Q186 ✅ "Назовите антибиотики для лечения синегнойной палочкой:..." → [2, 5] (score: 1.0) [5.61с]
07:33:01 | INFO    | Q187 ✅ "Укажите наиболее частые причины возникновения приступов стенокардии напряжения:..." → [3, 5] (score: 1.0) [3.27с]
07:33:05 | INFO    | Q188 ✅ "Антибиотик выбора для лечения острого цистита:..." → [4] (score: 1.0) [3.40с]
07:33:10 | INFO    | Q189 ❌ "Укажите лекарственное средство для купирования гипертонического криза, противопо..." → [4] (score: 0.0) [4.36с]
07:33:10 | INFO    |       ⚠️ Ошибка: ожидалось [2], получено [4]
07:33:14 | INFO    | Q190 ✅ "К макролидным антибиотикам относятся все, кроме:..." → [3] (score: 1.0) [3.06с]
07:33:14 | INFO    | 💾 Прогресс сохранён (#190)
07:33:20 | INFO    | Q191 ✅ "К «защищенным» β-лактамам относятся все, кроме:..." → [2, 3] (score: 1.0) [5.58с]
07:33:25 | INFO    | Q192 ✅ "Количественным выражением активности антибактериального препарата является:..." → [1] (score: 1.0) [4.94с]
07:33:30 | INFO    | Q193 ✅ "Антибиотик выбора для лечения острого простатита:..." → [4] (score: 1.0) [4.43с]
07:33:36 | INFO    | Q194 ✅ "К уроантисептикам относятся:..." → [3, 4] (score: 1.0) [4.74с]
07:33:40 | INFO    | Q195 ✅ "Какой из следующих режимов является лучшим при назначении аминогликозидов?..." → [4] (score: 1.0) [3.84с]
07:33:47 | INFO    | Q196 ✅ "Нефротоксичными являются все перечисленные антибактериальные препараты, кроме:..." → [2] (score: 1.0) [7.10с]
07:33:52 | INFO    | Q197 ✅ "Применение каких антимикробных препаратов наиболее безопасно во время беременнос..." → [5] (score: 1.0) [4.17с]
07:33:57 | INFO    | Q198 ✅ "При наличии почечной недостаточности не требуется коррекция доз препаратов:..." → [3] (score: 1.0) [3.92с]
07:34:02 | INFO    | Q199 ✅ "Меропенем в сравнении с имипенемом обладает:..." → [2] (score: 1.0) [5.31с]
07:34:08 | INFO    | Q200 ❌ "Бактерицидным эффектом обладают все перечисленные препараты, кроме:..." → [1] (score: 0.0) [4.72с]
07:34:08 | INFO    |       ⚠️ Ошибка: ожидалось [1, 3], получено [1]
07:34:08 | INFO    | 💾 Прогресс сохранён (#200)
07:34:12 | INFO    | Q201 ❌ "Наиболее частой нежелательной лекарственной реакцией, приводящей к летальному ис..." → [3] (score: 0.0) [3.84с]
07:34:12 | INFO    |       ⚠️ Ошибка: ожидалось [1], получено [3]
07:34:17 | INFO    | Q202 ✅ "Для АБТ уретрита ассоциированного с Mycoplasma genitalium может быть назначен:..." → [1] (score: 1.0) [4.32с]
07:34:28 | INFO    | Q203 ✅ "При патологии почек возникают следующие изменения фармакокинетики лекарств, кром..." → [4] (score: 1.0) [11.10с]
07:34:33 | INFO    | Q204 ✅ "Укажите препарат, который нельзя использовать при синусовой тахикардии:..." → [3] (score: 1.0) [3.68с]
07:34:37 | INFO    | Q205 ✅ "Укажите снотворные лекарственные средства, минимально влияющие на структуру сна:..." → [3] (score: 1.0) [3.84с]
07:34:41 | INFO    | Q206 ✅ "Какой из антибиотиков вызывает угнетение кроветворения (анемия, лейкопения, агра..." → [3] (score: 1.0) [3.58с]
07:34:45 | INFO    | Q207 ✅ "Какое ЛС должно использоваться в первую очередь при анафилактическом шоке?..." → [4] (score: 1.0) [3.80с]
07:34:52 | INFO    | Q208 ✅ "Какой из перечисленных ЛС является препаратом выбора при нестерпимых болях (кард..." → [1] (score: 1.0) [6.54с]
07:34:56 | INFO    | Q209 ✅ "Какой самый высокий уровень доказательности данных, на которых основываются реко..." → [3] (score: 1.0) [3.65с]
07:35:00 | INFO    | Q210 ✅ "Назовите лекарственные средства для восстановления сна при дисинхронозе:..." → [2] (score: 1.0) [3.23с]
07:35:00 | INFO    | 💾 Прогресс сохранён (#210)
07:35:05 | INFO    | Q211 ❌ "Назовите препарат выбора из местных анестетиков во время беременности:..." → [2] (score: 0.0) [3.95с]
07:35:05 | INFO    |       ⚠️ Ошибка: ожидалось [1], получено [2]
07:35:10 | INFO    | Q212 ❌ "Назовите противогрибковые ЛС, которые практически не всасываются в ЖКТ:..." → [1, 3] (score: 0.0) [5.15с]
07:35:10 | INFO    |       ⚠️ Ошибка: ожидалось [1], получено [1, 3]
07:35:18 | INFO    | Q213 ✅ "Какой из антисептиков подавляет анаэробы в ране?..." → [4] (score: 1.0) [7.11с]
07:35:22 | INFO    | Q214 ✅ "Назовите ЛС для купирования приступа подагры:..." → [3] (score: 1.0) [4.03с]
07:35:26 | INFO    | Q215 ✅ "Наиболее частым возбудителем внебольничной пневмонии является:..." → [1] (score: 1.0) [3.16с]
07:35:30 | INFO    | Q216 ✅ "Ступенчатая терапия пневмоний это:..." → [1] (score: 1.0) [3.52с]
07:35:38 | INFO    | Q217 ✅ "Незащищенные аминопенициллины активны в отношении:..." → [1, 4] (score: 1.0) [6.89с]
07:35:43 | INFO    | Q218 ✅ "Доказанным дополнительным противовоспалительным и иммуномодулирующим действием о..." → [5] (score: 1.0) [4.69с]
07:35:49 | INFO    | Q219 ❌ "Однократно в сутки при инфекциях дыхательных путей могут назначаться:..." → [2, 4, 5] (score: 0.0) [5.98с]
07:35:49 | INFO    |       ⚠️ Ошибка: ожидалось [4, 5], получено [2, 4, 5]
07:35:55 | INFO    | Q220 ✅ "Антисинегнойной активностью обладают все кроме:..." → [4] (score: 1.0) [4.85с]
07:35:55 | INFO    | 💾 Прогресс сохранён (#220)
07:35:58 | INFO    | Q221 ✅ "Тахифилаксия – это..." → [1, 4] (score: 1.0) [3.38с]
07:36:04 | INFO    | Q222 ✅ "При лечении больших припадков эпилепсии применяют..." → [2, 3] (score: 1.0) [4.53с]
07:36:12 | INFO    | Q223 ❌ "Снотворные средства..." → [1] (score: 0.0) [8.19с]
07:36:12 | INFO    |       ⚠️ Ошибка: ожидалось [1, 4], получено [1]
07:36:16 | INFO    | Q224 ✅ "Отметить наркотические (опиоидные) анальгетики..." → [2, 4] (score: 1.0) [3.48с]
07:36:22 | INFO    | Q225 ❌ "К инсулинам ультрабыстрого действия относят..." → [4, 5] (score: 0.0) [5.43с]
07:36:22 | INFO    |       ⚠️ Ошибка: ожидалось [4], получено [4, 5]
07:36:26 | INFO    | Q226 ✅ "Оптимальное место для введения короткого инсулина в..." → [3] (score: 1.0) [3.79с]
07:36:35 | INFO    | Q227 ❌ "Сколько этапов в организации экстренной медицинской помощи при ЧС?..." → [1] (score: 0.0) [7.87с]
07:36:35 | INFO    |       ⚠️ Ошибка: ожидалось [4], получено [1]
07:36:40 | INFO    | Q228 ✅ "Что такое система лечебно-эвакуационного обеспечения при ЧС?..." → [3] (score: 1.0) [4.76с]
07:36:44 | INFO    | Q229 ✅ "Перечислите поражающие факторы чрезвычайных ситуаций:..." → [3] (score: 1.0) [3.49с]
07:36:54 | INFO    | Q230 ✅ "Определения понятия «этап медицинской эвакуации»..." → [4] (score: 1.0) [9.13с]
07:36:54 | INFO    | 💾 Прогресс сохранён (#230)
07:37:00 | INFO    | Q231 ✅ "Дайте определение медицинской сортировке..." → [5] (score: 1.0) [5.87с]
07:37:05 | INFO    | Q232 ✅ "Дайте определение понятию «первичный осмотр»..." → [3] (score: 1.0) [4.08с]
07:37:11 | INFO    | Q233 ✅ "Цель медицинской сортировки заключается в:..." → [4] (score: 1.0) [6.19с]
07:37:16 | INFO    | Q234 ✅ "Подозрительное на бешенство животное нанесло глубокую рану голени пострадавшему...." → [1] (score: 1.0) [3.93с]
07:37:20 | INFO    | Q235 ✅ "Защита при действии хлора:..." → [2] (score: 1.0) [3.48с]
07:37:25 | INFO    | Q236 ✅ "Защита при действии сероводорода:..." → [1] (score: 1.0) [4.50с]
07:37:28 | INFO    | Q237 ✅ "Защита при действии аммиака:..." → [3] (score: 1.0) [2.94с]
07:37:41 | INFO    | Q238 ❌ "Схема йодной профилактики при радиационных авариях для детей от 3 до 14 лет:..." → [3] (score: 0.0) [11.84с]
07:37:41 | INFO    |       ⚠️ Ошибка: ожидалось [4], получено [3]
07:37:49 | INFO    | Q239 ❌ "Схема йодной профилактики при радиационных авариях для взрослого населения:..." → [4] (score: 0.0) [8.08с]
07:37:49 | INFO    |       ⚠️ Ошибка: ожидалось [3], получено [4]
07:37:55 | INFO    | Q240 ❌ "Что понимают под термином “Катастрофа”?..." → [3, 4] (score: 0.0) [5.27с]
07:37:55 | INFO    |       ⚠️ Ошибка: ожидалось [1, 3, 4], получено [3, 4]
07:37:55 | INFO    | 💾 Прогресс сохранён (#240)
07:38:00 | INFO    | Q241 ✅ "Абсолютным симптомом переломов является:..." → [2] (score: 1.0) [4.35с]
07:38:03 | INFO    | Q242 ✅ "Для клинической картины острой кровопотери не характерно:..." → [3] (score: 1.0) [3.05с]
07:38:09 | INFO    | Q243 ✅ "Подтверждением правильности наложения кровоостанавливающего жгута является:..." → [4] (score: 1.0) [4.98с]
07:38:12 | INFO    | Q244 ✅ "Первая врачебная помощь при открытом наружном пневмотораксе:..." → [4] (score: 1.0) [2.86с]
07:38:16 | INFO    | Q245 ✅ "Укажите симптом ушиба мягких тканей головы у пострадавшего:..." → [2] (score: 1.0) [3.68с]
07:38:22 | INFO    | Q246 ✅ "Укажите симптомы легкой черепно-мозговой травмы:..." → [1] (score: 1.0) [5.17с]
07:38:27 | INFO    | Q247 ✅ "Медицинская этика и деонтология – это..." → [4] (score: 1.0) [3.99с]
07:38:30 | INFO    | Q248 ✅ "Главный принцип Гиппократовой модели медицинской этики -..." → [4] (score: 1.0) [3.37с]
07:38:39 | INFO    | Q249 ❌ "В каком виде должна излагаться информация пациенту о состоянии его здоровья/пред..." → [1, 2, 5] (score: 0.0) [8.28с]
07:38:39 | INFO    |       ⚠️ Ошибка: ожидалось [1, 5], получено [1, 2, 5]
07:38:44 | INFO    | Q250 ✅ "Расценивать ли как этически правильное и юридически законное подписание информир..." → [2, 3] (score: 1.0) [3.84с]
07:38:44 | INFO    | 💾 Прогресс сохранён (#250)
07:38:49 | INFO    | Q251 ✅ "Эмпатия в профессиональной деятельности врача – это..." → [2] (score: 1.0) [5.23с]
07:39:03 | INFO    | Q252 ❌ "Медицинское вмешательство осуществляется..." → [1, 3] (score: 0.0) [13.18с]
07:39:03 | INFO    |       ⚠️ Ошибка: ожидалось [1, 3, 4], получено [1, 3]
07:39:09 | INFO    | Q253 ✅ "Уважение частной жизни пациента со стороны лечащего врача предполагает..." → [3, 4] (score: 1.0) [5.95с]
07:39:17 | INFO    | Q254 ❌ "Модели взаимоотношений «врач – пациент»:..." → [1, 2, 3, 4, 5] (score: 0.0) [6.67с]
07:39:17 | INFO    |       ⚠️ Ошибка: ожидалось [1, 2, 3, 4], получено [1, 2, 3, 4, 5]
07:39:21 | INFO    | Q255 ✅ "Процесс информирования пациента перед подписанием информированного согласия пред..." → [2, 5] (score: 1.0) [4.10с]
07:39:27 | INFO    | Q256 ✅ "Сообщение о «плохих» новостях должно проводиться..." → [1] (score: 1.0) [5.60с]
07:39:32 | INFO    | Q257 ✅ "Американский протокол SPIKES определяет..." → [4] (score: 1.0) [3.79с]
07:39:41 | INFO    | Q258 ❌ "Согласно Э.Кюблер-Рос основные психологические стадии болезни у пациентов включа..." → [2, 3, 4, 5, 6] (score: 0.0) [9.37с]
07:39:41 | INFO    |       ⚠️ Ошибка: ожидалось [1, 2, 3, 5, 6], получено [2, 3, 4, 5, 6]
07:39:45 | INFO    | Q259 ✅ "Для сообщения о плохих новостях пациенту врачу лучше всего..." → [3] (score: 1.0) [3.45с]
07:39:52 | INFO    | Q260 ❌ "Протокол SPICES, подготовленный американскими онкологами Bailea, Buckman и др. п..." → [3] (score: 0.0) [6.38с]
07:39:52 | INFO    |       ⚠️ Ошибка: ожидалось [3, 4], получено [3]
07:39:52 | INFO    | 💾 Прогресс сохранён (#260)
07:39:56 | INFO    | Q261 ✅ "Правила медицинской этики и деонтологии утверждены..." → [2] (score: 1.0) [3.17с]
07:40:12 | INFO    | Q262 ❌ "Профессиональная деятельность медицинских, фармацевтических работников основывае..." → [1, 3, 4, 5, 6] (score: 0.0) [15.31с]
07:40:12 | INFO    |       ⚠️ Ошибка: ожидалось [1, 2, 3, 4, 6, 8], получено [1, 3, 4, 5, 6]
07:40:20 | INFO    | Q263 ✅ "Принцип гуманизма заключается в проявлении медицинскими, фармацевтическими работ..." → [1, 2, 3, 5, 6, 7] (score: 1.0) [7.84с]
07:40:32 | INFO    | Q264 ❌ "Принцип профессионализма включает в себя..." → [1, 2, 3, 4, 5, 7, 8] (score: 0.0) [10.96с]
07:40:32 | INFO    |       ⚠️ Ошибка: ожидалось [1, 2, 4, 6, 7], получено [1, 2, 3, 4, 5, 7, 8]
07:40:36 | INFO    | Q265 ❌ "Взаимоотношения медицинских, фармацевтических работников с коллегами строятся на..." → [1, 2, 3] (score: 0.0) [3.48с]
07:40:36 | INFO    |       ⚠️ Ошибка: ожидалось [1, 2], получено [1, 2, 3]
07:40:40 | INFO    | Q266 ❌ "Сердечно-легочная реанимация – это..." → [2] (score: 0.0) [3.75с]
07:40:40 | INFO    |       ⚠️ Ошибка: ожидалось [3], получено [2]
07:40:45 | INFO    | Q267 ✅ "Указать периоды развития терминальных состояний:..." → [1, 2, 4] (score: 1.0) [4.20с]
07:40:55 | INFO    | Q268 ❌ "Период угасания жизненно важных функций состоит из:..." → [2, 3] (score: 0.0) [10.25с]
07:40:55 | INFO    |       ⚠️ Ошибка: ожидалось [1, 2, 3], получено [2, 3]
07:41:03 | INFO    | Q269 ❌ "Основные признаки предагонии:..." → [1, 2, 3] (score: 0.0) [6.88с]
07:41:03 | INFO    |       ⚠️ Ошибка: ожидалось [1, 3, 4], получено [1, 2, 3]
07:41:10 | INFO    | Q270 ✅ "Основные признаки агонии:..." → [4] (score: 1.0) [6.41с]
07:41:10 | INFO    | 💾 Прогресс сохранён (#270)
07:41:15 | INFO    | Q271 ❌ "Клиническая смерть — это:..." → [1, 2, 3, 4] (score: 0.0) [5.05с]
07:41:15 | INFO    |       ⚠️ Ошибка: ожидалось [1, 2, 4], получено [1, 2, 3, 4]
07:41:22 | INFO    | Q272 ❌ "Длительность клинической смерти:..." → [1, 2] (score: 0.0) [6.55с]
07:41:22 | INFO    |       ⚠️ Ошибка: ожидалось [1, 2, 4], получено [1, 2]
07:41:28 | INFO    | Q273 ❌ "Признаки клинической смерти:..." → [1, 2, 3, 4] (score: 0.0) [5.31с]
07:41:28 | INFO    |       ⚠️ Ошибка: ожидалось [1, 2, 3], получено [1, 2, 3, 4]
07:41:32 | INFO    | Q274 ❌ "Время  констатации клинической смерти у пациента:..." → [1] (score: 0.0) [3.84с]
07:41:32 | INFO    |       ⚠️ Ошибка: ожидалось [2], получено [1]
07:41:37 | INFO    | Q275 ✅ "Наиболее часто встречаемая причина остановки сердца — это:..." → [1] (score: 1.0) [3.67с]
07:41:41 | INFO    | Q276 ✅ "Биологическая смерть - это:..." → [2, 3] (score: 1.0) [3.61с]
07:43:33 | INFO    | Q277 ❌ "Первые  признаки биологической смерти — это:..." → [2, 5] (score: 0.0) [111.88с]
07:43:33 | INFO    |       ⚠️ Ошибка: ожидалось [1, 2], получено [2, 5]
07:43:42 | INFO    | Q278 ✅ "Признаки биологической смерти, которые проверяются через 2 часа:..." → [1, 2, 4] (score: 1.0) [8.32с]
07:43:47 | INFO    | Q279 ❌ "Первая стадия сердечно-легочной и церебральной реанимации по Сафару называется:..." → [2] (score: 0.0) [4.96с]
07:43:47 | INFO    |       ⚠️ Ошибка: ожидалось [1], получено [2]
07:43:53 | INFO    | Q280 ❌ "Первая стадия сердечно-легочной и церебральной реанимации  выполняется:..." → [4] (score: 0.0) [5.14с]
07:43:53 | INFO    |       ⚠️ Ошибка: ожидалось [1], получено [4]
07:43:53 | INFO    | 💾 Прогресс сохранён (#280)
07:43:58 | INFO    | Q281 ✅ "При проведении первого этапа сердечно-легочной реанимации пациент лежит:..." → [4] (score: 1.0) [4.42с]
07:44:03 | INFO    | Q282 ❌ "Первый этап сердечно-легочной реанимации начинается с выполнения ступени "А" под..." → [3] (score: 0.0) [4.10с]
07:44:03 | INFO    |       ⚠️ Ошибка: ожидалось [4], получено [3]
07:44:06 | INFO    | Q283 ✅ ""Тройной прием Сафара" проводится для:..." → [3] (score: 1.0) [2.60с]
07:44:17 | INFO    | Q284 ✅ "Составляющие части "тройного приема Сафара" — это:..." → [2, 3, 4] (score: 1.0) [11.21с]
07:44:23 | INFO    | Q285 ✅ "Выдвижение нижней челюсти вниз и вперед проводится для:..." → [2, 3] (score: 1.0) [4.97с]
07:44:35 | INFO    | Q286 ❌ "Выполнение искусственной вентиляции легких (ИВЛ) методом "рот в рот":..." → [3] (score: 0.0) [11.67с]
07:44:35 | INFO    |       ⚠️ Ошибка: ожидалось [2], получено [3]
07:44:40 | INFO    | Q287 ✅ "Искусственная вентиляция легких при проведении сердечно-легочной реанимации проф..." → [2] (score: 1.0) [4.35с]
07:44:44 | INFO    | Q288 ✅ "Непрямой массаж сердца выполняется путем смещения грудины на глубину:..." → [3] (score: 1.0) [3.17с]
07:44:54 | INFO    | Q289 ✅ "Точка приложения рук на грудину при выполнении непрямого массажа:..." → [2, 4] (score: 1.0) [9.91с]
07:44:58 | INFO    | Q290 ✅ "Непрямой массаж сердца всегда проводится с:..." → [3] (score: 1.0) [3.91с]
07:44:58 | INFO    | 💾 Прогресс сохранён (#290)
07:45:10 | INFO    | Q291 ✅ "Сочетание непрямого массажа сердца и ИВЛ, согласно сердечно-легочной реанимации ..." → [2, 3] (score: 1.0) [11.06с]
07:45:21 | INFO    | Q292 ✅ "Длительность выполнения первой стадии сердечно-легочной реанимации:..." → [2, 3] (score: 1.0) [10.09с]
07:45:25 | INFO    | Q293 ✅ "Признаки эффективности выполнения первой стадии сердечно-легочной реанимации:..." → [1, 2, 4] (score: 1.0) [4.18с]
07:46:24 | INFO    | Q294 ✅ "Недопустимые ошибки при выполнении первой стадии сердечно-легочной реанимации по..." → [2, 3, 4] (score: 1.0) [58.67с]
07:46:29 | INFO    | Q295 ❌ "Возможные осложнения при проведении первой стадии сердечно-легочной реанимации п..." → [2, 3] (score: 0.0) [4.00с]
07:46:29 | INFO    |       ⚠️ Ошибка: ожидалось [1, 2, 3], получено [2, 3]
07:46:37 | INFO    | Q296 ❌ "Вторая стадия сердечно-легочной реанимации называется и проводится:..." → [2, 4] (score: 0.0) [7.67с]
07:46:37 | INFO    |       ⚠️ Ошибка: ожидалось [1, 2, 4], получено [2, 4]
07:46:41 | INFO    | Q297 ✅ "Если при снятии ЭКГ установлено, что у пациента фибрилляция желудочков, проводит..." → [4] (score: 1.0) [3.01с]
07:46:46 | INFO    | Q298 ✅ "Третья стадия сердечно-легочной реанимации называется и выполняется:..." → [1, 2, 4] (score: 1.0) [4.50с]
07:47:06 | INFO    | Q299 ✅ "Ступень "Н" третьей стадии сердечно-легочной реанимации проводится для:..." → [3] (score: 1.0) [19.76с]
07:47:11 | INFO    | Q300 ✅ "При экзотоксикозах требуется консультация психиатра:..." → [1] (score: 1.0) [4.32с]
07:47:11 | INFO    | 💾 Прогресс сохранён (#300)
07:47:16 | INFO    | Q301 ❌ "При отравлении уксусной эссенцией всегда проводится:..." → [4] (score: 0.0) [4.50с]
07:47:16 | INFO    |       ⚠️ Ошибка: ожидалось [1, 4], получено [4]
07:47:21 | INFO    | Q302 ❌ "Тяжесть отравления уксусной эссенцией в первые часы определяется по:..." → [1, 3] (score: 0.0) [4.70с]
07:47:21 | INFO    |       ⚠️ Ошибка: ожидалось [1, 4], получено [1, 3]
07:47:25 | INFO    | Q303 ❌ "При отравлении наркотиками морфинового ряда чаще встречается:..." → [2, 4] (score: 0.0) [3.91с]
07:47:25 | INFO    |       ⚠️ Ошибка: ожидалось [2, 3, 4], получено [2, 4]
07:47:29 | INFO    | Q304 ✅ "Антидот, используемый при отравлении наркотиками:..." → [1] (score: 1.0) [3.04с]
07:47:32 | INFO    | Q305 ✅ "Антидот, используемый при отравлении метиловым спиртом:..." → [4] (score: 1.0) [3.06с]
07:47:40 | INFO    | Q306 ❌ "Ведущие признаки при отравлении алкоголем:..." → [3, 4] (score: 0.0) [7.31с]
07:47:40 | INFO    |       ⚠️ Ошибка: ожидалось [2, 3, 4], получено [3, 4]
07:47:47 | INFO    | Q307 ❌ "Наиболее встречаемые причины летальности при отравлении алкоголем..." → [1, 2] (score: 0.0) [5.97с]
07:47:47 | INFO    |       ⚠️ Ошибка: ожидалось [1, 2, 4], получено [1, 2]
07:47:55 | INFO    | Q308 ❌ "Наиболее часто встречаемые признаки ботулизма:..." → [1, 2] (score: 0.0) [8.12с]
07:47:55 | INFO    |       ⚠️ Ошибка: ожидалось [1, 2, 4], получено [1, 2]
07:48:00 | INFO    | Q309 ✅ "Клинические признаки комы — это:..." → [1, 3] (score: 1.0) [4.27с]
07:48:03 | INFO    | Q310 ✅ "Степень тяжести комы определяют согласно:..." → [3] (score: 1.0) [2.76с]
07:48:03 | INFO    | 💾 Прогресс сохранён (#310)
07:48:06 | INFO    | Q311 ✅ "При транспортировке пациента в состоянии комы желательно положение:..." → [2] (score: 1.0) [2.44с]
07:48:12 | INFO    | Q312 ❌ "Основными клиническими признаками диабетической кетоацитотической комы являются:..." → [2, 4] (score: 0.0) [5.54с]
07:48:12 | INFO    |       ⚠️ Ошибка: ожидалось [1, 2, 4], получено [2, 4]
07:48:17 | INFO    | Q313 ✅ "Основными клиническими признаками диабетической гиперосмолярной комы являются:..." → [1, 3] (score: 1.0) [4.09с]
07:48:23 | INFO    | Q314 ❌ "Препаратом выбора при оказании неотложной медицинской помощи при диабетической г..." → [4] (score: 0.0) [5.49с]
07:48:23 | INFO    |       ⚠️ Ошибка: ожидалось [2], получено [4]
07:48:28 | INFO    | Q315 ✅ "Основными клиническими признаками гипогликемической комы являются:..." → [2, 3, 4] (score: 1.0) [4.50с]
07:48:32 | INFO    | Q316 ✅ "Препаратом выбора при оказании неотложной медицинской помощи при гипогликемическ..." → [2] (score: 1.0) [3.31с]
07:48:36 | INFO    | Q317 ✅ "Прием Хеймлиха выполняется для:..." → [1] (score: 1.0) [4.14с]
07:48:45 | INFO    | Q318 ✅ "Для восстановления проходимости верхних дыхательных путей при попадании инородно..." → [1, 2, 3] (score: 1.0) [8.24с]
07:48:54 | INFO    | Q319 ❌ "Клиническими признаками приступа бронхиальной астмы средней тяжести являются:..." → [2, 4] (score: 0.0) [8.20с]
07:48:54 | INFO    |       ⚠️ Ошибка: ожидалось [2, 3, 4], получено [2, 4]
07:49:04 | INFO    | Q320 ❌ "Объем оказания неотложной медицинской помощи при приступе бронхиальной астмы сре..." → [1, 2, 3] (score: 0.0) [9.19с]
07:49:04 | INFO    |       ⚠️ Ошибка: ожидалось [1, 2], получено [1, 2, 3]
07:49:04 | INFO    | 💾 Прогресс сохранён (#320)
07:49:11 | INFO    | Q321 ✅ "Ведущие признаки развития анафилактического шока:..." → [1, 4] (score: 1.0) [6.84с]
07:49:17 | INFO    | Q322 ✅ "Объем оказания неотложной медицинской помощи при анафилактическом шоке:..." → [1, 3, 4] (score: 1.0) [5.78с]
07:49:22 | INFO    | Q323 ❌ "Основные клинические признаки острого коронарного синдрома:..." → [1, 2, 4] (score: 0.0) [4.34с]
07:49:22 | INFO    |       ⚠️ Ошибка: ожидалось [2, 4], получено [1, 2, 4]
07:49:28 | INFO    | Q324 ✅ "Основные клинические признаки приступа стабильной стенокардии напряжения:..." → [2] (score: 1.0) [5.41с]
07:49:33 | INFO    | Q325 ❌ "Объем неотложной медицинской помощи при приступе стабильной стенокардии напряжен..." → [1, 3] (score: 0.0) [4.88с]
07:49:33 | INFO    |       ⚠️ Ошибка: ожидалось [1, 3, 4], получено [1, 3]
07:50:15 | INFO    | Q326 ✅ "Объем оказания неотложной медицинской помощи при остром коронарном синдроме:..." → [2, 3, 4] (score: 1.0) [41.11с]
07:50:21 | INFO    | Q327 ✅ "Клинические признаки истинного кардиогенного шока:..." → [1, 3, 4] (score: 1.0) [5.74с]
07:50:28 | INFO    | Q328 ❌ "Объем оказания неотложной медицинской помощи при кардиогенном шоке:..." → [1] (score: 0.0) [6.08с]
07:50:28 | INFO    |       ⚠️ Ошибка: ожидалось [1, 2], получено [1]
07:50:37 | INFO    | Q329 ❌ "Основные клинические признаки неосложненного гипертензивного криза (гиперкинетич..." → [1, 2, 3] (score: 0.0) [9.09с]
07:50:37 | INFO    |       ⚠️ Ошибка: ожидалось [1, 2], получено [1, 2, 3]
07:50:45 | INFO    | Q330 ✅ "Основные клинические признаки неосложненного гипертензивного криза (гипокинетиче..." → [1, 4] (score: 1.0) [7.56с]
07:50:45 | INFO    | 💾 Прогресс сохранён (#330)
07:50:51 | INFO    | Q331 ✅ "Объем оказания неотложной медицинской помощи при гипертензивном кризе (гиперкине..." → [1, 2, 4] (score: 1.0) [5.39с]
07:51:02 | INFO    | Q332 ❌ "Объем оказания неотложной медицинской помощи при гипертензивном (гипокинетическо..." → [1, 3, 4] (score: 0.0) [9.94с]
07:51:02 | INFO    |       ⚠️ Ошибка: ожидалось [2, 3], получено [1, 3, 4]
07:51:09 | INFO    | Q333 ❌ "Клинические признаки осложненного острой левожелудочковой сердечной недостаточно..." → [1, 2, 4] (score: 0.0) [7.01с]
07:51:09 | INFO    |       ⚠️ Ошибка: ожидалось [1, 2, 3, 4], получено [1, 2, 4]
07:51:17 | INFO    | Q334 ✅ "Объем неотложной медицинской помощи при осложненном острой левожелудочковой серд..." → [1, 3, 4] (score: 1.0) [7.17с]
07:51:24 | INFO    | Q335 ❌ "Клинические признаки осложненного острым нарушением мозгового кровообращения (ОН..." → [1, 2] (score: 0.0) [6.93с]
07:51:24 | INFO    |       ⚠️ Ошибка: ожидалось [1, 2, 4], получено [1, 2]
07:52:23 | INFO    | Q336 ❌ "Объем неотложной медицинской помощи  при осложненном ОНМК гипертензивном кризе:..." → [2] (score: 0.0) [58.05с]
07:52:23 | INFO    |       ⚠️ Ошибка: ожидалось [1, 3, 4], получено [2]
07:52:34 | INFO    | Q337 ❌ "Объем неотложной медицинской помощи при гипертензивном кризе, осложненном носовы..." → [2] (score: 0.0) [10.31с]
07:52:34 | INFO    |       ⚠️ Ошибка: ожидалось [1, 2, 3, 4], получено [2]
07:52:39 | INFO    | Q338 ❌ "Охрана труда – это:..." → [1] (score: 0.0) [5.05с]
07:52:39 | INFO    |       ⚠️ Ошибка: ожидалось [1, 2], получено [1]
07:52:47 | INFO    | Q339 ❌ "Государственное управление в области охраны труда осуществляют:..." → [2, 3, 4] (score: 0.0) [7.04с]
07:52:47 | INFO    |       ⚠️ Ошибка: ожидалось [2, 3, 4, 5], получено [2, 3, 4]
07:52:52 | INFO    | Q340 ✅ "Правоотношения в сфере охраны труда регулируют:..." → [1, 2] (score: 1.0) [4.25с]
07:52:52 | INFO    | 💾 Прогресс сохранён (#340)
07:52:56 | INFO    | Q341 ✅ "Виды инструктажа по охране труда:..." → [4] (score: 1.0) [3.58с]
07:53:08 | INFO    | Q342 ✅ "Несчастный случай на производстве (за исключением группового, со смертельным исх..." → [4] (score: 1.0) [11.60с]
07:53:13 | INFO    | Q343 ❌ "Целевой инструктаж по охране труда проводится:..." → [2, 3, 4] (score: 0.0) [4.74с]
07:53:13 | INFO    |       ⚠️ Ошибка: ожидалось [2, 3], получено [2, 3, 4]
07:53:20 | INFO    | Q344 ❌ "Кем разрабатываются инструкции по охране труда?..." → [1] (score: 0.0) [6.52с]
07:53:20 | INFO    |       ⚠️ Ошибка: ожидалось [4], получено [1]
07:53:25 | INFO    | Q345 ❌ "Инструкции по охране труда пересматриваются (за исключением инструкций по охране..." → [2] (score: 0.0) [3.98с]
07:53:25 | INFO    |       ⚠️ Ошибка: ожидалось [3], получено [2]
07:53:30 | INFO    | Q346 ✅ "Руководители и специалисты организации проходят периодическую проверку знаний по..." → [2] (score: 1.0) [4.69с]
07:53:36 | INFO    | Q347 ✅ "При замене или модернизации оборудования проводится:..." → [4] (score: 1.0) [5.37с]
07:53:40 | INFO    | Q348 ✅ "При выполнении разовых работ, не связанных с прямыми обязанностями по специально..." → [3] (score: 1.0) [4.17с]
07:53:46 | INFO    | Q349 ✅ "Когда наниматель имеет право не включать в нормы организации СИЗ, предусмотренны..." → [1, 2, 4] (score: 1.0) [5.66с]
07:53:52 | INFO    | Q350 ✅ "Допускается ли использование работником СИЗ, бывших в употреблении?..." → [2] (score: 1.0) [5.16с]
07:53:52 | INFO    | 💾 Прогресс сохранён (#350)
07:54:04 | INFO    | Q351 ❌ "Где отмечается выдача и сдача работниками средств индивидуальной защиты?..." → [2] (score: 0.0) [11.17с]
07:54:04 | INFO    |       ⚠️ Ошибка: ожидалось [4], получено [2]
07:54:14 | INFO    | Q352 ✅ "В какой срок должно быть проведено расследование несчастного случая на производс..." → [2] (score: 1.0) [10.19с]
07:54:23 | INFO    | Q353 ❌ "В скольких экземплярах оформляется акт о несчастном случае на производстве формы..." → [3] (score: 0.0) [8.05с]
07:54:23 | INFO    |       ⚠️ Ошибка: ожидалось [4], получено [3]
07:54:29 | INFO    | Q354 ❌ "В какой срок страхователь обязан ознакомить с актом формы Н-1 лиц, допустивших н..." → [3] (score: 0.0) [5.75с]
07:54:29 | INFO    |       ⚠️ Ошибка: ожидалось [2], получено [3]
07:54:36 | INFO    | Q355 ❌ "В каких случаях проводится внеочередная проверка знаний руководителей и специали..." → [1, 2, 3, 4] (score: 0.0) [6.34с]
07:54:36 | INFO    |       ⚠️ Ошибка: ожидалось [2, 3, 4], получено [1, 2, 3, 4]
07:54:46 | INFO    | Q356 ❌ "Декретом Президента Республики Беларусь от 23.11.2017 № 7 «О развитии предприним..." → [1, 3, 4] (score: 0.0) [9.74с]
07:54:46 | INFO    |       ⚠️ Ошибка: ожидалось [3, 4], получено [1, 3, 4]
07:54:52 | INFO    | Q357 ❌ "Руководитель субъекта хозяйствования обязан:..." → [1, 2, 3, 4] (score: 0.0) [5.44с]
07:54:52 | INFO    |       ⚠️ Ошибка: ожидалось [1, 3, 4], получено [1, 2, 3, 4]
07:54:59 | INFO    | Q358 ✅ "Противопожарный режим - это:..." → [1] (score: 1.0) [5.71с]
07:55:04 | INFO    | Q359 ✅ "К первичным средствам пожаротушения относятся:..." → [1, 2, 4, 5] (score: 1.0) [5.34с]
07:55:10 | INFO    | Q360 ✅ "Курение на объектах:..." → [4] (score: 1.0) [4.70с]
07:55:10 | INFO    | 💾 Прогресс сохранён (#360)
07:55:16 | INFO    | Q361 ❌ "Опасные отходы классифицируются по:..." → [2] (score: 0.0) [5.85с]
07:55:16 | INFO    |       ⚠️ Ошибка: ожидалось [4], получено [2]
07:55:29 | INFO    | Q362 ❌ "Контейнерная площадка для сбора твердых отходов должна располагаться от админист..." → [2] (score: 0.0) [12.20с]
07:55:29 | INFO    |       ⚠️ Ошибка: ожидалось [4], получено [2]
07:55:33 | INFO    | Q363 ✅ "Право граждан Республики Беларусь на охрану здоровья гарантируется:..." → [3] (score: 1.0) [3.73с]
07:55:37 | INFO    | Q364 ✅ "Информация о состоянии здоровья пациента предоставляется пациенту:..." → [3] (score: 1.0) [3.79с]
07:55:42 | INFO    | Q365 ✅ "Предусмотрено ли уголовное наказание за врачебную ошибку..." → [1] (score: 1.0) [4.17с]
07:55:48 | INFO    | Q366 ✅ "В случае, когда лицо не способно по состоянию здоровья к принятию осознанного ре..." → [1, 3] (score: 1.0) [5.47с]
07:55:59 | INFO    | Q367 ❌ "Какие виды дисциплины определены Трудовым Кодексом..." → [1, 5] (score: 0.0) [10.36с]
07:55:59 | INFO    |       ⚠️ Ошибка: ожидалось [1, 4, 5], получено [1, 5]
07:56:17 | INFO    | Q368 ❌ "Наниматель обязан установить неполный рабочий день..." → [2, 3, 4, 5, 7] (score: 0.0) [18.12с]
07:56:17 | INFO    |       ⚠️ Ошибка: ожидалось [2, 3, 4, 5, 6], получено [2, 3, 4, 5, 7]
07:56:26 | INFO    | Q369 ❌ "Сокращенная продолжительность рабочего времени устанавливается..." → [1, 2, 4, 5, 7] (score: 0.0) [7.87с]
07:56:26 | INFO    |       ⚠️ Ошибка: ожидалось [1, 2, 4, 5], получено [1, 2, 4, 5, 7]
07:57:24 | INFO    | Q370 ✅ "Сведения, составляющие врачебную тайну, могут быть представлены третьим лицам бе..." → [3, 5, 6, 7] (score: 1.0) [57.86с]
07:57:24 | INFO    | 💾 Прогресс сохранён (#370)
07:57:29 | INFO    | Q371 ✅ "Выписки из медицинской документации предоставляются пациенту:..." → [2] (score: 1.0) [4.83с]
07:57:37 | INFO    | Q372 ✅ "Имеет ли право пациент отказаться от внесения информации, составляющей врачебную..." → [2] (score: 1.0) [6.61с]
07:57:49 | INFO    | Q373 ❌ "Несовершеннолетний имеет право давать согласие на простое медицинское вмешательс..." → [1] (score: 0.0) [12.31с]
07:57:49 | INFO    |       ⚠️ Ошибка: ожидалось [3], получено [1]
07:58:02 | INFO    | Q374 ❌ "Запрещается проведение клинических испытаний медицинских изделий на..." → [1, 2, 3, 4, 6, 7, 8] (score: 0.0) [11.73с]
07:58:02 | INFO    |       ⚠️ Ошибка: ожидалось [1, 3, 4, 5, 7, 8], получено [1, 2, 3, 4, 6, 7, 8]
07:58:09 | INFO    | Q375 ✅ "При оказании медицинской помощи в стационарных условиях в государственных учрежд..." → [2] (score: 1.0) [6.86с]
07:58:21 | INFO    | Q376 ❌ "Пациентам оказывается медицинская помощь следующих видов:..." → [1, 2, 3, 4, 5, 8] (score: 0.0) [11.38с]
07:58:21 | INFO    |       ⚠️ Ошибка: ожидалось [2, 3, 5, 7, 8], получено [1, 2, 3, 4, 5, 8]
07:58:28 | INFO    | Q377 ✅ "Имеет ли медицинский работник право на страхование профессиональной ошибки, в ре..." → [1] (score: 1.0) [6.84с]
07:58:35 | INFO    | Q378 ✅ "Составляет ли врачебную тайну информация о результатах патологоанатомического ис..." → [2] (score: 1.0) [6.34с]
07:58:39 | INFO    | Q379 ✅ "Согласие на медицинское вмешательство пожилой пациент:..." → [3] (score: 1.0) [3.65с]
07:58:45 | INFO    | Q380 ✅ "Основаниями для принудительной госпитализации и лечения гражданина в психиатриче..." → [1, 2, 3] (score: 1.0) [5.00с]
07:58:45 | INFO    | 💾 Прогресс сохранён (#380)
07:58:48 | INFO    | Q381 ✅ "Имеет ли право лечащий врач отказаться от оказания медицинской помощи пациенту:..." → [1] (score: 1.0) [3.10с]
07:58:53 | INFO    | Q382 ❌ "Матерью ребенка, рожденного суррогатной матерью, признается:..." → [1] (score: 0.0) [3.77с]
07:58:53 | INFO    |       ⚠️ Ошибка: ожидалось [2], получено [1]
07:58:58 | INFO    | Q383 ✅ "Можно ли проводить стерилизацию здоровому пациенту в возрасте до 35 лет, имеющем..." → [2] (score: 1.0) [5.00с]
07:59:03 | INFO    | Q384 ✅ "В каких случаях возможен временный перевод работника на другую работу без его со..." → [3] (score: 1.0) [4.50с]
07:59:10 | INFO    | Q385 ❌ "Что относится к существенным условиям труда..." → [1, 3, 4] (score: 0.0) [6.23с]
07:59:10 | INFO    |       ⚠️ Ошибка: ожидалось [1, 2, 3, 4], получено [1, 3, 4]
07:59:14 | INFO    | Q386 ✅ "Должен ли наниматель предупредить работника об изменении существенных условий тр..." → [2] (score: 1.0) [3.62с]
07:59:21 | INFO    | Q387 ❌ "Имеет ли наниматель право при приеме на работу работника запрашивать характерист..." → [2] (score: 0.0) [6.81с]
07:59:21 | INFO    |       ⚠️ Ошибка: ожидалось [1], получено [2]
07:59:29 | INFO    | Q388 ✅ "Какой максимальный срок предварительного испытания может быть установлен нанимат..." → [3] (score: 1.0) [7.61с]
07:59:34 | INFO    | Q389 ❌ "Можно ли уволить работника за отсутствия на работе более трех часов в течение ра..." → [2] (score: 0.0) [4.15с]
07:59:34 | INFO    |       ⚠️ Ошибка: ожидалось [1], получено [2]
07:59:53 | INFO    | Q390 ❌ "В течение какого времени должна быть выдана работнику характеристика с предыдуще..." → [3] (score: 0.0) [18.69с]
07:59:53 | INFO    |       ⚠️ Ошибка: ожидалось [2], получено [3]
07:59:53 | INFO    | 💾 Прогресс сохранён (#390)
07:59:58 | INFO    | Q391 ✅ "Может ли стать причиной увольнения работника нарушение установленного порядка ра..." → [1] (score: 1.0) [4.51с]
08:00:04 | INFO    | Q392 ❌ "Для забора органа умершего донора существует презумпция..." → [2] (score: 0.0) [4.92с]
08:00:04 | INFO    |       ⚠️ Ошибка: ожидалось [1], получено [2]
08:00:11 | INFO    | Q393 ✅ "Невозможность участия человека без его согласия в медицинских опытах гарантирова..." → [2] (score: 1.0) [6.48с]
08:00:23 | INFO    | Q394 ✅ "В соответствии с 45 статьей Конституции государство создает условия..." → [1] (score: 1.0) [11.43с]
08:00:26 | INFO    | Q395 ✅ "Что такое эмансипация в гражданском праве Республики Беларусь..." → [3] (score: 1.0) [3.42с]
08:00:31 | INFO    | Q396 ❌ "Является ли уголовно наказуемым деянием распространение заведомо ложной информац..." → [2] (score: 0.0) [3.94с]
08:00:31 | INFO    |       ⚠️ Ошибка: ожидалось [1], получено [2]
08:00:35 | INFO    | Q397 ✅ "Республика Беларусь в соответствии с Конституцией..." → [1] (score: 1.0) [3.46с]
08:00:46 | INFO    | Q398 ❌ "Перечень платных медицинских услуг, оказываемых государственными учреждениями зд..." → [1] (score: 0.0) [10.11с]
08:00:46 | INFO    |       ⚠️ Ошибка: ожидалось [3], получено [1]
08:00:52 | INFO    | Q399 ❌ "Назовите 3 направления медицинской деятельности..." → [3, 5, 6] (score: 0.0) [6.09с]
08:00:52 | INFO    |       ⚠️ Ошибка: ожидалось [1, 2, 4], получено [3, 5, 6]
08:01:05 | INFO    | Q400 ❌ "Перечислите виды медицинских экспертиз..." → [1, 2, 3, 4, 6, 7, 10, 11] (score: 0.0) [11.92с]
08:01:05 | INFO    |       ⚠️ Ошибка: ожидалось [2, 3, 4, 5, 6, 7, 9, 10, 11], получено [1, 2, 3, 4, 6, 7, 10, 11]
08:01:05 | INFO    | 💾 Прогресс сохранён (#400)
08:01:10 | INFO    | Q401 ✅ "К репродуктивным правам относится возможность свободно принимать решение относит..." → [1, 4, 5] (score: 1.0) [5.15с]
08:01:15 | INFO    | Q402 ❌ "Перечень контролирующих (надзорных) органов, уполномоченных проводить проверки, ..." → [4] (score: 0.0) [3.96с]
08:01:15 | INFO    |       ⚠️ Ошибка: ожидалось [1], получено [4]
08:01:18 | INFO    | Q403 ✅ "Входит ли Министерство здравоохранения Республики Беларусь в перечень контролиру..." → [2] (score: 1.0) [3.34с]
08:01:24 | INFO    | Q404 ✅ "Выберите правильную последовательность приоритетности мер контроля по профилакти..." → [3] (score: 1.0) [4.62с]
08:01:30 | INFO    | Q405 ❌ "Какие действия применимы к «устранению опасностей» в иерархии мер контроля в про..." → [1] (score: 0.0) [6.02с]
08:01:30 | INFO    |       ⚠️ Ошибка: ожидалось [1, 3], получено [1]
08:01:37 | INFO    | Q406 ✅ "Какие действия применимы к «мерам административного контроля» в иерархии мер инф..." → [3, 4, 5, 7, 8] (score: 1.0) [6.13с]
08:01:43 | INFO    | Q407 ✅ "Какие уровни риска по COVID-19 на рабочем месте в организации здравоохранения ре..." → [4] (score: 1.0) [5.52с]
08:01:49 | INFO    | Q408 ✅ "Укажите правильное утверждение для следующей ситуации в соответствии с требовани..." → [3] (score: 1.0) [5.31с]
08:01:55 | INFO    | Q409 ✅ "Для каких из перечисленных ниже медицинских вмешательств рекомендовано обязатель..." → [1, 2, 3] (score: 1.0) [6.02с]
08:02:02 | INFO    | Q410 ✅ "Выберите правильные утверждения..." → [2, 3, 4] (score: 1.0) [6.42с]
08:02:02 | INFO    | 💾 Прогресс сохранён (#410)
08:02:07 | INFO    | Q411 ✅ "Определите ситуацию, когда необходимо незамедлительно прекратить использование р..." → [2, 3, 5] (score: 1.0) [4.44с]
08:02:13 | INFO    | Q412 ❌ "Какие меры предосторожности необходимо обеспечить при проведении аэрозолеобразую..." → [3, 4] (score: 0.0) [5.41с]
08:02:13 | INFO    |       ⚠️ Ошибка: ожидалось [1, 3, 4], получено [3, 4]
08:02:19 | INFO    | Q413 ✅ "При использовании медицинских масок на протяжении всей смены работники здравоохр..." → [2, 3, 5] (score: 1.0) [5.15с]
08:02:25 | INFO    | Q414 ✅ "Определите случаи заболевания, относящиеся к инфекциям, связанным с оказанием ме..." → [2] (score: 1.0) [5.58с]
08:02:29 | INFO    | Q415 ✅ "Инфекционный контроль – это..." → [4] (score: 1.0) [4.20с]
08:02:35 | INFO    | Q416 ✅ "Укажите правильное утверждение..." → [2, 3, 4] (score: 1.0) [5.57с]
08:02:41 | INFO    | Q417 ❌ "Стандартные эпидемиологические определения случая ИСМП..." → [1, 3] (score: 0.0) [4.98с]
08:02:41 | INFO    |       ⚠️ Ошибка: ожидалось [1, 3, 4], получено [1, 3]
08:02:48 | INFO    | Q418 ✅ "Укажите правильное утверждение..." → [1, 2, 4] (score: 1.0) [6.77с]
08:02:56 | INFO    | Q419 ❌ "Стратифицированный показатель инцидентности..." → [2] (score: 0.0) [7.35с]
08:02:56 | INFO    |       ⚠️ Ошибка: ожидалось [4], получено [2]
08:03:02 | INFO    | Q420 ✅ "Какие из следующих факторов могут привести к небезопасным инъекциям..." → [1, 2, 3, 4, 5] (score: 1.0) [5.95с]
08:03:02 | INFO    | 💾 Прогресс сохранён (#420)
08:03:08 | INFO    | Q421 ✅ "Что из перечисленного недопустимо в действиях медицинских работников при осущест..." → [1, 2, 3, 4] (score: 1.0) [5.08с]
08:03:13 | INFO    | Q422 ✅ "Риск передачи вируса гепатита В из зараженного шприца..." → [2] (score: 1.0) [4.36с]
08:03:18 | INFO    | Q423 ✅ "Как долго вирус гепатита С может сохранять свои свойства при комнатной температу..." → [1] (score: 1.0) [4.41с]
08:03:24 | INFO    | Q424 ✅ "Каковы 7 последовательных шагов для безопасной инъекции..." → [1] (score: 1.0) [5.63с]
08:03:29 | INFO    | Q425 ✅ "Что из перечисленного может приводить к реализации инфекционных рисков у медицин..." → [2, 3, 4] (score: 1.0) [4.54с]
08:03:36 | INFO    | Q426 ✅ "Какой из следующих шагов не является критическим для медицинского работника в сл..." → [1] (score: 1.0) [6.72с]
08:03:40 | INFO    | Q427 ✅ "Какие из следующих действий следует предпринять при сообщении о травме, полученн..." → [1, 2, 3] (score: 1.0) [3.70с]
08:03:52 | INFO    | Q428 ❌ "Что из перечисленного следует сделать медицинскому работнику, если он проколол к..." → [1, 2, 3, 5] (score: 0.0) [11.04с]
08:03:52 | INFO    |       ⚠️ Ошибка: ожидалось [1, 3, 4], получено [1, 2, 3, 5]
08:03:59 | INFO    | Q429 ✅ "Какие из следующих действий следует предпринять медицинскому работнику при следу..." → [1, 3, 5] (score: 1.0) [5.99с]
08:04:03 | INFO    | Q430 ✅ "Медицинский работник укололся иглой, которая была использована при проведении ин..." → [1, 2] (score: 1.0) [3.91с]
08:04:03 | INFO    | 💾 Прогресс сохранён (#430)
08:04:40 | INFO    | Q431 ❌ "Какие из перечисленных утверждений соответствуют требованиям отечественного зако..." → [1, 2, 4] (score: 0.0) [36.35с]
08:04:40 | INFO    |       ⚠️ Ошибка: ожидалось [1, 2, 3, 4, 5, 6], получено [1, 2, 4]
08:04:54 | INFO    | Q432 ❌ "Какие из перечисленных вирусных инфекционных заболеваний отнесены отечественным ..." → [2, 3, 5, 6] (score: 0.0) [13.31с]
08:04:54 | INFO    |       ⚠️ Ошибка: ожидалось [6], получено [2, 3, 5, 6]
08:05:54 | INFO    | Q433 ❌ "Какие из перечисленных бактериальных инфекционных заболеваний отнесены отечестве..." → [2, 3, 4, 5, 6, 7] (score: 0.0) [60.36с]
08:05:54 | INFO    |       ⚠️ Ошибка: ожидалось [1, 2, 3, 5], получено [2, 3, 4, 5, 6, 7]
08:06:02 | INFO    | Q434 ❌ "Какое из перечисленных утверждений соответствует действующему определению термин..." → [3] (score: 0.0) [6.83с]
08:06:02 | INFO    |       ⚠️ Ошибка: ожидалось [1], получено [3]
08:06:16 | INFO    | Q435 ✅ "Дезинфекционные мероприятия в соответствии с принципами, установленными отечеств..." → [1] (score: 1.0) [13.46с]
08:06:20 | INFO    | Q436 ✅ "Дезинфекция – это мера в отношении..." → [4] (score: 1.0) [3.62с]
08:06:26 | INFO    | Q437 ❌ "Дератизация – это мера в отношении..." → [2] (score: 0.0) [5.27с]
08:06:26 | INFO    |       ⚠️ Ошибка: ожидалось [1], получено [2]
08:06:31 | INFO    | Q438 ❌ "Дезинсекция – это мера в отношении..." → [3] (score: 0.0) [4.57с]
08:06:31 | INFO    |       ⚠️ Ошибка: ожидалось [2], получено [3]
08:06:36 | INFO    | Q439 ✅ "Средства дезинфекции..." → [5] (score: 1.0) [4.83с]
08:06:55 | INFO    | Q440 ❌ "Различают следующие виды дезинфекции..." → [3] (score: 0.0) [17.94с]
08:06:55 | INFO    |       ⚠️ Ошибка: ожидалось [4], получено [3]
08:06:55 | INFO    | 💾 Прогресс сохранён (#440)
08:07:03 | INFO    | Q441 ✅ "Отметьте правильные утверждения..." → [2, 4] (score: 1.0) [8.40с]
08:07:10 | INFO    | Q442 ✅ "Дезинфекционные мероприятия (ДМ) по эпидемическим показаниям (выберите правильно..." → [3] (score: 1.0) [5.72с]
08:07:13 | INFO    | Q443 ✅ "Совокупность способов подавления роста и размножения микроорганизмов на коже и с..." → [4] (score: 1.0) [2.97с]
08:07:17 | INFO    | Q444 ✅ "Процесс полного уничтожения всех форм микроорганизмов на объектах внешней среды ..." → [3] (score: 1.0) [3.83с]
08:07:24 | INFO    | Q445 ✅ "Дезинсекционные мероприятия включают..." → [1] (score: 1.0) [5.66с]
08:07:32 | INFO    | Q446 ✅ "Выберите правильные утверждения..." → [1, 3] (score: 1.0) [7.51с]
08:07:37 | INFO    | Q447 ✅ "При использовании перчаток медицинский работник (выберите правильное утверждение..." → [1, 2, 5] (score: 1.0) [4.82с]
08:07:42 | INFO    | Q448 ✅ "В каких случаях медицинским работникам необходимо выполнять гигиену рук при оказ..." → [1, 2, 3, 4, 5] (score: 1.0) [4.66с]
08:07:47 | INFO    | Q449 ✅ "У вашего пациента отмечается развитие аллергической реакции после укуса осы. У п..." → [1] (score: 1.0) [3.97с]
08:07:51 | INFO    | Q450 ✅ "Пациент – взрослый мужчина. У него отмечается слабый и частый пульс. Кожные покр..." → [3] (score: 1.0) [3.84с]
08:07:51 | INFO    | 💾 Прогресс сохранён (#450)
08:07:57 | INFO    | Q451 ✅ "У пациента 63 лет отмечается поверхностное дыхание с частотой 28 ДД/мин. Как бы ..." → [1] (score: 1.0) [6.04с]
08:08:02 | INFO    | Q452 ❌ "У вашего пациента отмечается сквозное ранение щеки вязальной спицей. Спица, полн..." → [3] (score: 0.0) [4.25с]
08:08:02 | INFO    |       ⚠️ Ошибка: ожидалось [2], получено [3]
08:08:07 | INFO    | Q453 ✅ "Молодой мужчина, 20 лет, был найден в бессознательном состоянии. Вашим следующим..." → [2] (score: 1.0) [4.00с]
08:08:14 | INFO    | Q454 ✅ "Ваш пациент мужчина 35 лет упал во время подъёма на скалу. Во время обследования..." → [4] (score: 1.0) [6.60с]
08:08:18 | INFO    | Q455 ✅ "Вашему пациенту в глаза попал жидкий аммиак. Какую помощь вам необходимо оказать..." → [1] (score: 1.0) [3.44с]
08:08:23 | INFO    | Q456 ✅ "Ваш пациент мужчина 40 лет, попал в мотоциклетную аварию. Он жалуется на боль в ..." → [4] (score: 1.0) [5.02с]
08:08:30 | INFO    | Q457 ✅ "Во время проведения первичной оценки состояния пациента вы выявили наличие обшир..." → [1] (score: 1.0) [6.02с]
08:08:35 | INFO    | Q458 ❌ "Известно, что ваша пациентка страдает алкоголизмом. Она была найдена лежащей в б..." → [1, 3] (score: 0.0) [4.21с]
08:08:35 | INFO    |       ⚠️ Ошибка: ожидалось [1, 2, 3], получено [1, 3]
08:08:40 | INFO    | Q459 ❌ "Вы оказываете помощь пациенту 52 лет. Пациент в бессознательном состоянии. Он бы..." → [2] (score: 0.0) [5.29с]
08:08:40 | INFO    |       ⚠️ Ошибка: ожидалось [1], получено [2]
08:08:47 | INFO    | Q460 ✅ "Вы прибыли на место происшествия, где был совершён наезд автомобиля на велосипед..." → [1] (score: 1.0) [6.17с]
08:08:47 | INFO    | 💾 Прогресс сохранён (#460)
08:08:55 | INFO    | Q461 ✅ "Вы оказываете помощь пациенту 36 лет с сохранным сознанием. Он был водителем авт..." → [3] (score: 1.0) [7.57с]
08:09:01 | INFO    | Q462 ❌ "У вашего пациента, мужчины 34 лет отмечается постоянная боль в области плеча в с..." → [1, 4] (score: 0.0) [5.75с]
08:09:01 | INFO    |       ⚠️ Ошибка: ожидалось [2, 3, 4], получено [1, 4]
08:09:05 | INFO    | Q463 ✅ "25 летняя девушка упала с лошади. Она в сознании и жалуется на боль в голове. Ва..." → [3] (score: 1.0) [3.25с]
08:09:09 | INFO    | Q464 ❌ "Во время проведения ИВЛ 14 летнему ребёнку после утопления, вы ощущаете наличие ..." → [1] (score: 0.0) [3.74с]
08:09:09 | INFO    |       ⚠️ Ошибка: ожидалось [3], получено [1]
08:09:13 | INFO    | Q465 ✅ "Ваш пациент после автомобильной аварии остался зажатым в машине. Вы провели оцен..." → [2] (score: 1.0) [3.38с]
08:09:24 | INFO    | Q466 ✅ "Автомобиль столкнулся с автоцистерной, перевозящей огнеопасный материал. На пере..." → [2] (score: 1.0) [10.39с]
08:09:29 | INFO    | Q467 ✅ "У 23 летней женщины в анамнезе есть указание на наличие аллергии к укусам пчёл. ..." → [2] (score: 1.0) [4.68с]
08:09:40 | INFO    | Q468 ❌ "40 летний мужчина получил удар в лицо жёстким бейсбольным мячом. Во время вашего..." → [2] (score: 0.0) [10.04с]
08:09:40 | INFO    |       ⚠️ Ошибка: ожидалось [1], получено [2]
08:09:44 | INFO    | Q469 ✅ "20 летняя девушка упала с лестницы-стремянки с высоты 1,5 метров. Она предъявляе..." → [2] (score: 1.0) [3.79с]
08:09:49 | INFO    | Q470 ✅ "После оказания помощи посредством использования ингалятора пациентке 53 лет с жа..." → [4] (score: 1.0) [3.85с]
08:09:49 | INFO    | 💾 Прогресс сохранён (#470)
08:09:52 | INFO    | Q471 ✅ "7 летняя девочка выпила средство для прочистки труб. У неё отмечается наличие ож..." → [4] (score: 1.0) [3.34с]
08:09:56 | INFO    | Q472 ✅ "Ваш пациент, страдающий диабетом, находится в бессознательном состоянии. Оказани..." → [3] (score: 1.0) [3.20с]
08:10:00 | INFO    | Q473 ✅ "23 летний мужчина был водителем автомобиля, который столкнулся с телефонным стол..." → [2] (score: 1.0) [3.17с]
08:10:05 | INFO    | Q474 ❌ "У 30-летнего мужчины с сохранным сознанием отмечается огнестрельное ранение в об..." → [1] (score: 0.0) [4.61с]
08:10:05 | INFO    |       ⚠️ Ошибка: ожидалось [3], получено [1]
08:10:08 | INFO    | Q475 ✅ "У вашего пациента отмечается аллергическая реакция после того как он поел кревет..." → [3] (score: 1.0) [2.91с]
08:10:13 | INFO    | Q476 ✅ "Вы выехали в сельскую местность на вызов, связанный с травматической ампутацией ..." → [1] (score: 1.0) [3.90с]
08:10:20 | INFO    | Q477 ✅ "Пожилой мужчина, 67 лет, жалуется на затруднение дыхания. Он не может вспомнить,..." → [1] (score: 1.0) [6.96с]
08:10:30 | INFO    | Q478 ❌ "Пациент мужчина 50 лет, доставлен бригадой скорой помощи с выраженной одышкой, а..." → [2] (score: 0.0) [8.70с]
08:10:30 | INFO    |       ⚠️ Ошибка: ожидалось [2, 4], получено [2]
08:10:44 | INFO    | Q479 ✅ "Пациент пожилая женщина 75 лет, находилась на ИВЛ по поводу острого отека легких..." → [3] (score: 1.0) [13.95с]
08:10:48 | INFO    | Q480 ✅ "Молодой мужчина 25 лет, доставлен бригадой скорой помощи с жалобами на лихорадку..." → [3, 4] (score: 1.0) [3.38с]
08:10:48 | INFO    | 💾 Прогресс сохранён (#480)
08:10:53 | INFO    | Q481 ✅ "Ребенок 2 лет, привит соответственно возрасту. Доставлен в отделение реанимации ..." → [2, 3] (score: 1.0) [4.45с]
08:11:03 | INFO    | Q482 ✅ "У Беременной исходно здоровой женщины, 29 лет, срок беременности 24 недели внеза..." → [1, 4] (score: 1.0) [9.26с]
08:11:03 | INFO    | 
============================================================
🏁 ТЕСТ ЗАВЕРШЁН
============================================================
 Модель: o4-mini
 Всего вопросов: 482
 Правильных ответов: 333
 Процент: 69.09%
 Ошибок API: 1
 Время: 3757.4с
============================================================
08:11:03 | INFO    | 📄 Лог-файл: logs/run_10.log
