10:23:05 | INFO    | 🚀 ЗАПУСК | Модель: gemma-3-27b-it:free | Вопросов: 482
10:23:05 | INFO    | 🌐 API: https://vedai.by/api/v1 | Temp: 0.3 | Tokens: 100
10:23:05 | INFO    | ----------------------------------------------------------------------
10:23:07 | INFO    | ✅ Подключение: ✓ gemma-3-27b-it:free
10:23:08 | INFO    | Q001 ❌ "Противошоковый набор включает следующие лекарственные препараты:..." → [1, 2, 3] (score: 0.0) [1.34с]
10:23:08 | INFO    |       ⚠️ Ошибка: ожидалось [1, 2, 3, 5], получено [1, 2, 3]
10:23:09 | INFO    | Q002 ✅ "Препаратом выбора для оказания первой медицинской помощи при анафилаксии следует..." → [4] (score: 1.0) [0.88с]
10:23:12 | INFO    | Q003 ✅ "Эпинефрин при оказании первой помощи при анафилаксии следует вводить:..." → [4] (score: 1.0) [1.62с]
10:23:13 | INFO    | Q004 ✅ "Анафилаксия может развиться после воздействия на организм:..." → [4] (score: 1.0) [1.16с]
10:23:15 | INFO    | Q005 ✅ "Наиболее частая причина анафилаксии у детей:..." → [4] (score: 1.0) [1.12с]
10:23:19 | INFO    | Q006 ✅ "Неотложные мероприятия при развитии анафилаксии проводят:..." → [2] (score: 1.0) [3.28с]
10:23:22 | INFO    | Q007 ✅ "Препарат выбора при проведении противошоковых мероприятий при развитии анафилакс..." → [1] (score: 1.0) [2.65с]
10:23:25 | INFO    | Q008 ❌ "Сопутствующая патология, усугубляющая течение анафилаксии:..." → [1, 3, 4] (score: 0.0) [2.67с]
10:23:25 | INFO    |       ⚠️ Ошибка: ожидалось [1, 3, 4, 5], получено [1, 3, 4]
10:23:28 | INFO    | Q009 ❌ "Для поражения сердечно-сосудистой системы при анафилаксии характерно:..." → [2, 5] (score: 0.0) [2.81с]
10:23:28 | INFO    |       ⚠️ Ошибка: ожидалось [5], получено [2, 5]
10:23:32 | INFO    | Q010 ❌ "Для поражения дыхательной системы при анафилактическом шоке характерно:..." → [2, 3, 4] (score: 0.0) [2.78с]
10:23:32 | INFO    |       ⚠️ Ошибка: ожидалось [2, 3, 5], получено [2, 3, 4]
10:23:32 | INFO    | 💾 Прогресс сохранён (#10)
10:23:35 | INFO    | Q011 ✅ "Для реакции анафилаксии характерны следующие поражения кожи:..." → [3, 5] (score: 1.0) [2.54с]
10:23:38 | INFO    | Q012 ❌ "Респираторные симптомы, характерные для анафилаксии:..." → [2, 3, 4] (score: 0.0) [2.67с]
10:23:38 | INFO    |       ⚠️ Ошибка: ожидалось [1, 2, 3, 4, 5], получено [2, 3, 4]
10:23:41 | INFO    | Q013 ❌ "Гастроинтестинальные симптомы, характерные для анафилаксии:..." → [2, 4, 5] (score: 0.0) [2.71с]
10:23:41 | INFO    |       ⚠️ Ошибка: ожидалось [1, 2, 4, 5], получено [2, 4, 5]
10:23:44 | INFO    | Q014 ✅ "Дифференциальный диагноз анафилаксии следует проводить с:..." → [1, 2, 3, 4, 5] (score: 1.0) [2.78с]
10:23:48 | INFO    | Q015 ❌ "Эпинефрин оказывает следующие действия на организм человека:..." → [1, 2, 5] (score: 0.0) [2.74с]
10:23:48 | INFO    |       ⚠️ Ошибка: ожидалось [1, 2, 3, 5], получено [1, 2, 5]
10:23:51 | INFO    | Q016 ✅ "К обязательным противошоковым мероприятиям относится применение:..." → [3, 4] (score: 1.0) [2.65с]
10:23:54 | INFO    | Q017 ❌ "При анафилактическом шоке эпинефрин можно вводить..." → [2, 4] (score: 0.0) [2.64с]
10:23:54 | INFO    |       ⚠️ Ошибка: ожидалось [2, 3, 4], получено [2, 4]
10:23:57 | INFO    | Q018 ❌ "Абсолютные показания для назначения эпинефрина:..." → [1, 2, 4, 5] (score: 0.0) [2.60с]
10:23:57 | INFO    |       ⚠️ Ошибка: ожидалось [1, 2, 3, 4, 5], получено [1, 2, 4, 5]
10:24:00 | INFO    | Q019 ✅ "Препаратом выбора для инфузионной терапии анафилаксии является:..." → [2] (score: 1.0) [2.63с]
10:24:02 | INFO    | Q020 ❌ "Показаниями к интубации трахеи при анафилаксии являются :..." → [1, 2, 4] (score: 0.0) [1.66с]
10:24:02 | INFO    |       ⚠️ Ошибка: ожидалось [2, 4], получено [1, 2, 4]
10:24:02 | INFO    | 💾 Прогресс сохранён (#20)
10:24:05 | INFO    | Q021 ✅ "Для абдоминального варианта течения анафилактического шока характерно:..." → [4] (score: 1.0) [1.84с]
10:24:06 | INFO    | Q022 ✅ "Для церебрального варианта течения анафилактического шока характерно:..." → [5] (score: 1.0) [1.20с]
10:24:08 | INFO    | Q023 ✅ "Какое лекарственное средство необходимо ввести первым при анафилаксии?..." → [1] (score: 1.0) [1.18с]
10:24:09 | INFO    | Q024 ❌ "Для клиники анафилактического шока характерно:..." → [2, 4] (score: 0.0) [0.86с]
10:24:09 | INFO    |       ⚠️ Ошибка: ожидалось [2], получено [2, 4]
10:24:11 | INFO    | Q025 ✅ "Мероприятия, проводимые при лечении анафилактического шока, начинаются с:..." → [5] (score: 1.0) [1.03с]
10:24:13 | INFO    | Q026 ✅ "К мерам профилактики лекарственного анафилактического шока относится:..." → [5] (score: 1.0) [1.15с]
10:24:16 | INFO    | Q027 ✅ "Лабораторный маркер, отражающий наличие анафилаксии:..." → [3] (score: 1.0) [2.85с]
10:24:18 | ERROR   | Q028 ❌ API ERROR: HTTP 502: Bad Gateway
10:24:19 | ERROR   | Q029 ❌ API ERROR: HTTP 502: Bad Gateway
10:24:19 | ERROR   | Q030 ❌ API ERROR: HTTP 502: Bad Gateway
10:24:20 | ERROR   | Q031 ❌ API ERROR: HTTP 502: Bad Gateway
10:24:20 | ERROR   | Q032 ❌ API ERROR: HTTP 502: Bad Gateway
10:24:20 | ERROR   | Q033 ❌ API ERROR: HTTP 502: Bad Gateway
10:24:20 | ERROR   | Q034 ❌ API ERROR: HTTP 503: <html>
<head><title>503 Service Temporarily Unavailable</title></head>
<body>
<center><h1>503 Service Temporarily Unavailable</h1></center>
<hr><center>nginx/1.29.3</center>
</body>
</html>

10:24:20 | ERROR   | Q035 ❌ API ERROR: HTTP 503: <html>
<head><title>503 Service Temporarily Unavailable</title></head>
<body>
<center><h1>503 Service Temporarily Unavailable</h1></center>
<hr><center>nginx/1.29.3</center>
</body>
</html>

10:24:20 | ERROR   | Q036 ❌ API ERROR: HTTP 503: <html>
<head><title>503 Service Temporarily Unavailable</title></head>
<body>
<center><h1>503 Service Temporarily Unavailable</h1></center>
<hr><center>nginx/1.29.3</center>
</body>
</html>

10:24:21 | ERROR   | Q037 ❌ API ERROR: HTTP 503: <html>
<head><title>503 Service Temporarily Unavailable</title></head>
<body>
<center><h1>503 Service Temporarily Unavailable</h1></center>
<hr><center>nginx/1.29.3</center>
</body>
</html>

10:24:21 | ERROR   | Q038 ❌ API ERROR: HTTP 503: <html>
<head><title>503 Service Temporarily Unavailable</title></head>
<body>
<center><h1>503 Service Temporarily Unavailable</h1></center>
<hr><center>nginx/1.29.3</center>
</body>
</html>

10:24:21 | ERROR   | Q039 ❌ API ERROR: HTTP 503: <html>
<head><title>503 Service Temporarily Unavailable</title></head>
<body>
<center><h1>503 Service Temporarily Unavailable</h1></center>
<hr><center>nginx/1.29.3</center>
</body>
</html>

10:24:21 | ERROR   | Q040 ❌ API ERROR: HTTP 503: <html>
<head><title>503 Service Temporarily Unavailable</title></head>
<body>
<center><h1>503 Service Temporarily Unavailable</h1></center>
<hr><center>nginx/1.29.3</center>
</body>
</html>

10:24:21 | ERROR   | Q041 ❌ API ERROR: HTTP 503: <html>
<head><title>503 Service Temporarily Unavailable</title></head>
<body>
<center><h1>503 Service Temporarily Unavailable</h1></center>
<hr><center>nginx/1.29.3</center>
</body>
</html>

10:24:21 | ERROR   | Q042 ❌ API ERROR: HTTP 503: <html>
<head><title>503 Service Temporarily Unavailable</title></head>
<body>
<center><h1>503 Service Temporarily Unavailable</h1></center>
<hr><center>nginx/1.29.3</center>
</body>
</html>

10:24:22 | ERROR   | Q043 ❌ API ERROR: HTTP 503: <html>
<head><title>503 Service Temporarily Unavailable</title></head>
<body>
<center><h1>503 Service Temporarily Unavailable</h1></center>
<hr><center>nginx/1.29.3</center>
</body>
</html>

10:24:22 | ERROR   | Q044 ❌ API ERROR: HTTP 503: <html>
<head><title>503 Service Temporarily Unavailable</title></head>
<body>
<center><h1>503 Service Temporarily Unavailable</h1></center>
<hr><center>nginx/1.29.3</center>
</body>
</html>

10:24:22 | ERROR   | Q045 ❌ API ERROR: HTTP 503: <html>
<head><title>503 Service Temporarily Unavailable</title></head>
<body>
<center><h1>503 Service Temporarily Unavailable</h1></center>
<hr><center>nginx/1.29.3</center>
</body>
</html>

10:24:22 | ERROR   | Q046 ❌ API ERROR: HTTP 503: <html>
<head><title>503 Service Temporarily Unavailable</title></head>
<body>
<center><h1>503 Service Temporarily Unavailable</h1></center>
<hr><center>nginx/1.29.3</center>
</body>
</html>

10:24:22 | ERROR   | Q047 ❌ API ERROR: HTTP 503: <html>
<head><title>503 Service Temporarily Unavailable</title></head>
<body>
<center><h1>503 Service Temporarily Unavailable</h1></center>
<hr><center>nginx/1.29.3</center>
</body>
</html>

10:24:23 | ERROR   | Q048 ❌ API ERROR: HTTP 503: <html>
<head><title>503 Service Temporarily Unavailable</title></head>
<body>
<center><h1>503 Service Temporarily Unavailable</h1></center>
<hr><center>nginx/1.29.3</center>
</body>
</html>

10:24:23 | ERROR   | Q049 ❌ API ERROR: HTTP 503: <html>
<head><title>503 Service Temporarily Unavailable</title></head>
<body>
<center><h1>503 Service Temporarily Unavailable</h1></center>
<hr><center>nginx/1.29.3</center>
</body>
</html>

10:24:23 | ERROR   | Q050 ❌ API ERROR: HTTP 503: <html>
<head><title>503 Service Temporarily Unavailable</title></head>
<body>
<center><h1>503 Service Temporarily Unavailable</h1></center>
<hr><center>nginx/1.29.3</center>
</body>
</html>

10:24:23 | ERROR   | Q051 ❌ API ERROR: HTTP 503: <html>
<head><title>503 Service Temporarily Unavailable</title></head>
<body>
<center><h1>503 Service Temporarily Unavailable</h1></center>
<hr><center>nginx/1.29.3</center>
</body>
</html>

10:24:23 | ERROR   | Q052 ❌ API ERROR: HTTP 503: <html>
<head><title>503 Service Temporarily Unavailable</title></head>
<body>
<center><h1>503 Service Temporarily Unavailable</h1></center>
<hr><center>nginx/1.29.3</center>
</body>
</html>

10:24:24 | ERROR   | Q053 ❌ API ERROR: HTTP 503: <html>
<head><title>503 Service Temporarily Unavailable</title></head>
<body>
<center><h1>503 Service Temporarily Unavailable</h1></center>
<hr><center>nginx/1.29.3</center>
</body>
</html>

10:24:24 | ERROR   | Q054 ❌ API ERROR: HTTP 503: <html>
<head><title>503 Service Temporarily Unavailable</title></head>
<body>
<center><h1>503 Service Temporarily Unavailable</h1></center>
<hr><center>nginx/1.29.3</center>
</body>
</html>

10:24:24 | ERROR   | Q055 ❌ API ERROR: HTTP 503: <html>
<head><title>503 Service Temporarily Unavailable</title></head>
<body>
<center><h1>503 Service Temporarily Unavailable</h1></center>
<hr><center>nginx/1.29.3</center>
</body>
</html>

10:24:27 | INFO    | Q056 ✅ "Наказание за взяточничество предусматривает:..." → [1] (score: 1.0) [2.95с]
10:24:30 | INFO    | Q057 ❌ "Меры по противодействию коррупции включают:..." → [1, 2, 3] (score: 0.0) [2.56с]
10:24:30 | INFO    |       ⚠️ Ошибка: ожидалось [2, 3], получено [1, 2, 3]
10:24:33 | INFO    | Q058 ❌ "Виды ответственности при коррупционных правонарушениях..." → [1, 2, 3, 4, 5] (score: 0.0) [2.97с]
10:24:33 | INFO    |       ⚠️ Ошибка: ожидалось [2, 3, 4, 5], получено [1, 2, 3, 4, 5]
10:24:37 | INFO    | Q059 ❌ "Кто является председателем комиссии по борьбе с коррупцией в организации?..." → [2] (score: 0.0) [3.33с]
10:24:37 | INFO    |       ⚠️ Ошибка: ожидалось [1], получено [2]
10:24:40 | INFO    | Q060 ✅ "Когда сформировалась биоэтика?..." → [3] (score: 1.0) [2.63с]
10:24:40 | INFO    | 💾 Прогресс сохранён (#60)
10:24:44 | INFO    | Q061 ✅ "Какой международный биоэтический документ является элементом международного прав..." → [3] (score: 1.0) [2.99с]
10:24:47 | INFO    | Q062 ✅ "Выберите из перечисленных главные (основные) принципы биоэтики:..." → [1, 3, 4, 7] (score: 1.0) [2.69с]
10:24:50 | INFO    | Q063 ❌ "Выберите из перечисленных основные правила биоэтики:..." → [2, 4, 5, 6] (score: 0.0) [2.74с]
10:24:50 | INFO    |       ⚠️ Ошибка: ожидалось [2, 4, 5], получено [2, 4, 5, 6]
10:24:53 | INFO    | Q064 ❌ "Какие виды этических (биоэтических) комитетов (комиссий) существуют в Республике..." → [2, 3, 4, 5, 6] (score: 0.0) [2.62с]
10:24:53 | INFO    |       ⚠️ Ошибка: ожидалось [2, 3, 4], получено [2, 3, 4, 5, 6]
10:24:56 | INFO    | Q065 ✅ "Биоэтика – это..." → [1] (score: 1.0) [2.34с]
10:24:59 | INFO    | Q066 ✅ "Основателем биоэтики считается..." → [6] (score: 1.0) [2.51с]
10:25:02 | INFO    | Q067 ❌ "К основным моделям взаимоотношений врача и пациента относят..." → [1, 2, 3, 4, 5, 6] (score: 0.0) [2.70с]
10:25:02 | INFO    |       ⚠️ Ошибка: ожидалось [1, 2, 5, 6], получено [1, 2, 3, 4, 5, 6]
10:25:04 | INFO    | Q068 ✅ "Основной принцип гиппократовой модели медицинской этики..." → [1] (score: 1.0) [0.99с]
10:25:07 | INFO    | Q069 ✅ "Основной принцип медицинской этики Парацельса..." → [1] (score: 1.0) [2.48с]
10:25:09 | INFO    | Q070 ✅ "Патернализм (в медицине) это..." → [1] (score: 1.0) [1.29с]
10:25:09 | INFO    | 💾 Прогресс сохранён (#70)
10:25:10 | INFO    | Q071 ✅ "Какие вопросы должны быть оговорены при подписании документа об информированном ..." → [1, 2, 3, 4] (score: 1.0) [1.05с]
10:25:12 | INFO    | Q072 ❌ "Какие из нижеперечисленных правовых позиций посмертного забора органов для транс..." → [1, 2, 3, 4] (score: 0.0) [1.03с]
10:25:12 | INFO    |       ⚠️ Ошибка: ожидалось [1, 2, 3], получено [1, 2, 3, 4]
10:25:13 | INFO    | Q073 ❌ "Какая из нижеперечисленных правовых позиций посмертного забора органов для транс..." → [3] (score: 0.0) [0.79с]
10:25:13 | INFO    |       ⚠️ Ошибка: ожидалось [1], получено [3]
10:25:15 | INFO    | Q074 ✅ "Эвтаназия (включая активную и пассивную) это..." → [1, 4] (score: 1.0) [1.19с]
10:25:17 | INFO    | Q075 ✅ "Согласно классической стратегии хосписного движения..." → [1] (score: 1.0) [1.22с]
10:25:20 | INFO    | Q076 ✅ "В соответствии с Законом о вспомогательных репродуктивных технологиях (ВРТ) Респ..." → [2, 3, 5] (score: 1.0) [2.96с]
10:25:23 | INFO    | Q077 ❌ "Социальными показаниями для искусственного прерывания беременности в срок не бол..." → [1, 3, 5, 6] (score: 0.0) [2.82с]
10:25:23 | INFO    |       ⚠️ Ошибка: ожидалось [5, 7], получено [1, 3, 5, 6]
10:25:26 | INFO    | Q078 ❌ "Перечень социальных показаний для искусственного прерывания беременности утвержд..." → [3] (score: 0.0) [2.52с]
10:25:26 | INFO    |       ⚠️ Ошибка: ожидалось [1], получено [3]
10:25:30 | INFO    | Q079 ❌ "Этические проблемы современной психиатрии связаны с..." → [1, 2, 3, 4] (score: 0.0) [2.64с]
10:25:30 | INFO    |       ⚠️ Ошибка: ожидалось [1, 2, 4], получено [1, 2, 3, 4]
10:25:33 | INFO    | Q080 ✅ "Этические проблемы применения плацебо в исследовании связаны с..." → [2, 3] (score: 1.0) [2.85с]
10:25:33 | INFO    | 💾 Прогресс сохранён (#80)
10:25:36 | INFO    | Q081 ❌ "Согласно Закону о Здравоохранении Республики Беларусь (ред. 2021 г.) запрещено п..." → [1, 2, 4] (score: 0.0) [2.64с]
10:25:36 | INFO    |       ⚠️ Ошибка: ожидалось [1, 3], получено [1, 2, 4]
10:25:39 | INFO    | Q082 ✅ "Необходимо ли перед началом проведения биомедицинского исследования(испытания) п..." → [3] (score: 1.0) [2.48с]
10:25:42 | INFO    | Q083 ✅ "Биоэтический принцип 3R (касающийся исследования на лабораторных животных) требу..." → [1, 2, 4] (score: 1.0) [2.49с]
10:25:45 | INFO    | Q084 ✅ "Имеет ли право дееспособный (автономный) пациент отозвать свое согласие на прове..." → [1] (score: 1.0) [2.65с]
10:25:48 | INFO    | Q085 ✅ "Имеет ли право дееспособный (автономный) участник исследований отозвать свое сог..." → [2] (score: 1.0) [2.35с]
10:25:51 | INFO    | Q086 ❌ "В соответствии с современными этико-правовыми нормами имеет ли право лечащий вра..." → [1, 2, 4, 5] (score: 0.0) [2.66с]
10:25:51 | INFO    |       ⚠️ Ошибка: ожидалось [1, 2], получено [1, 2, 4, 5]
10:25:54 | INFO    | Q087 ✅ "Согласие на медицинское вмешательство/лечение/профилактические меры должно быть..." → [1, 4, 5] (score: 1.0) [2.48с]
10:25:57 | INFO    | Q088 ✅ "Согласие на простое медицинское вмешательство (ПМВ) в соответствии с Законом «О ..." → [1, 4] (score: 1.0) [2.61с]
10:26:00 | INFO    | Q089 ✅ "Форма согласия пациента на сложное медицинское вмешательство утверждена..." → [3] (score: 1.0) [2.64с]
10:26:02 | INFO    | Q090 ✅ "На территории Республики Беларусь осуществление эвтаназии..." → [3] (score: 1.0) [1.45с]
10:26:02 | INFO    | 💾 Прогресс сохранён (#90)
10:26:06 | INFO    | Q091 ❌ "В соответствии с Законом «О здравоохранении» близкие родственники – это..." → [3, 4, 7, 8, 9] (score: 0.0) [2.88с]
10:26:06 | INFO    |       ⚠️ Ошибка: ожидалось [2, 3, 4, 5, 7, 8, 9], получено [3, 4, 7, 8, 9]
10:26:08 | INFO    | Q092 ✅ "Право на искусственное прерывание беременности относится к..." → [3] (score: 1.0) [1.53с]
10:26:09 | INFO    | Q093 ✅ "Идеология – это:..." → [3] (score: 1.0) [0.99с]
10:26:11 | INFO    | Q094 ❌ "Основные компоненты идеологии белорусского государства:..." → [2, 3, 4, 5] (score: 0.0) [0.98с]
10:26:11 | INFO    |       ⚠️ Ошибка: ожидалось [1, 4, 5, 6], получено [2, 3, 4, 5]
10:26:12 | INFO    | Q095 ✅ "Кто ввел термин «идеология»?..." → [6] (score: 1.0) [0.94с]
10:26:14 | INFO    | Q096 ✅ "На каком этапе развития в настоящее время находится идеология белорусского госуд..." → [1] (score: 1.0) [0.84с]
10:26:15 | INFO    | Q097 ❌ "В соответствии с Конституцией страны Республика Беларусь – это:..." → [3, 4, 6] (score: 0.0) [0.98с]
10:26:15 | INFO    |       ⚠️ Ошибка: ожидалось [2, 3, 4, 6], получено [3, 4, 6]
10:26:18 | INFO    | Q098 ✅ "Демократия в Республике Беларусь осуществляется на основе:..." → [1] (score: 1.0) [2.69с]
10:26:21 | INFO    | Q099 ✅ "Какое общественно-политическое течение придерживается следующих принципов – своб..." → [1] (score: 1.0) [2.42с]
10:26:24 | INFO    | Q100 ✅ "Какое общественно-политическое течение придерживается следующих принципов – прив..." → [2] (score: 1.0) [2.77с]
10:26:24 | INFO    | 💾 Прогресс сохранён (#100)
10:26:27 | INFO    | Q101 ✅ "Какое общественно-политическое течение придерживается принципов социальной справ..." → [3] (score: 1.0) [2.47с]
10:26:30 | INFO    | Q102 ✅ "Государственная власть в Республике Беларусь разделена на:..." → [2] (score: 1.0) [2.34с]
10:26:33 | INFO    | Q103 ✅ "Ветви государственной власти в Республике Беларусь делятся на:..." → [1] (score: 1.0) [2.48с]
10:26:36 | INFO    | Q104 ✅ "Законодательным органом Республики Беларусь является:..." → [3] (score: 1.0) [2.42с]
10:26:39 | INFO    | Q105 ✅ "Административно-территориальное деление Республики Беларусь определяется:..." → [1] (score: 1.0) [2.49с]
10:26:42 | INFO    | Q106 ✅ "Символами Республики Беларусь как суверенного государства являются:..." → [1, 2, 4] (score: 1.0) [2.51с]
10:26:45 | INFO    | Q107 ❌ "Выборы депутатов в Республике Беларусь в соответствии с Конституцией являются :..." → [3, 4] (score: 0.0) [2.45с]
10:26:45 | INFO    |       ⚠️ Ошибка: ожидалось [4], получено [3, 4]
10:26:48 | INFO    | Q108 ✅ "Всебелорусское народное собрание в соответствии с Конституцией Республики Белару..." → [2] (score: 1.0) [2.66с]
10:26:52 | INFO    | Q109 ✅ "Компетенция, порядок формирования и деятельности Всебелорусского народного собра..." → [2] (score: 1.0) [2.80с]
10:26:54 | INFO    | Q110 ❌ "Решения, принятые референдумом, могут быть изменены или отменены:..." → [3] (score: 0.0) [2.37с]
10:26:54 | INFO    |       ⚠️ Ошибка: ожидалось [2], получено [3]
10:26:54 | INFO    | 💾 Прогресс сохранён (#110)
10:26:57 | INFO    | Q111 ✅ "Бесплатное лечение за счет государственных средств в порядке, установленном зако..." → [1] (score: 1.0) [2.40с]
10:27:00 | INFO    | Q112 ❌ "Приоритеты социально-экономического развития Республики Беларусь на 2021–2025 гг..." → [2, 5] (score: 0.0) [2.60с]
10:27:00 | INFO    |       ⚠️ Ошибка: ожидалось [1, 2, 3, 4], получено [2, 5]
10:27:03 | INFO    | Q113 ✅ "Государственную политику в области здравоохранения определяет:..." → [2] (score: 1.0) [1.87с]
10:27:05 | INFO    | Q114 ✅ "Целевой показатель ожидаемой продолжительности жизни населения Республики Белару..." → [1] (score: 1.0) [1.86с]
10:27:07 | INFO    | Q115 ❌ "Основные типы социально-экономического развития:..." → [1, 2, 4, 5, 6] (score: 0.0) [1.37с]
10:27:07 | INFO    |       ⚠️ Ошибка: ожидалось [1, 2, 3, 4], получено [1, 2, 4, 5, 6]
10:27:09 | INFO    | Q116 ✅ "Особенности белоруской модели социально-экономического развития:..." → [3, 4, 5] (score: 1.0) [1.09с]
10:27:10 | INFO    | Q117 ✅ "Совокупность Целей устойчивого развития как отражение глобальных мировых преобра..." → [1] (score: 1.0) [1.21с]
10:27:14 | INFO    | Q118 ✅ "Цели устойчивого развития приняты:..." → [1] (score: 1.0) [3.00с]
10:27:18 | INFO    | Q119 ❌ "Стратегическим целями в развитии здравоохранения до 2035 года является:..." → [1, 2, 3, 5, 6] (score: 0.0) [3.34с]
10:27:18 | INFO    |       ⚠️ Ошибка: ожидалось [2, 3, 5], получено [1, 2, 3, 5, 6]
10:27:21 | INFO    | Q120 ❌ "Кто провозгласил, что идеология должна лежать в основе политики?..." → [3] (score: 0.0) [2.96с]
10:27:21 | INFO    |       ⚠️ Ошибка: ожидалось [1], получено [3]
10:27:21 | INFO    | 💾 Прогресс сохранён (#120)
10:27:25 | INFO    | Q121 ✅ "Какая идеология придерживается принципов тоталитаризма, пропагандой превосходств..." → [1] (score: 1.0) [2.82с]
10:27:27 | INFO    | Q122 ❌ "Назовите 2 компонента цели государственной программы «Здоровье народа и демограф..." → [2, 4] (score: 0.0) [2.43с]
10:27:27 | INFO    |       ⚠️ Ошибка: ожидалось [3, 4], получено [2, 4]
10:27:30 | INFO    | Q123 ❌ "В соответствии с Конституцией Республикой Беларусь реализуется политика..." → [3] (score: 0.0) [2.28с]
10:27:30 | INFO    |       ⚠️ Ошибка: ожидалось [2], получено [3]
10:27:33 | INFO    | Q124 ❌ "Гарантом Конституции в Республике Беларусь выступает..." → [2] (score: 0.0) [2.49с]
10:27:33 | INFO    |       ⚠️ Ошибка: ожидалось [3], получено [2]
10:27:36 | INFO    | Q125 ❌ "Сколько раз в Конституцию Республики Беларусь вносились изменения..." → [2] (score: 0.0) [2.58с]
10:27:36 | INFO    |       ⚠️ Ошибка: ожидалось [3], получено [2]
10:27:39 | INFO    | Q126 ❌ "Норма о едином Дне голосования изначально внесена в Конституцию Республики Белар..." → [1] (score: 0.0) [2.52с]
10:27:39 | INFO    |       ⚠️ Ошибка: ожидалось [2], получено [1]
10:27:42 | INFO    | Q127 ✅ "Что изучает клиническая фармакология?..." → [2] (score: 1.0) [2.37с]
10:27:45 | INFO    | Q128 ✅ "В какое учреждение необходимо рапортовать о нежелательном эффекте ЛС?..." → [3] (score: 1.0) [2.49с]
10:27:48 | INFO    | Q129 ✅ "Что Вы понимаете под термином непатентованное международное название ЛС?..." → [2] (score: 1.0) [2.46с]
10:27:51 | INFO    | Q130 ❌ "Какое наименование ЛС следует указывать при выписывании рецепта?..." → [3] (score: 0.0) [2.44с]
10:27:51 | INFO    |       ⚠️ Ошибка: ожидалось [2], получено [3]
10:27:51 | INFO    | 💾 Прогресс сохранён (#130)
10:27:54 | INFO    | Q131 ✅ "Что обозначают буквенные сочетания SR, Лонг, ретард, стоящие после названия ЛС?..." → [3] (score: 1.0) [2.61с]
10:27:58 | INFO    | Q132 ✅ "Что Вы понимаете под термином этиотропная фармакотерапия?..." → [4] (score: 1.0) [2.82с]
10:28:00 | INFO    | Q133 ✅ "Что Вы понимаете под термином патогенетическая фармакотерапия?..." → [3] (score: 1.0) [2.42с]
10:28:02 | INFO    | Q134 ✅ "Что Вы понимаете под термином заместительная фармакотерапия?..." → [4] (score: 1.0) [1.09с]
10:28:05 | INFO    | Q135 ❌ "Что Вы понимаете под термином симптоматическая фармакотерапия?..." → [1, 3] (score: 0.0) [2.78с]
10:28:05 | INFO    |       ⚠️ Ошибка: ожидалось [1], получено [1, 3]
10:28:07 | INFO    | Q136 ✅ "Что Вы понимаете под термином профилактическое применение ЛС?..." → [4] (score: 1.0) [1.36с]
10:28:09 | INFO    | Q137 ✅ "Что Вы понимаете термином паллиативная фармакотерапия?..." → [1] (score: 1.0) [0.96с]
10:28:10 | INFO    | Q138 ✅ "Какие пути введения ЛС относятся к энтеральным?..." → [4] (score: 1.0) [1.10с]
10:28:12 | INFO    | Q139 ✅ "Какие пути введения ЛС относятся к парентеральным?..." → [1] (score: 1.0) [1.15с]
10:28:15 | INFO    | Q140 ❌ "Какие факторы влияют на всасывание ЛС в ЖКТ?..." → [1, 3, 4] (score: 0.0) [3.00с]
10:28:15 | INFO    |       ⚠️ Ошибка: ожидалось [3], получено [1, 3, 4]
10:28:15 | INFO    | 💾 Прогресс сохранён (#140)
10:28:19 | INFO    | Q141 ✅ "Что Вы понимаете под термином пресистемная элиминация?..." → [3] (score: 1.0) [2.84с]
10:28:22 | INFO    | Q142 ✅ "Что понимают под термином терапевтический мониторинг лекарств?..." → [3] (score: 1.0) [2.63с]
10:28:25 | INFO    | Q143 ✅ "Какой из перечисленных НПВС оказывает выраженное обезболивающее действие?..." → [3] (score: 1.0) [2.45с]
10:28:28 | INFO    | Q144 ❌ "Какой из перечисленных НПВС оказывает выраженное жаропонижающее действие?..." → [1, 3] (score: 0.0) [2.44с]
10:28:28 | INFO    |       ⚠️ Ошибка: ожидалось [2], получено [1, 3]
10:28:31 | INFO    | Q145 ✅ "Какие из препаратов относятся к гиполипидемическим ЛС?..." → [1, 3] (score: 1.0) [2.49с]
10:28:34 | INFO    | Q146 ✅ "Основным показанием к назначению блокаторов Н2-рецепторов является:..." → [5] (score: 1.0) [2.45с]
10:28:37 | INFO    | Q147 ✅ "Какое из перечисленных средств, используемых для лечения язвенной болезни желудк..." → [3] (score: 1.0) [2.39с]
10:28:40 | INFO    | Q148 ✅ "Какое из антацидных, обволакивающих и абсорбирующих ЛС оказывает системное дейст..." → [4] (score: 1.0) [2.71с]
10:28:43 | INFO    | Q149 ✅ "Отметить антибиотики широкого спектра действия из группы пенициллинов:..." → [2, 4] (score: 1.0) [2.53с]
10:28:46 | INFO    | Q150 ❌ "Укажите препарат длительного действия из группы тетрациклинов с биодоступностью ..." → [3] (score: 0.0) [2.53с]
10:28:46 | INFO    |       ⚠️ Ошибка: ожидалось [4], получено [3]
10:28:46 | INFO    | 💾 Прогресс сохранён (#150)
10:28:49 | INFO    | Q151 ✅ "Отметить препарат, обладающий наиболее широким спектром противовирусного действи..." → [4] (score: 1.0) [2.53с]
10:28:52 | INFO    | Q152 ✅ "Антибиотики группы пенициллинов наиболее часто вызывают:..." → [3] (score: 1.0) [2.53с]
10:28:55 | INFO    | Q153 ✅ "Укажите механизм действия фторхинолонов:..." → [2] (score: 1.0) [2.63с]
10:28:58 | INFO    | Q154 ✅ "Какие антибиотики наиболее часто вызывают ото- и нефротоксичность?..." → [2] (score: 1.0) [2.40с]
10:29:01 | INFO    | Q155 ✅ "Какой из антибиотиков наиболее часто вызывает псевдомембранозный колит?..." → [4] (score: 1.0) [2.48с]
10:29:02 | INFO    | Q156 ❌ "Какие из ингибиторов АПФ оказывают гипотензивное действие при сублингвальном при..." → [1, 2, 4] (score: 0.0) [0.91с]
10:29:02 | INFO    |       ⚠️ Ошибка: ожидалось [1, 4], получено [1, 2, 4]
10:29:04 | INFO    | Q157 ✅ "Какой из ингаляторных бронхолитиков купирует приступ бронхиальной астмы?..." → [4] (score: 1.0) [1.21с]
10:29:06 | INFO    | Q158 ✅ "Какой антиангинальный препарат купирует приступ стенокардии?..." → [2] (score: 1.0) [1.47с]
10:29:08 | INFO    | Q159 ✅ "Укажите антибиотик малоактивный в отношении пневмококка:..." → [3] (score: 1.0) [1.02с]
10:29:10 | INFO    | Q160 ✅ "Какой местный антимикотик разрешен к применению беременным и кормящим?..." → [1] (score: 1.0) [1.82с]
10:29:10 | INFO    | 💾 Прогресс сохранён (#160)
10:29:12 | INFO    | Q161 ✅ "Показания к применению пирантела:..." → [2, 4] (score: 1.0) [1.18с]
10:29:15 | INFO    | Q162 ✅ "При системных микозах эффективны:..." → [1, 2] (score: 1.0) [3.09с]
10:29:18 | INFO    | Q163 ✅ "Биодоступность:..." → [3] (score: 1.0) [2.51с]
10:29:21 | INFO    | Q164 ✅ "Какое из следующих гипотензивных ЛС действует путем блокады периферических α1-ад..." → [3] (score: 1.0) [2.68с]
10:29:24 | INFO    | Q165 ✅ "Какой из перечисленных побочных эффектов не характерен для ингибиторов АПФ?..." → [3] (score: 1.0) [2.50с]
10:29:28 | INFO    | Q166 ✅ "К сердечным гликозидам относится:..." → [2, 4] (score: 1.0) [2.55с]
10:29:31 | INFO    | Q167 ✅ "Из нижеперечисленных антибиотиков к группе аминогликозидов относится:..." → [2] (score: 1.0) [2.67с]
10:29:34 | INFO    | Q168 ✅ "Комбинация гентамицина и амикацина считается:..." → [1] (score: 1.0) [2.41с]
10:29:37 | INFO    | Q169 ✅ "Основным механизмом действия нестероидных противовоспалительных средств является..." → [1] (score: 1.0) [2.46с]
10:29:39 | INFO    | Q170 ✅ "Основным фармакодинамическим эффектом нестероидных противовоспалительных средств..." → [4] (score: 1.0) [2.33с]
10:29:39 | INFO    | 💾 Прогресс сохранён (#170)
10:29:43 | INFO    | Q171 ✅ "Укажите характерный для нифедипина фармакодинамический эффект:..." → [3] (score: 1.0) [2.59с]
10:29:46 | INFO    | Q172 ✅ "Период полувыведения лекарственного средства (т1/2 ) — это:..." → [3] (score: 1.0) [2.65с]
10:29:49 | INFO    | Q173 ✅ "Укажите антибиотики из группы фторхинолонов с антианаэробной активностью:..." → [2] (score: 1.0) [2.50с]
10:29:52 | INFO    | Q174 ❌ "Назовите фторхинолон максимально подавляющий синегнойную палочку:..." → [1] (score: 0.0) [2.76с]
10:29:52 | INFO    |       ⚠️ Ошибка: ожидалось [4], получено [1]
10:29:55 | INFO    | Q175 ❌ "Какой микроорганизм является наиболее вероятным возбудителем при некротизирующим..." → [3, 4] (score: 0.0) [2.50с]
10:29:55 | INFO    |       ⚠️ Ошибка: ожидалось [4], получено [3, 4]
10:29:58 | INFO    | Q176 ❌ "Антибиотик выбора для лечения остеомиелита:..." → [3] (score: 0.0) [2.46с]
10:29:58 | INFO    |       ⚠️ Ошибка: ожидалось [2], получено [3]
10:30:01 | INFO    | Q177 ✅ "Назовите лекарственные средства с антисекреторным действием для лечения острого ..." → [2] (score: 1.0) [2.81с]
10:30:03 | INFO    | Q178 ❌ "Антибиотики выбора для лечения эмпиемы плевры:..." → [1, 2, 3] (score: 0.0) [1.10с]
10:30:03 | INFO    |       ⚠️ Ошибка: ожидалось [2], получено [1, 2, 3]
10:30:05 | INFO    | Q179 ❌ "Укажите местное средство для снятия боли при остром геморрое:..." → [1, 4] (score: 0.0) [1.37с]
10:30:05 | INFO    |       ⚠️ Ошибка: ожидалось [1], получено [1, 4]
10:30:07 | INFO    | Q180 ❌ "Назовите лекарственное средство для профилактики ТЭЛА при сочетанной травме нижн..." → [3, 4] (score: 0.0) [1.91с]
10:30:07 | INFO    |       ⚠️ Ошибка: ожидалось [4], получено [3, 4]
10:30:07 | INFO    | 💾 Прогресс сохранён (#180)
10:30:10 | INFO    | Q181 ❌ "Какое осложнение можно ожидать при применении кеторолака (кетанова) внутримышечн..." → [3, 4] (score: 0.0) [2.74с]
10:30:10 | INFO    |       ⚠️ Ошибка: ожидалось [4], получено [3, 4]
10:30:14 | INFO    | Q182 ✅ "К β-лактамных антибиотикам относятся:..." → [3, 5] (score: 1.0) [2.64с]
10:30:15 | INFO    | Q183 ✅ "Антибиотик выбора для лечения инфекций, вызванной полирезистентной гр+ флорой:..." → [4] (score: 1.0) [1.16с]
10:30:19 | INFO    | Q184 ✅ "Назовите антибиотики для предоперационной антибиотикопрофилактики:..." → [2] (score: 1.0) [3.03с]
10:30:22 | INFO    | Q185 ✅ "Антианаэробной активностью обладают следующие антибиотики:..." → [2, 3] (score: 1.0) [2.71с]
10:30:25 | INFO    | Q186 ❌ "Назовите антибиотики для лечения синегнойной палочкой:..." → [1, 2, 5] (score: 0.0) [2.65с]
10:30:25 | INFO    |       ⚠️ Ошибка: ожидалось [2, 5], получено [1, 2, 5]
10:30:28 | INFO    | Q187 ✅ "Укажите наиболее частые причины возникновения приступов стенокардии напряжения:..." → [3, 5] (score: 1.0) [2.59с]
10:30:31 | INFO    | Q188 ✅ "Антибиотик выбора для лечения острого цистита:..." → [4] (score: 1.0) [2.42с]
10:30:34 | INFO    | Q189 ❌ "Укажите лекарственное средство для купирования гипертонического криза, противопо..." → [4] (score: 0.0) [2.41с]
10:30:34 | INFO    |       ⚠️ Ошибка: ожидалось [2], получено [4]
10:30:37 | INFO    | Q190 ✅ "К макролидным антибиотикам относятся все, кроме:..." → [3] (score: 1.0) [2.61с]
10:30:37 | INFO    | 💾 Прогресс сохранён (#190)
10:30:45 | INFO    | Q191 ❌ "К «защищенным» β-лактамам относятся все, кроме:..." → [2] (score: 0.0) [7.83с]
10:30:45 | INFO    |       ⚠️ Ошибка: ожидалось [2, 3], получено [2]
10:30:48 | INFO    | Q192 ✅ "Количественным выражением активности антибактериального препарата является:..." → [1] (score: 1.0) [2.35с]
10:30:51 | INFO    | Q193 ✅ "Антибиотик выбора для лечения острого простатита:..." → [4] (score: 1.0) [2.59с]
10:30:55 | INFO    | Q194 ✅ "К уроантисептикам относятся:..." → [3, 4] (score: 1.0) [2.82с]
10:30:58 | INFO    | Q195 ❌ "Какой из следующих режимов является лучшим при назначении аминогликозидов?..." → [1, 3] (score: 0.0) [2.46с]
10:30:58 | INFO    |       ⚠️ Ошибка: ожидалось [4], получено [1, 3]
10:31:01 | INFO    | Q196 ✅ "Нефротоксичными являются все перечисленные антибактериальные препараты, кроме:..." → [2] (score: 1.0) [2.42с]
10:31:02 | INFO    | Q197 ✅ "Применение каких антимикробных препаратов наиболее безопасно во время беременнос..." → [5] (score: 1.0) [0.95с]
10:31:04 | INFO    | Q198 ✅ "При наличии почечной недостаточности не требуется коррекция доз препаратов:..." → [3] (score: 1.0) [1.20с]
10:31:07 | INFO    | Q199 ✅ "Меропенем в сравнении с имипенемом обладает:..." → [2] (score: 1.0) [2.32с]
10:31:08 | INFO    | Q200 ❌ "Бактерицидным эффектом обладают все перечисленные препараты, кроме:..." → [1] (score: 0.0) [0.90с]
10:31:08 | INFO    |       ⚠️ Ошибка: ожидалось [1, 3], получено [1]
10:31:08 | INFO    | 💾 Прогресс сохранён (#200)
10:31:10 | INFO    | Q201 ❌ "Наиболее частой нежелательной лекарственной реакцией, приводящей к летальному ис..." → [3] (score: 0.0) [1.10с]
10:31:10 | INFO    |       ⚠️ Ошибка: ожидалось [1], получено [3]
10:31:11 | INFO    | Q202 ❌ "Для АБТ уретрита ассоциированного с Mycoplasma genitalium может быть назначен:..." → [1, 2] (score: 0.0) [0.93с]
10:31:11 | INFO    |       ⚠️ Ошибка: ожидалось [1], получено [1, 2]
10:31:13 | INFO    | Q203 ✅ "При патологии почек возникают следующие изменения фармакокинетики лекарств, кром..." → [4] (score: 1.0) [1.03с]
10:31:14 | INFO    | Q204 ✅ "Укажите препарат, который нельзя использовать при синусовой тахикардии:..." → [3] (score: 1.0) [1.30с]
10:31:16 | INFO    | Q205 ✅ "Укажите снотворные лекарственные средства, минимально влияющие на структуру сна:..." → [3] (score: 1.0) [0.94с]
10:31:17 | INFO    | Q206 ✅ "Какой из антибиотиков вызывает угнетение кроветворения (анемия, лейкопения, агра..." → [3] (score: 1.0) [0.90с]
10:31:19 | INFO    | Q207 ✅ "Какое ЛС должно использоваться в первую очередь при анафилактическом шоке?..." → [4] (score: 1.0) [0.92с]
10:31:20 | INFO    | Q208 ✅ "Какой из перечисленных ЛС является препаратом выбора при нестерпимых болях (кард..." → [1] (score: 1.0) [0.90с]
10:31:24 | INFO    | Q209 ✅ "Какой самый высокий уровень доказательности данных, на которых основываются реко..." → [3] (score: 1.0) [3.19с]
10:31:26 | INFO    | Q210 ❌ "Назовите лекарственные средства для восстановления сна при дисинхронозе:..." → [2, 3] (score: 0.0) [1.33с]
10:31:26 | INFO    |       ⚠️ Ошибка: ожидалось [2], получено [2, 3]
10:31:26 | INFO    | 💾 Прогресс сохранён (#210)
10:31:30 | INFO    | Q211 ❌ "Назовите препарат выбора из местных анестетиков во время беременности:..." → [2] (score: 0.0) [3.56с]
10:31:30 | INFO    |       ⚠️ Ошибка: ожидалось [1], получено [2]
10:31:33 | INFO    | Q212 ❌ "Назовите противогрибковые ЛС, которые практически не всасываются в ЖКТ:..." → [1, 3] (score: 0.0) [2.36с]
10:31:33 | INFO    |       ⚠️ Ошибка: ожидалось [1], получено [1, 3]
10:31:36 | INFO    | Q213 ❌ "Какой из антисептиков подавляет анаэробы в ране?..." → [3] (score: 0.0) [2.59с]
10:31:36 | INFO    |       ⚠️ Ошибка: ожидалось [4], получено [3]
10:31:39 | INFO    | Q214 ✅ "Назовите ЛС для купирования приступа подагры:..." → [3] (score: 1.0) [2.71с]
10:31:42 | INFO    | Q215 ✅ "Наиболее частым возбудителем внебольничной пневмонии является:..." → [1] (score: 1.0) [2.42с]
10:31:45 | INFO    | Q216 ✅ "Ступенчатая терапия пневмоний это:..." → [1] (score: 1.0) [2.44с]
10:31:48 | INFO    | Q217 ❌ "Незащищенные аминопенициллины активны в отношении:..." → [1] (score: 0.0) [2.41с]
10:31:48 | INFO    |       ⚠️ Ошибка: ожидалось [1, 4], получено [1]
10:31:51 | INFO    | Q218 ✅ "Доказанным дополнительным противовоспалительным и иммуномодулирующим действием о..." → [5] (score: 1.0) [2.58с]
10:31:54 | INFO    | Q219 ❌ "Однократно в сутки при инфекциях дыхательных путей могут назначаться:..." → [2, 5] (score: 0.0) [2.59с]
10:31:54 | INFO    |       ⚠️ Ошибка: ожидалось [4, 5], получено [2, 5]
10:31:57 | INFO    | Q220 ✅ "Антисинегнойной активностью обладают все кроме:..." → [4] (score: 1.0) [2.44с]
10:31:57 | INFO    | 💾 Прогресс сохранён (#220)
10:32:00 | INFO    | Q221 ✅ "Тахифилаксия – это..." → [1, 4] (score: 1.0) [2.52с]
10:32:03 | INFO    | Q222 ❌ "При лечении больших припадков эпилепсии применяют..." → [2, 3, 4] (score: 0.0) [2.79с]
10:32:03 | INFO    |       ⚠️ Ошибка: ожидалось [2, 3], получено [2, 3, 4]
10:32:07 | INFO    | Q223 ✅ "Снотворные средства..." → [1, 4] (score: 1.0) [2.93с]
10:32:08 | INFO    | Q224 ✅ "Отметить наркотические (опиоидные) анальгетики..." → [2, 4] (score: 1.0) [0.87с]
10:32:09 | INFO    | Q225 ✅ "К инсулинам ультрабыстрого действия относят..." → [4] (score: 1.0) [1.01с]
10:32:11 | INFO    | Q226 ❌ "Оптимальное место для введения короткого инсулина в..." → [2, 3, 4] (score: 0.0) [1.25с]
10:32:11 | INFO    |       ⚠️ Ошибка: ожидалось [3], получено [2, 3, 4]
10:32:13 | INFO    | Q227 ❌ "Сколько этапов в организации экстренной медицинской помощи при ЧС?..." → [1] (score: 0.0) [0.97с]
10:32:13 | INFO    |       ⚠️ Ошибка: ожидалось [4], получено [1]
10:32:14 | INFO    | Q228 ✅ "Что такое система лечебно-эвакуационного обеспечения при ЧС?..." → [3] (score: 1.0) [1.17с]
10:32:16 | INFO    | Q229 ✅ "Перечислите поражающие факторы чрезвычайных ситуаций:..." → [3] (score: 1.0) [1.31с]
10:32:20 | INFO    | Q230 ❌ "Определения понятия «этап медицинской эвакуации»..." → [1] (score: 0.0) [3.05с]
10:32:20 | INFO    |       ⚠️ Ошибка: ожидалось [4], получено [1]
10:32:20 | INFO    | 💾 Прогресс сохранён (#230)
10:32:23 | INFO    | Q231 ❌ "Дайте определение медицинской сортировке..." → [1, 5] (score: 0.0) [2.76с]
10:32:23 | INFO    |       ⚠️ Ошибка: ожидалось [5], получено [1, 5]
10:32:26 | INFO    | Q232 ❌ "Дайте определение понятию «первичный осмотр»..." → [1, 3] (score: 0.0) [2.76с]
10:32:26 | INFO    |       ⚠️ Ошибка: ожидалось [3], получено [1, 3]
10:32:30 | INFO    | Q233 ❌ "Цель медицинской сортировки заключается в:..." → [4, 5] (score: 0.0) [3.74с]
10:32:30 | INFO    |       ⚠️ Ошибка: ожидалось [4], получено [4, 5]
10:32:34 | INFO    | Q234 ✅ "Подозрительное на бешенство животное нанесло глубокую рану голени пострадавшему...." → [1] (score: 1.0) [3.38с]
10:32:37 | INFO    | Q235 ✅ "Защита при действии хлора:..." → [2] (score: 1.0) [2.40с]
10:32:40 | INFO    | Q236 ❌ "Защита при действии сероводорода:..." → [1, 4] (score: 0.0) [2.69с]
10:32:40 | INFO    |       ⚠️ Ошибка: ожидалось [1], получено [1, 4]
10:32:44 | INFO    | Q237 ❌ "Защита при действии аммиака:..." → [1, 4] (score: 0.0) [2.56с]
10:32:44 | INFO    |       ⚠️ Ошибка: ожидалось [3], получено [1, 4]
10:32:47 | INFO    | Q238 ✅ "Схема йодной профилактики при радиационных авариях для детей от 3 до 14 лет:..." → [4] (score: 1.0) [2.49с]
10:32:50 | INFO    | Q239 ❌ "Схема йодной профилактики при радиационных авариях для взрослого населения:..." → [2] (score: 0.0) [2.60с]
10:32:50 | INFO    |       ⚠️ Ошибка: ожидалось [3], получено [2]
10:32:53 | INFO    | Q240 ❌ "Что понимают под термином “Катастрофа”?..." → [2, 3, 4] (score: 0.0) [2.61с]
10:32:53 | INFO    |       ⚠️ Ошибка: ожидалось [1, 3, 4], получено [2, 3, 4]
10:32:53 | INFO    | 💾 Прогресс сохранён (#240)
10:32:56 | INFO    | Q241 ✅ "Абсолютным симптомом переломов является:..." → [2] (score: 1.0) [2.43с]
10:32:59 | INFO    | Q242 ✅ "Для клинической картины острой кровопотери не характерно:..." → [3] (score: 1.0) [2.82с]
10:33:02 | INFO    | Q243 ✅ "Подтверждением правильности наложения кровоостанавливающего жгута является:..." → [4] (score: 1.0) [2.92с]
10:33:06 | INFO    | Q244 ✅ "Первая врачебная помощь при открытом наружном пневмотораксе:..." → [4] (score: 1.0) [3.19с]
10:33:08 | INFO    | Q245 ✅ "Укажите симптом ушиба мягких тканей головы у пострадавшего:..." → [2] (score: 1.0) [1.01с]
10:33:09 | INFO    | Q246 ✅ "Укажите симптомы легкой черепно-мозговой травмы:..." → [1] (score: 1.0) [1.01с]
10:33:11 | INFO    | Q247 ✅ "Медицинская этика и деонтология – это..." → [4] (score: 1.0) [1.12с]
10:33:12 | INFO    | Q248 ✅ "Главный принцип Гиппократовой модели медицинской этики -..." → [4] (score: 1.0) [1.16с]
10:33:14 | INFO    | Q249 ✅ "В каком виде должна излагаться информация пациенту о состоянии его здоровья/пред..." → [1, 5] (score: 1.0) [0.98с]
10:33:15 | INFO    | Q250 ✅ "Расценивать ли как этически правильное и юридически законное подписание информир..." → [2, 3] (score: 1.0) [0.96с]
10:33:15 | INFO    | 💾 Прогресс сохранён (#250)
10:33:17 | INFO    | Q251 ✅ "Эмпатия в профессиональной деятельности врача – это..." → [2] (score: 1.0) [1.31с]
10:33:19 | INFO    | Q252 ✅ "Медицинское вмешательство осуществляется..." → [1, 3, 4] (score: 1.0) [1.14с]
10:33:21 | INFO    | Q253 ✅ "Уважение частной жизни пациента со стороны лечащего врача предполагает..." → [3, 4] (score: 1.0) [1.21с]
10:33:22 | INFO    | Q254 ❌ "Модели взаимоотношений «врач – пациент»:..." → [1, 3, 4, 5] (score: 0.0) [1.05с]
10:33:22 | INFO    |       ⚠️ Ошибка: ожидалось [1, 2, 3, 4], получено [1, 3, 4, 5]
10:33:24 | INFO    | Q255 ✅ "Процесс информирования пациента перед подписанием информированного согласия пред..." → [2, 5] (score: 1.0) [1.67с]
10:33:28 | INFO    | Q256 ❌ "Сообщение о «плохих» новостях должно проводиться..." → [1, 2, 3] (score: 0.0) [2.73с]
10:33:28 | INFO    |       ⚠️ Ошибка: ожидалось [1], получено [1, 2, 3]
10:33:31 | INFO    | Q257 ✅ "Американский протокол SPIKES определяет..." → [4] (score: 1.0) [2.48с]
10:33:34 | INFO    | Q258 ❌ "Согласно Э.Кюблер-Рос основные психологические стадии болезни у пациентов включа..." → [1, 3, 5, 6] (score: 0.0) [2.59с]
10:33:34 | INFO    |       ⚠️ Ошибка: ожидалось [1, 2, 3, 5, 6], получено [1, 3, 5, 6]
10:33:36 | INFO    | Q259 ✅ "Для сообщения о плохих новостях пациенту врачу лучше всего..." → [3] (score: 1.0) [2.34с]
10:33:40 | INFO    | Q260 ✅ "Протокол SPICES, подготовленный американскими онкологами Bailea, Buckman и др. п..." → [3, 4] (score: 1.0) [2.98с]
10:33:40 | INFO    | 💾 Прогресс сохранён (#260)
10:33:43 | INFO    | Q261 ✅ "Правила медицинской этики и деонтологии утверждены..." → [2] (score: 1.0) [2.65с]
10:33:46 | INFO    | Q262 ❌ "Профессиональная деятельность медицинских, фармацевтических работников основывае..." → [1, 2, 3, 4, 5, 6, 7] (score: 0.0) [2.71с]
10:33:46 | INFO    |       ⚠️ Ошибка: ожидалось [1, 2, 3, 4, 6, 8], получено [1, 2, 3, 4, 5, 6, 7]
10:33:49 | INFO    | Q263 ❌ "Принцип гуманизма заключается в проявлении медицинскими, фармацевтическими работ..." → [1, 2, 3, 6, 7, 8] (score: 0.0) [2.61с]
10:33:49 | INFO    |       ⚠️ Ошибка: ожидалось [1, 2, 3, 5, 6, 7], получено [1, 2, 3, 6, 7, 8]
10:33:52 | INFO    | Q264 ❌ "Принцип профессионализма включает в себя..." → [1, 2, 4, 5, 6, 7, 8] (score: 0.0) [2.48с]
10:33:52 | INFO    |       ⚠️ Ошибка: ожидалось [1, 2, 4, 6, 7], получено [1, 2, 4, 5, 6, 7, 8]
10:33:55 | INFO    | Q265 ❌ "Взаимоотношения медицинских, фармацевтических работников с коллегами строятся на..." → [1, 2, 3] (score: 0.0) [2.41с]
10:33:55 | INFO    |       ⚠️ Ошибка: ожидалось [1, 2], получено [1, 2, 3]
10:33:58 | INFO    | Q266 ❌ "Сердечно-легочная реанимация – это..." → [2, 3] (score: 0.0) [2.42с]
10:33:58 | INFO    |       ⚠️ Ошибка: ожидалось [3], получено [2, 3]
10:34:01 | INFO    | Q267 ❌ "Указать периоды развития терминальных состояний:..." → [1, 2, 3, 4] (score: 0.0) [2.66с]
10:34:01 | INFO    |       ⚠️ Ошибка: ожидалось [1, 2, 4], получено [1, 2, 3, 4]
10:34:05 | INFO    | Q268 ❌ "Период угасания жизненно важных функций состоит из:..." → [2, 3, 4] (score: 0.0) [2.68с]
10:34:05 | INFO    |       ⚠️ Ошибка: ожидалось [1, 2, 3], получено [2, 3, 4]
10:34:07 | INFO    | Q269 ✅ "Основные признаки предагонии:..." → [1, 3, 4] (score: 1.0) [1.42с]
10:34:08 | INFO    | Q270 ❌ "Основные признаки агонии:..." → [1, 3, 4] (score: 0.0) [0.88с]
10:34:08 | INFO    |       ⚠️ Ошибка: ожидалось [4], получено [1, 3, 4]
10:34:08 | INFO    | 💾 Прогресс сохранён (#270)
10:34:10 | INFO    | Q271 ✅ "Клиническая смерть — это:..." → [1, 2, 4] (score: 1.0) [1.25с]
10:34:11 | INFO    | Q272 ❌ "Длительность клинической смерти:..." → [1, 4] (score: 0.0) [0.95с]
10:34:11 | INFO    |       ⚠️ Ошибка: ожидалось [1, 2, 4], получено [1, 4]
10:34:13 | INFO    | Q273 ❌ "Признаки клинической смерти:..." → [1, 2, 3, 4] (score: 0.0) [0.95с]
10:34:13 | INFO    |       ⚠️ Ошибка: ожидалось [1, 2, 3], получено [1, 2, 3, 4]
10:34:14 | INFO    | Q274 ❌ "Время  констатации клинической смерти у пациента:..." → [1] (score: 0.0) [1.18с]
10:34:14 | INFO    |       ⚠️ Ошибка: ожидалось [2], получено [1]
10:34:16 | INFO    | Q275 ✅ "Наиболее часто встречаемая причина остановки сердца — это:..." → [1] (score: 1.0) [1.23с]
10:34:17 | INFO    | Q276 ✅ "Биологическая смерть - это:..." → [2, 3] (score: 1.0) [0.86с]
10:34:19 | INFO    | Q277 ❌ "Первые  признаки биологической смерти — это:..." → [1, 3, 5] (score: 0.0) [0.89с]
10:34:19 | INFO    |       ⚠️ Ошибка: ожидалось [1, 2], получено [1, 3, 5]
10:34:20 | INFO    | Q278 ❌ "Признаки биологической смерти, которые проверяются через 2 часа:..." → [1, 2, 3, 4] (score: 0.0) [0.94с]
10:34:20 | INFO    |       ⚠️ Ошибка: ожидалось [1, 2, 4], получено [1, 2, 3, 4]
10:34:22 | INFO    | Q279 ✅ "Первая стадия сердечно-легочной и церебральной реанимации по Сафару называется:..." → [1] (score: 1.0) [0.88с]
10:34:23 | INFO    | Q280 ✅ "Первая стадия сердечно-легочной и церебральной реанимации  выполняется:..." → [1] (score: 1.0) [0.83с]
10:34:23 | INFO    | 💾 Прогресс сохранён (#280)
10:34:26 | INFO    | Q281 ✅ "При проведении первого этапа сердечно-легочной реанимации пациент лежит:..." → [4] (score: 1.0) [2.54с]
10:34:29 | INFO    | Q282 ❌ "Первый этап сердечно-легочной реанимации начинается с выполнения ступени "А" под..." → [3] (score: 0.0) [2.42с]
10:34:29 | INFO    |       ⚠️ Ошибка: ожидалось [4], получено [3]
10:34:32 | INFO    | Q283 ❌ ""Тройной прием Сафара" проводится для:..." → [1, 2, 3] (score: 0.0) [2.70с]
10:34:32 | INFO    |       ⚠️ Ошибка: ожидалось [3], получено [1, 2, 3]
10:34:35 | INFO    | Q284 ❌ "Составляющие части "тройного приема Сафара" — это:..." → [1, 2, 3] (score: 0.0) [2.43с]
10:34:35 | INFO    |       ⚠️ Ошибка: ожидалось [2, 3, 4], получено [1, 2, 3]
10:34:38 | INFO    | Q285 ✅ "Выдвижение нижней челюсти вниз и вперед проводится для:..." → [2, 3] (score: 1.0) [2.31с]
10:34:41 | INFO    | Q286 ❌ "Выполнение искусственной вентиляции легких (ИВЛ) методом "рот в рот":..." → [4] (score: 0.0) [2.55с]
10:34:41 | INFO    |       ⚠️ Ошибка: ожидалось [2], получено [4]
10:34:44 | INFO    | Q287 ✅ "Искусственная вентиляция легких при проведении сердечно-легочной реанимации проф..." → [2] (score: 1.0) [2.50с]
10:34:47 | INFO    | Q288 ❌ "Непрямой массаж сердца выполняется путем смещения грудины на глубину:..." → [2] (score: 0.0) [2.27с]
10:34:47 | INFO    |       ⚠️ Ошибка: ожидалось [3], получено [2]
10:34:50 | INFO    | Q289 ❌ "Точка приложения рук на грудину при выполнении непрямого массажа:..." → [2, 3] (score: 0.0) [2.49с]
10:34:50 | INFO    |       ⚠️ Ошибка: ожидалось [2, 4], получено [2, 3]
10:34:53 | INFO    | Q290 ❌ "Непрямой массаж сердца всегда проводится с:..." → [1, 3] (score: 0.0) [2.58с]
10:34:53 | INFO    |       ⚠️ Ошибка: ожидалось [3], получено [1, 3]
10:34:53 | INFO    | 💾 Прогресс сохранён (#290)
10:34:56 | INFO    | Q291 ❌ "Сочетание непрямого массажа сердца и ИВЛ, согласно сердечно-легочной реанимации ..." → [1, 3] (score: 0.0) [2.39с]
10:34:56 | INFO    |       ⚠️ Ошибка: ожидалось [2, 3], получено [1, 3]
10:34:59 | INFO    | Q292 ✅ "Длительность выполнения первой стадии сердечно-легочной реанимации:..." → [2, 3] (score: 1.0) [2.60с]
10:35:02 | INFO    | Q293 ✅ "Признаки эффективности выполнения первой стадии сердечно-легочной реанимации:..." → [1, 2, 4] (score: 1.0) [3.01с]
10:35:06 | INFO    | Q294 ❌ "Недопустимые ошибки при выполнении первой стадии сердечно-легочной реанимации по..." → [1, 2, 3, 4] (score: 0.0) [2.72с]
10:35:06 | INFO    |       ⚠️ Ошибка: ожидалось [2, 3, 4], получено [1, 2, 3, 4]
10:35:08 | INFO    | Q295 ✅ "Возможные осложнения при проведении первой стадии сердечно-легочной реанимации п..." → [1, 2, 3] (score: 1.0) [1.62с]
10:35:09 | INFO    | Q296 ❌ "Вторая стадия сердечно-легочной реанимации называется и проводится:..." → [2, 3] (score: 0.0) [1.29с]
10:35:09 | INFO    |       ⚠️ Ошибка: ожидалось [1, 2, 4], получено [2, 3]
10:35:11 | INFO    | Q297 ✅ "Если при снятии ЭКГ установлено, что у пациента фибрилляция желудочков, проводит..." → [4] (score: 1.0) [0.83с]
10:35:12 | INFO    | Q298 ❌ "Третья стадия сердечно-легочной реанимации называется и выполняется:..." → [4] (score: 0.0) [0.89с]
10:35:12 | INFO    |       ⚠️ Ошибка: ожидалось [1, 2, 4], получено [4]
10:35:14 | INFO    | Q299 ❌ "Ступень "Н" третьей стадии сердечно-легочной реанимации проводится для:..." → [2] (score: 0.0) [0.85с]
10:35:14 | INFO    |       ⚠️ Ошибка: ожидалось [3], получено [2]
10:35:15 | INFO    | Q300 ✅ "При экзотоксикозах требуется консультация психиатра:..." → [1] (score: 1.0) [1.10с]
10:35:15 | INFO    | 💾 Прогресс сохранён (#300)
10:35:19 | INFO    | Q301 ❌ "При отравлении уксусной эссенцией всегда проводится:..." → [1, 3] (score: 0.0) [2.91с]
10:35:19 | INFO    |       ⚠️ Ошибка: ожидалось [1, 4], получено [1, 3]
10:35:22 | INFO    | Q302 ❌ "Тяжесть отравления уксусной эссенцией в первые часы определяется по:..." → [1, 3, 4] (score: 0.0) [2.62с]
10:35:22 | INFO    |       ⚠️ Ошибка: ожидалось [1, 4], получено [1, 3, 4]
10:35:25 | INFO    | Q303 ❌ "При отравлении наркотиками морфинового ряда чаще встречается:..." → [2, 4] (score: 0.0) [2.68с]
10:35:25 | INFO    |       ⚠️ Ошибка: ожидалось [2, 3, 4], получено [2, 4]
10:35:28 | INFO    | Q304 ✅ "Антидот, используемый при отравлении наркотиками:..." → [1] (score: 1.0) [2.40с]
10:35:31 | INFO    | Q305 ✅ "Антидот, используемый при отравлении метиловым спиртом:..." → [4] (score: 1.0) [2.43с]
10:35:34 | INFO    | Q306 ❌ "Ведущие признаки при отравлении алкоголем:..." → [1, 2, 3, 4] (score: 0.0) [2.73с]
10:35:34 | INFO    |       ⚠️ Ошибка: ожидалось [2, 3, 4], получено [1, 2, 3, 4]
10:35:37 | INFO    | Q307 ❌ "Наиболее встречаемые причины летальности при отравлении алкоголем..." → [1, 3, 4] (score: 0.0) [2.53с]
10:35:37 | INFO    |       ⚠️ Ошибка: ожидалось [1, 2, 4], получено [1, 3, 4]
10:35:40 | INFO    | Q308 ❌ "Наиболее часто встречаемые признаки ботулизма:..." → [1, 2] (score: 0.0) [2.51с]
10:35:40 | INFO    |       ⚠️ Ошибка: ожидалось [1, 2, 4], получено [1, 2]
10:35:43 | INFO    | Q309 ✅ "Клинические признаки комы — это:..." → [1, 3] (score: 1.0) [2.26с]
10:35:46 | INFO    | Q310 ✅ "Степень тяжести комы определяют согласно:..." → [3] (score: 1.0) [2.26с]
10:35:46 | INFO    | 💾 Прогресс сохранён (#310)
10:35:48 | INFO    | Q311 ✅ "При транспортировке пациента в состоянии комы желательно положение:..." → [2] (score: 1.0) [2.43с]
10:35:52 | INFO    | Q312 ✅ "Основными клиническими признаками диабетической кетоацитотической комы являются:..." → [1, 2, 4] (score: 1.0) [2.61с]
10:35:54 | INFO    | Q313 ✅ "Основными клиническими признаками диабетической гиперосмолярной комы являются:..." → [1, 3] (score: 1.0) [2.37с]
10:35:57 | INFO    | Q314 ❌ "Препаратом выбора при оказании неотложной медицинской помощи при диабетической г..." → [3] (score: 0.0) [2.39с]
10:35:57 | INFO    |       ⚠️ Ошибка: ожидалось [2], получено [3]
10:36:00 | INFO    | Q315 ✅ "Основными клиническими признаками гипогликемической комы являются:..." → [2, 3, 4] (score: 1.0) [2.57с]
10:36:03 | INFO    | Q316 ✅ "Препаратом выбора при оказании неотложной медицинской помощи при гипогликемическ..." → [2] (score: 1.0) [1.82с]
10:36:04 | INFO    | Q317 ✅ "Прием Хеймлиха выполняется для:..." → [1] (score: 1.0) [1.24с]
10:36:07 | INFO    | Q318 ✅ "Для восстановления проходимости верхних дыхательных путей при попадании инородно..." → [1, 2, 3] (score: 1.0) [1.79с]
10:36:08 | INFO    | Q319 ❌ "Клиническими признаками приступа бронхиальной астмы средней тяжести являются:..." → [2, 4] (score: 0.0) [0.96с]
10:36:08 | INFO    |       ⚠️ Ошибка: ожидалось [2, 3, 4], получено [2, 4]
10:36:14 | INFO    | Q320 ❌ "Объем оказания неотложной медицинской помощи при приступе бронхиальной астмы сре..." → [2, 3] (score: 0.0) [4.89с]
10:36:14 | INFO    |       ⚠️ Ошибка: ожидалось [1, 2], получено [2, 3]
10:36:14 | INFO    | 💾 Прогресс сохранён (#320)
10:36:17 | INFO    | Q321 ✅ "Ведущие признаки развития анафилактического шока:..." → [1, 4] (score: 1.0) [2.70с]
10:36:20 | INFO    | Q322 ❌ "Объем оказания неотложной медицинской помощи при анафилактическом шоке:..." → [4] (score: 0.0) [2.47с]
10:36:20 | INFO    |       ⚠️ Ошибка: ожидалось [1, 3, 4], получено [4]
10:36:23 | INFO    | Q323 ❌ "Основные клинические признаки острого коронарного синдрома:..." → [1, 2, 4] (score: 0.0) [2.64с]
10:36:23 | INFO    |       ⚠️ Ошибка: ожидалось [2, 4], получено [1, 2, 4]
10:36:26 | INFO    | Q324 ✅ "Основные клинические признаки приступа стабильной стенокардии напряжения:..." → [2] (score: 1.0) [2.66с]
10:36:29 | INFO    | Q325 ❌ "Объем неотложной медицинской помощи при приступе стабильной стенокардии напряжен..." → [1, 3] (score: 0.0) [2.36с]
10:36:29 | INFO    |       ⚠️ Ошибка: ожидалось [1, 3, 4], получено [1, 3]
10:36:32 | INFO    | Q326 ✅ "Объем оказания неотложной медицинской помощи при остром коронарном синдроме:..." → [2, 3, 4] (score: 1.0) [2.55с]
10:36:35 | INFO    | Q327 ✅ "Клинические признаки истинного кардиогенного шока:..." → [1, 3, 4] (score: 1.0) [2.56с]
10:36:38 | INFO    | Q328 ✅ "Объем оказания неотложной медицинской помощи при кардиогенном шоке:..." → [1, 2] (score: 1.0) [2.50с]
10:36:41 | INFO    | Q329 ❌ "Основные клинические признаки неосложненного гипертензивного криза (гиперкинетич..." → [2, 3] (score: 0.0) [2.55с]
10:36:41 | INFO    |       ⚠️ Ошибка: ожидалось [1, 2], получено [2, 3]
10:36:44 | INFO    | Q330 ✅ "Основные клинические признаки неосложненного гипертензивного криза (гипокинетиче..." → [1, 4] (score: 1.0) [2.50с]
10:36:44 | INFO    | 💾 Прогресс сохранён (#330)
10:36:47 | INFO    | Q331 ❌ "Объем оказания неотложной медицинской помощи при гипертензивном кризе (гиперкине..." → [2, 3] (score: 0.0) [2.56с]
10:36:47 | INFO    |       ⚠️ Ошибка: ожидалось [1, 2, 4], получено [2, 3]
10:36:50 | INFO    | Q332 ❌ "Объем оказания неотложной медицинской помощи при гипертензивном (гипокинетическо..." → [3, 4] (score: 0.0) [2.33с]
10:36:50 | INFO    |       ⚠️ Ошибка: ожидалось [2, 3], получено [3, 4]
10:36:53 | INFO    | Q333 ❌ "Клинические признаки осложненного острой левожелудочковой сердечной недостаточно..." → [1, 2, 4] (score: 0.0) [2.44с]
10:36:53 | INFO    |       ⚠️ Ошибка: ожидалось [1, 2, 3, 4], получено [1, 2, 4]
10:36:56 | INFO    | Q334 ✅ "Объем неотложной медицинской помощи при осложненном острой левожелудочковой серд..." → [1, 3, 4] (score: 1.0) [2.42с]
10:36:59 | INFO    | Q335 ❌ "Клинические признаки осложненного острым нарушением мозгового кровообращения (ОН..." → [1, 2, 3, 4] (score: 0.0) [2.70с]
10:36:59 | INFO    |       ⚠️ Ошибка: ожидалось [1, 2, 4], получено [1, 2, 3, 4]
10:37:02 | INFO    | Q336 ❌ "Объем неотложной медицинской помощи  при осложненном ОНМК гипертензивном кризе:..." → [1, 2, 3] (score: 0.0) [2.63с]
10:37:02 | INFO    |       ⚠️ Ошибка: ожидалось [1, 3, 4], получено [1, 2, 3]
10:37:04 | INFO    | Q337 ❌ "Объем неотложной медицинской помощи при гипертензивном кризе, осложненном носовы..." → [1, 2, 3] (score: 0.0) [1.70с]
10:37:04 | INFO    |       ⚠️ Ошибка: ожидалось [1, 2, 3, 4], получено [1, 2, 3]
10:37:06 | INFO    | Q338 ❌ "Охрана труда – это:..." → [1, 3] (score: 0.0) [0.99с]
10:37:06 | INFO    |       ⚠️ Ошибка: ожидалось [1, 2], получено [1, 3]
10:37:08 | INFO    | Q339 ✅ "Государственное управление в области охраны труда осуществляют:..." → [2, 3, 4, 5] (score: 1.0) [1.20с]
10:37:09 | INFO    | Q340 ✅ "Правоотношения в сфере охраны труда регулируют:..." → [1, 2] (score: 1.0) [1.21с]
10:37:09 | INFO    | 💾 Прогресс сохранён (#340)
10:37:11 | INFO    | Q341 ✅ "Виды инструктажа по охране труда:..." → [4] (score: 1.0) [0.99с]
10:37:13 | INFO    | Q342 ❌ "Несчастный случай на производстве (за исключением группового, со смертельным исх..." → [1] (score: 0.0) [1.14с]
10:37:13 | INFO    |       ⚠️ Ошибка: ожидалось [4], получено [1]
10:37:14 | INFO    | Q343 ❌ "Целевой инструктаж по охране труда проводится:..." → [1, 2, 3, 4] (score: 0.0) [1.14с]
10:37:14 | INFO    |       ⚠️ Ошибка: ожидалось [2, 3], получено [1, 2, 3, 4]
10:37:16 | INFO    | Q344 ❌ "Кем разрабатываются инструкции по охране труда?..." → [1, 2, 3, 4] (score: 0.0) [1.21с]
10:37:16 | INFO    |       ⚠️ Ошибка: ожидалось [4], получено [1, 2, 3, 4]
10:37:17 | INFO    | Q345 ✅ "Инструкции по охране труда пересматриваются (за исключением инструкций по охране..." → [3] (score: 1.0) [0.85с]
10:37:19 | INFO    | Q346 ❌ "Руководители и специалисты организации проходят периодическую проверку знаний по..." → [2, 4] (score: 0.0) [0.82с]
10:37:19 | INFO    |       ⚠️ Ошибка: ожидалось [2], получено [2, 4]
10:37:22 | INFO    | Q347 ❌ "При замене или модернизации оборудования проводится:..." → [2] (score: 0.0) [2.86с]
10:37:22 | INFO    |       ⚠️ Ошибка: ожидалось [4], получено [2]
10:37:25 | INFO    | Q348 ✅ "При выполнении разовых работ, не связанных с прямыми обязанностями по специально..." → [3] (score: 1.0) [2.51с]
10:37:28 | INFO    | Q349 ✅ "Когда наниматель имеет право не включать в нормы организации СИЗ, предусмотренны..." → [1, 2, 4] (score: 1.0) [2.54с]
10:37:31 | INFO    | Q350 ✅ "Допускается ли использование работником СИЗ, бывших в употреблении?..." → [2] (score: 1.0) [2.86с]
10:37:31 | INFO    | 💾 Прогресс сохранён (#350)
10:37:34 | INFO    | Q351 ❌ "Где отмечается выдача и сдача работниками средств индивидуальной защиты?..." → [2, 4] (score: 0.0) [2.42с]
10:37:34 | INFO    |       ⚠️ Ошибка: ожидалось [4], получено [2, 4]
10:37:37 | INFO    | Q352 ❌ "В какой срок должно быть проведено расследование несчастного случая на производс..." → [3] (score: 0.0) [2.47с]
10:37:37 | INFO    |       ⚠️ Ошибка: ожидалось [2], получено [3]
10:37:40 | INFO    | Q353 ❌ "В скольких экземплярах оформляется акт о несчастном случае на производстве формы..." → [1] (score: 0.0) [2.44с]
10:37:40 | INFO    |       ⚠️ Ошибка: ожидалось [4], получено [1]
10:37:43 | INFO    | Q354 ❌ "В какой срок страхователь обязан ознакомить с актом формы Н-1 лиц, допустивших н..." → [3] (score: 0.0) [2.52с]
10:37:43 | INFO    |       ⚠️ Ошибка: ожидалось [2], получено [3]
10:37:46 | INFO    | Q355 ❌ "В каких случаях проводится внеочередная проверка знаний руководителей и специали..." → [1, 2, 3, 4] (score: 0.0) [2.59с]
10:37:46 | INFO    |       ⚠️ Ошибка: ожидалось [2, 3, 4], получено [1, 2, 3, 4]
10:37:49 | INFO    | Q356 ✅ "Декретом Президента Республики Беларусь от 23.11.2017 № 7 «О развитии предприним..." → [3, 4] (score: 1.0) [2.61с]
10:37:53 | INFO    | Q357 ✅ "Руководитель субъекта хозяйствования обязан:..." → [1, 3, 4] (score: 1.0) [2.58с]
10:37:55 | INFO    | Q358 ✅ "Противопожарный режим - это:..." → [1] (score: 1.0) [2.39с]
10:37:58 | INFO    | Q359 ✅ "К первичным средствам пожаротушения относятся:..." → [1, 2, 4, 5] (score: 1.0) [2.49с]
10:38:01 | INFO    | Q360 ✅ "Курение на объектах:..." → [4] (score: 1.0) [2.48с]
10:38:01 | INFO    | 💾 Прогресс сохранён (#360)
10:38:04 | INFO    | Q361 ❌ "Опасные отходы классифицируются по:..." → [1] (score: 0.0) [2.41с]
10:38:04 | INFO    |       ⚠️ Ошибка: ожидалось [4], получено [1]
10:38:07 | INFO    | Q362 ❌ "Контейнерная площадка для сбора твердых отходов должна располагаться от админист..." → [2] (score: 0.0) [1.99с]
10:38:07 | INFO    |       ⚠️ Ошибка: ожидалось [4], получено [2]
10:38:08 | INFO    | Q363 ✅ "Право граждан Республики Беларусь на охрану здоровья гарантируется:..." → [3] (score: 1.0) [1.13с]
10:38:10 | INFO    | Q364 ✅ "Информация о состоянии здоровья пациента предоставляется пациенту:..." → [3] (score: 1.0) [1.28с]
10:38:12 | INFO    | Q365 ❌ "Предусмотрено ли уголовное наказание за врачебную ошибку..." → [3] (score: 0.0) [0.77с]
10:38:12 | INFO    |       ⚠️ Ошибка: ожидалось [1], получено [3]
10:38:13 | INFO    | Q366 ✅ "В случае, когда лицо не способно по состоянию здоровья к принятию осознанного ре..." → [1, 3] (score: 1.0) [1.23с]
10:38:15 | INFO    | Q367 ❌ "Какие виды дисциплины определены Трудовым Кодексом..." → [5] (score: 0.0) [1.41с]
10:38:15 | INFO    |       ⚠️ Ошибка: ожидалось [1, 4, 5], получено [5]
10:38:17 | INFO    | Q368 ❌ "Наниматель обязан установить неполный рабочий день..." → [2, 3, 4, 5, 7] (score: 0.0) [1.61с]
10:38:17 | INFO    |       ⚠️ Ошибка: ожидалось [2, 3, 4, 5, 6], получено [2, 3, 4, 5, 7]
10:38:21 | INFO    | Q369 ❌ "Сокращенная продолжительность рабочего времени устанавливается..." → [1, 2, 4, 5, 7] (score: 0.0) [2.82с]
10:38:21 | INFO    |       ⚠️ Ошибка: ожидалось [1, 2, 4, 5], получено [1, 2, 4, 5, 7]
10:38:24 | INFO    | Q370 ❌ "Сведения, составляющие врачебную тайну, могут быть представлены третьим лицам бе..." → [3, 6, 7] (score: 0.0) [2.50с]
10:38:24 | INFO    |       ⚠️ Ошибка: ожидалось [3, 5, 6, 7], получено [3, 6, 7]
10:38:24 | INFO    | 💾 Прогресс сохранён (#370)
10:38:27 | INFO    | Q371 ✅ "Выписки из медицинской документации предоставляются пациенту:..." → [2] (score: 1.0) [2.58с]
10:38:31 | INFO    | Q372 ✅ "Имеет ли право пациент отказаться от внесения информации, составляющей врачебную..." → [2] (score: 1.0) [3.39с]
10:38:34 | INFO    | Q373 ❌ "Несовершеннолетний имеет право давать согласие на простое медицинское вмешательс..." → [1, 3] (score: 0.0) [3.03с]
10:38:34 | INFO    |       ⚠️ Ошибка: ожидалось [3], получено [1, 3]
10:38:37 | INFO    | Q374 ❌ "Запрещается проведение клинических испытаний медицинских изделий на..." → [1, 4, 5, 6, 7, 8] (score: 0.0) [2.62с]
10:38:37 | INFO    |       ⚠️ Ошибка: ожидалось [1, 3, 4, 5, 7, 8], получено [1, 4, 5, 6, 7, 8]
10:38:40 | INFO    | Q375 ❌ "При оказании медицинской помощи в стационарных условиях в государственных учрежд..." → [1] (score: 0.0) [2.40с]
10:38:40 | INFO    |       ⚠️ Ошибка: ожидалось [2], получено [1]
10:38:43 | INFO    | Q376 ❌ "Пациентам оказывается медицинская помощь следующих видов:..." → [1, 3, 4, 5, 8] (score: 0.0) [2.61с]
10:38:43 | INFO    |       ⚠️ Ошибка: ожидалось [2, 3, 5, 7, 8], получено [1, 3, 4, 5, 8]
10:38:46 | INFO    | Q377 ✅ "Имеет ли медицинский работник право на страхование профессиональной ошибки, в ре..." → [1] (score: 1.0) [2.51с]
10:38:49 | INFO    | Q378 ❌ "Составляет ли врачебную тайну информация о результатах патологоанатомического ис..." → [3] (score: 0.0) [2.31с]
10:38:49 | INFO    |       ⚠️ Ошибка: ожидалось [2], получено [3]
10:38:52 | INFO    | Q379 ✅ "Согласие на медицинское вмешательство пожилой пациент:..." → [3] (score: 1.0) [2.36с]
10:38:55 | INFO    | Q380 ✅ "Основаниями для принудительной госпитализации и лечения гражданина в психиатриче..." → [1, 2, 3] (score: 1.0) [2.42с]
10:38:55 | INFO    | 💾 Прогресс сохранён (#380)
10:38:58 | INFO    | Q381 ✅ "Имеет ли право лечащий врач отказаться от оказания медицинской помощи пациенту:..." → [1] (score: 1.0) [2.37с]
10:39:01 | INFO    | Q382 ✅ "Матерью ребенка, рожденного суррогатной матерью, признается:..." → [2] (score: 1.0) [2.32с]
10:39:04 | INFO    | Q383 ❌ "Можно ли проводить стерилизацию здоровому пациенту в возрасте до 35 лет, имеющем..." → [1] (score: 0.0) [3.04с]
10:39:04 | INFO    |       ⚠️ Ошибка: ожидалось [2], получено [1]
10:39:07 | INFO    | Q384 ✅ "В каких случаях возможен временный перевод работника на другую работу без его со..." → [3] (score: 1.0) [2.29с]
10:39:10 | INFO    | Q385 ❌ "Что относится к существенным условиям труда..." → [1, 4] (score: 0.0) [2.56с]
10:39:10 | INFO    |       ⚠️ Ошибка: ожидалось [1, 2, 3, 4], получено [1, 4]
10:39:13 | INFO    | Q386 ✅ "Должен ли наниматель предупредить работника об изменении существенных условий тр..." → [2] (score: 1.0) [2.68с]
10:39:16 | INFO    | Q387 ✅ "Имеет ли наниматель право при приеме на работу работника запрашивать характерист..." → [1] (score: 1.0) [2.48с]
10:39:19 | INFO    | Q388 ✅ "Какой максимальный срок предварительного испытания может быть установлен нанимат..." → [3] (score: 1.0) [2.70с]
10:39:22 | INFO    | Q389 ✅ "Можно ли уволить работника за отсутствия на работе более трех часов в течение ра..." → [1] (score: 1.0) [2.38с]
10:39:26 | INFO    | Q390 ✅ "В течение какого времени должна быть выдана работнику характеристика с предыдуще..." → [2] (score: 1.0) [2.89с]
10:39:26 | INFO    | 💾 Прогресс сохранён (#390)
10:39:29 | INFO    | Q391 ✅ "Может ли стать причиной увольнения работника нарушение установленного порядка ра..." → [1] (score: 1.0) [2.46с]
10:39:32 | INFO    | Q392 ✅ "Для забора органа умершего донора существует презумпция..." → [1] (score: 1.0) [2.92с]
10:39:35 | INFO    | Q393 ✅ "Невозможность участия человека без его согласия в медицинских опытах гарантирова..." → [2] (score: 1.0) [2.39с]
10:39:38 | INFO    | Q394 ✅ "В соответствии с 45 статьей Конституции государство создает условия..." → [1] (score: 1.0) [2.47с]
10:39:41 | INFO    | Q395 ✅ "Что такое эмансипация в гражданском праве Республики Беларусь..." → [3] (score: 1.0) [2.25с]
10:39:43 | INFO    | Q396 ✅ "Является ли уголовно наказуемым деянием распространение заведомо ложной информац..." → [1] (score: 1.0) [2.27с]
10:39:46 | INFO    | Q397 ❌ "Республика Беларусь в соответствии с Конституцией..." → [2] (score: 0.0) [2.43с]
10:39:46 | INFO    |       ⚠️ Ошибка: ожидалось [1], получено [2]
10:39:49 | INFO    | Q398 ❌ "Перечень платных медицинских услуг, оказываемых государственными учреждениями зд..." → [1] (score: 0.0) [2.30с]
10:39:49 | INFO    |       ⚠️ Ошибка: ожидалось [3], получено [1]
10:39:52 | INFO    | Q399 ❌ "Назовите 3 направления медицинской деятельности..." → [1, 2, 5] (score: 0.0) [2.52с]
10:39:52 | INFO    |       ⚠️ Ошибка: ожидалось [1, 2, 4], получено [1, 2, 5]
10:39:55 | INFO    | Q400 ❌ "Перечислите виды медицинских экспертиз..." → [1, 2, 3, 4, 5, 6, 7, 8, 9, 10, 11] (score: 0.0) [2.66с]
10:39:55 | INFO    |       ⚠️ Ошибка: ожидалось [2, 3, 4, 5, 6, 7, 9, 10, 11], получено [1, 2, 3, 4, 5, 6, 7, 8, 9, 10, 11]
10:39:55 | INFO    | 💾 Прогресс сохранён (#400)
10:39:59 | INFO    | Q401 ❌ "К репродуктивным правам относится возможность свободно принимать решение относит..." → [1, 2, 4, 5] (score: 0.0) [2.60с]
10:39:59 | INFO    |       ⚠️ Ошибка: ожидалось [1, 4, 5], получено [1, 2, 4, 5]
10:40:02 | INFO    | Q402 ❌ "Перечень контролирующих (надзорных) органов, уполномоченных проводить проверки, ..." → [4] (score: 0.0) [2.85с]
10:40:02 | INFO    |       ⚠️ Ошибка: ожидалось [1], получено [4]
10:40:04 | INFO    | Q403 ✅ "Входит ли Министерство здравоохранения Республики Беларусь в перечень контролиру..." → [2] (score: 1.0) [1.41с]
10:40:07 | INFO    | Q404 ✅ "Выберите правильную последовательность приоритетности мер контроля по профилакти..." → [3] (score: 1.0) [2.92с]
10:40:09 | INFO    | Q405 ❌ "Какие действия применимы к «устранению опасностей» в иерархии мер контроля в про..." → [2, 5] (score: 0.0) [1.40с]
10:40:09 | INFO    |       ⚠️ Ошибка: ожидалось [1, 3], получено [2, 5]
10:40:11 | INFO    | Q406 ❌ "Какие действия применимы к «мерам административного контроля» в иерархии мер инф..." → [1, 3, 4, 7, 8] (score: 0.0) [0.98с]
10:40:11 | INFO    |       ⚠️ Ошибка: ожидалось [3, 4, 5, 7, 8], получено [1, 3, 4, 7, 8]
10:40:12 | INFO    | Q407 ✅ "Какие уровни риска по COVID-19 на рабочем месте в организации здравоохранения ре..." → [4] (score: 1.0) [0.75с]
10:40:13 | INFO    | Q408 ✅ "Укажите правильное утверждение для следующей ситуации в соответствии с требовани..." → [3] (score: 1.0) [0.88с]
10:40:15 | INFO    | Q409 ✅ "Для каких из перечисленных ниже медицинских вмешательств рекомендовано обязатель..." → [1, 2, 3] (score: 1.0) [0.85с]
10:40:18 | INFO    | Q410 ✅ "Выберите правильные утверждения..." → [2, 3, 4] (score: 1.0) [2.81с]
10:40:18 | INFO    | 💾 Прогресс сохранён (#410)
10:40:21 | INFO    | Q411 ✅ "Определите ситуацию, когда необходимо незамедлительно прекратить использование р..." → [2, 3, 5] (score: 1.0) [2.52с]
10:40:24 | INFO    | Q412 ❌ "Какие меры предосторожности необходимо обеспечить при проведении аэрозолеобразую..." → [1, 3] (score: 0.0) [2.82с]
10:40:24 | INFO    |       ⚠️ Ошибка: ожидалось [1, 3, 4], получено [1, 3]
10:40:27 | INFO    | Q413 ✅ "При использовании медицинских масок на протяжении всей смены работники здравоохр..." → [2, 3, 5] (score: 1.0) [2.48с]
10:40:30 | INFO    | Q414 ❌ "Определите случаи заболевания, относящиеся к инфекциям, связанным с оказанием ме..." → [1] (score: 0.0) [2.29с]
10:40:30 | INFO    |       ⚠️ Ошибка: ожидалось [2], получено [1]
10:40:34 | INFO    | Q415 ✅ "Инфекционный контроль – это..." → [4] (score: 1.0) [3.10с]
10:40:37 | INFO    | Q416 ✅ "Укажите правильное утверждение..." → [2, 3, 4] (score: 1.0) [2.37с]
10:40:40 | INFO    | Q417 ❌ "Стандартные эпидемиологические определения случая ИСМП..." → [1, 3] (score: 0.0) [2.53с]
10:40:40 | INFO    |       ⚠️ Ошибка: ожидалось [1, 3, 4], получено [1, 3]
10:40:43 | INFO    | Q418 ✅ "Укажите правильное утверждение..." → [1, 2, 4] (score: 1.0) [2.40с]
10:40:45 | INFO    | Q419 ❌ "Стратифицированный показатель инцидентности..." → [2, 4] (score: 0.0) [2.43с]
10:40:45 | INFO    |       ⚠️ Ошибка: ожидалось [4], получено [2, 4]
10:40:48 | INFO    | Q420 ✅ "Какие из следующих факторов могут привести к небезопасным инъекциям..." → [1, 2, 3, 4, 5] (score: 1.0) [2.50с]
10:40:48 | INFO    | 💾 Прогресс сохранён (#420)
10:40:52 | INFO    | Q421 ✅ "Что из перечисленного недопустимо в действиях медицинских работников при осущест..." → [1, 2, 3, 4] (score: 1.0) [2.62с]
10:40:55 | INFO    | Q422 ✅ "Риск передачи вируса гепатита В из зараженного шприца..." → [2] (score: 1.0) [2.41с]
10:40:57 | INFO    | Q423 ❌ "Как долго вирус гепатита С может сохранять свои свойства при комнатной температу..." → [1, 3] (score: 0.0) [2.40с]
10:40:57 | INFO    |       ⚠️ Ошибка: ожидалось [1], получено [1, 3]
10:41:00 | INFO    | Q424 ✅ "Каковы 7 последовательных шагов для безопасной инъекции..." → [1] (score: 1.0) [2.42с]
10:41:03 | INFO    | Q425 ❌ "Что из перечисленного может приводить к реализации инфекционных рисков у медицин..." → [2, 3] (score: 0.0) [2.52с]
10:41:03 | INFO    |       ⚠️ Ошибка: ожидалось [2, 3, 4], получено [2, 3]
10:41:06 | INFO    | Q426 ✅ "Какой из следующих шагов не является критическим для медицинского работника в сл..." → [1] (score: 1.0) [2.57с]
10:41:08 | INFO    | Q427 ✅ "Какие из следующих действий следует предпринять при сообщении о травме, полученн..." → [1, 2, 3] (score: 1.0) [0.87с]
10:41:09 | INFO    | Q428 ❌ "Что из перечисленного следует сделать медицинскому работнику, если он проколол к..." → [2, 3, 5] (score: 0.0) [0.91с]
10:41:09 | INFO    |       ⚠️ Ошибка: ожидалось [1, 3, 4], получено [2, 3, 5]
10:41:11 | INFO    | Q429 ✅ "Какие из следующих действий следует предпринять медицинскому работнику при следу..." → [1, 3, 5] (score: 1.0) [0.87с]
10:41:12 | INFO    | Q430 ✅ "Медицинский работник укололся иглой, которая была использована при проведении ин..." → [1, 2] (score: 1.0) [1.17с]
10:41:12 | INFO    | 💾 Прогресс сохранён (#430)
10:41:14 | INFO    | Q431 ❌ "Какие из перечисленных утверждений соответствуют требованиям отечественного зако..." → [2, 4, 6] (score: 0.0) [0.89с]
10:41:14 | INFO    |       ⚠️ Ошибка: ожидалось [1, 2, 3, 4, 5, 6], получено [2, 4, 6]
10:41:15 | INFO    | Q432 ❌ "Какие из перечисленных вирусных инфекционных заболеваний отнесены отечественным ..." → [1, 2, 3, 4, 5, 6, 7] (score: 0.0) [1.29с]
10:41:15 | INFO    |       ⚠️ Ошибка: ожидалось [6], получено [1, 2, 3, 4, 5, 6, 7]
10:41:17 | INFO    | Q433 ❌ "Какие из перечисленных бактериальных инфекционных заболеваний отнесены отечестве..." → [1, 2, 3, 4, 5, 6, 7] (score: 0.0) [1.02с]
10:41:17 | INFO    |       ⚠️ Ошибка: ожидалось [1, 2, 3, 5], получено [1, 2, 3, 4, 5, 6, 7]
10:41:18 | INFO    | Q434 ❌ "Какое из перечисленных утверждений соответствует действующему определению термин..." → [3] (score: 0.0) [0.97с]
10:41:18 | INFO    |       ⚠️ Ошибка: ожидалось [1], получено [3]
10:41:22 | INFO    | Q435 ✅ "Дезинфекционные мероприятия в соответствии с принципами, установленными отечеств..." → [1] (score: 1.0) [2.93с]
10:41:24 | INFO    | Q436 ❌ "Дезинфекция – это мера в отношении..." → [1] (score: 0.0) [1.48с]
10:41:24 | INFO    |       ⚠️ Ошибка: ожидалось [4], получено [1]
10:41:27 | INFO    | Q437 ❌ "Дератизация – это мера в отношении..." → [1, 2] (score: 0.0) [2.46с]
10:41:27 | INFO    |       ⚠️ Ошибка: ожидалось [1], получено [1, 2]
10:41:30 | INFO    | Q438 ❌ "Дезинсекция – это мера в отношении..." → [3] (score: 0.0) [2.35с]
10:41:30 | INFO    |       ⚠️ Ошибка: ожидалось [2], получено [3]
10:41:32 | INFO    | Q439 ❌ "Средства дезинфекции..." → [4] (score: 0.0) [2.22с]
10:41:32 | INFO    |       ⚠️ Ошибка: ожидалось [5], получено [4]
10:41:36 | INFO    | Q440 ❌ "Различают следующие виды дезинфекции..." → [1, 3] (score: 0.0) [2.77с]
10:41:36 | INFO    |       ⚠️ Ошибка: ожидалось [4], получено [1, 3]
10:41:36 | INFO    | 💾 Прогресс сохранён (#440)
10:41:39 | INFO    | Q441 ❌ "Отметьте правильные утверждения..." → [1, 2, 4] (score: 0.0) [2.96с]
10:41:39 | INFO    |       ⚠️ Ошибка: ожидалось [2, 4], получено [1, 2, 4]
10:41:42 | INFO    | Q442 ✅ "Дезинфекционные мероприятия (ДМ) по эпидемическим показаниям (выберите правильно..." → [3] (score: 1.0) [2.47с]
10:41:46 | INFO    | Q443 ✅ "Совокупность способов подавления роста и размножения микроорганизмов на коже и с..." → [4] (score: 1.0) [3.25с]
10:41:49 | INFO    | Q444 ✅ "Процесс полного уничтожения всех форм микроорганизмов на объектах внешней среды ..." → [3] (score: 1.0) [2.23с]
10:41:52 | INFO    | Q445 ✅ "Дезинсекционные мероприятия включают..." → [1] (score: 1.0) [2.43с]
10:41:58 | INFO    | Q446 ❌ "Выберите правильные утверждения..." → [1, 3, 4] (score: 0.0) [6.34с]
10:41:58 | INFO    |       ⚠️ Ошибка: ожидалось [1, 3], получено [1, 3, 4]
10:42:02 | INFO    | Q447 ✅ "При использовании перчаток медицинский работник (выберите правильное утверждение..." → [1, 2, 5] (score: 1.0) [2.89с]
10:42:06 | INFO    | Q448 ✅ "В каких случаях медицинским работникам необходимо выполнять гигиену рук при оказ..." → [1, 2, 3, 4, 5] (score: 1.0) [4.04с]
10:42:08 | INFO    | Q449 ✅ "У вашего пациента отмечается развитие аллергической реакции после укуса осы. У п..." → [1] (score: 1.0) [1.25с]
10:42:10 | INFO    | Q450 ✅ "Пациент – взрослый мужчина. У него отмечается слабый и частый пульс. Кожные покр..." → [3] (score: 1.0) [1.12с]
10:42:10 | INFO    | 💾 Прогресс сохранён (#450)
10:42:11 | INFO    | Q451 ✅ "У пациента 63 лет отмечается поверхностное дыхание с частотой 28 ДД/мин. Как бы ..." → [1] (score: 1.0) [0.92с]
10:42:12 | INFO    | Q452 ❌ "У вашего пациента отмечается сквозное ранение щеки вязальной спицей. Спица, полн..." → [3] (score: 0.0) [0.81с]
10:42:12 | INFO    |       ⚠️ Ошибка: ожидалось [2], получено [3]
10:42:14 | INFO    | Q453 ❌ "Молодой мужчина, 20 лет, был найден в бессознательном состоянии. Вашим следующим..." → [1, 2, 3] (score: 0.0) [1.28с]
10:42:14 | INFO    |       ⚠️ Ошибка: ожидалось [2], получено [1, 2, 3]
10:42:16 | INFO    | Q454 ❌ "Ваш пациент мужчина 35 лет упал во время подъёма на скалу. Во время обследования..." → [1, 3] (score: 0.0) [0.99с]
10:42:16 | INFO    |       ⚠️ Ошибка: ожидалось [4], получено [1, 3]
10:42:17 | INFO    | Q455 ❌ "Вашему пациенту в глаза попал жидкий аммиак. Какую помощь вам необходимо оказать..." → [1, 3] (score: 0.0) [0.84с]
10:42:17 | INFO    |       ⚠️ Ошибка: ожидалось [1], получено [1, 3]
10:42:18 | INFO    | Q456 ✅ "Ваш пациент мужчина 40 лет, попал в мотоциклетную аварию. Он жалуется на боль в ..." → [4] (score: 1.0) [0.82с]
10:42:20 | INFO    | Q457 ✅ "Во время проведения первичной оценки состояния пациента вы выявили наличие обшир..." → [1] (score: 1.0) [1.14с]
10:42:23 | INFO    | Q458 ❌ "Известно, что ваша пациентка страдает алкоголизмом. Она была найдена лежащей в б..." → [1, 3] (score: 0.0) [2.75с]
10:42:23 | INFO    |       ⚠️ Ошибка: ожидалось [1, 2, 3], получено [1, 3]
10:42:28 | INFO    | Q459 ❌ "Вы оказываете помощь пациенту 52 лет. Пациент в бессознательном состоянии. Он бы..." → [4] (score: 0.0) [3.90с]
10:42:28 | INFO    |       ⚠️ Ошибка: ожидалось [1], получено [4]
10:42:31 | INFO    | Q460 ❌ "Вы прибыли на место происшествия, где был совершён наезд автомобиля на велосипед..." → [1, 4] (score: 0.0) [2.59с]
10:42:31 | INFO    |       ⚠️ Ошибка: ожидалось [1], получено [1, 4]
10:42:31 | INFO    | 💾 Прогресс сохранён (#460)
10:42:34 | INFO    | Q461 ✅ "Вы оказываете помощь пациенту 36 лет с сохранным сознанием. Он был водителем авт..." → [3] (score: 1.0) [2.64с]
10:42:37 | INFO    | Q462 ❌ "У вашего пациента, мужчины 34 лет отмечается постоянная боль в области плеча в с..." → [3, 4] (score: 0.0) [2.45с]
10:42:37 | INFO    |       ⚠️ Ошибка: ожидалось [2, 3, 4], получено [3, 4]
10:42:40 | INFO    | Q463 ✅ "25 летняя девушка упала с лошади. Она в сознании и жалуется на боль в голове. Ва..." → [3] (score: 1.0) [2.53с]
10:42:43 | INFO    | Q464 ❌ "Во время проведения ИВЛ 14 летнему ребёнку после утопления, вы ощущаете наличие ..." → [1] (score: 0.0) [2.49с]
10:42:43 | INFO    |       ⚠️ Ошибка: ожидалось [3], получено [1]
10:42:46 | INFO    | Q465 ✅ "Ваш пациент после автомобильной аварии остался зажатым в машине. Вы провели оцен..." → [2] (score: 1.0) [2.48с]
10:42:49 | INFO    | Q466 ❌ "Автомобиль столкнулся с автоцистерной, перевозящей огнеопасный материал. На пере..." → [3] (score: 0.0) [2.56с]
10:42:49 | INFO    |       ⚠️ Ошибка: ожидалось [2], получено [3]
10:42:52 | INFO    | Q467 ✅ "У 23 летней женщины в анамнезе есть указание на наличие аллергии к укусам пчёл. ..." → [2] (score: 1.0) [2.50с]
10:42:55 | INFO    | Q468 ❌ "40 летний мужчина получил удар в лицо жёстким бейсбольным мячом. Во время вашего..." → [1, 3, 4] (score: 0.0) [2.43с]
10:42:55 | INFO    |       ⚠️ Ошибка: ожидалось [1], получено [1, 3, 4]
10:42:58 | INFO    | Q469 ❌ "20 летняя девушка упала с лестницы-стремянки с высоты 1,5 метров. Она предъявляе..." → [1, 2] (score: 0.0) [2.68с]
10:42:58 | INFO    |       ⚠️ Ошибка: ожидалось [2], получено [1, 2]
10:43:01 | INFO    | Q470 ✅ "После оказания помощи посредством использования ингалятора пациентке 53 лет с жа..." → [4] (score: 1.0) [2.46с]
10:43:01 | INFO    | 💾 Прогресс сохранён (#470)
10:43:04 | INFO    | Q471 ✅ "7 летняя девочка выпила средство для прочистки труб. У неё отмечается наличие ож..." → [4] (score: 1.0) [2.65с]
10:43:06 | INFO    | Q472 ✅ "Ваш пациент, страдающий диабетом, находится в бессознательном состоянии. Оказани..." → [3] (score: 1.0) [1.61с]
10:43:08 | INFO    | Q473 ✅ "23 летний мужчина был водителем автомобиля, который столкнулся с телефонным стол..." → [2] (score: 1.0) [1.43с]
10:43:11 | INFO    | Q474 ❌ "У 30-летнего мужчины с сохранным сознанием отмечается огнестрельное ранение в об..." → [1] (score: 0.0) [2.47с]
10:43:11 | INFO    |       ⚠️ Ошибка: ожидалось [3], получено [1]
10:43:14 | INFO    | Q475 ✅ "У вашего пациента отмечается аллергическая реакция после того как он поел кревет..." → [3] (score: 1.0) [2.61с]
10:43:17 | INFO    | Q476 ✅ "Вы выехали в сельскую местность на вызов, связанный с травматической ампутацией ..." → [1] (score: 1.0) [2.38с]
10:43:20 | INFO    | Q477 ❌ "Пожилой мужчина, 67 лет, жалуется на затруднение дыхания. Он не может вспомнить,..." → [1, 4] (score: 0.0) [2.54с]
10:43:20 | INFO    |       ⚠️ Ошибка: ожидалось [1], получено [1, 4]
10:43:23 | INFO    | Q478 ❌ "Пациент мужчина 50 лет, доставлен бригадой скорой помощи с выраженной одышкой, а..." → [1, 2, 4] (score: 0.0) [2.63с]
10:43:23 | INFO    |       ⚠️ Ошибка: ожидалось [2, 4], получено [1, 2, 4]
10:43:26 | INFO    | Q479 ❌ "Пациент пожилая женщина 75 лет, находилась на ИВЛ по поводу острого отека легких..." → [1, 3] (score: 0.0) [2.29с]
10:43:26 | INFO    |       ⚠️ Ошибка: ожидалось [3], получено [1, 3]
10:43:29 | INFO    | Q480 ❌ "Молодой мужчина 25 лет, доставлен бригадой скорой помощи с жалобами на лихорадку..." → [4] (score: 0.0) [2.43с]
10:43:29 | INFO    |       ⚠️ Ошибка: ожидалось [3, 4], получено [4]
10:43:29 | INFO    | 💾 Прогресс сохранён (#480)
10:43:33 | INFO    | Q481 ✅ "Ребенок 2 лет, привит соответственно возрасту. Доставлен в отделение реанимации ..." → [3, 2] (score: 1.0) [2.82с]
10:43:35 | INFO    | Q482 ❌ "У Беременной исходно здоровой женщины, 29 лет, срок беременности 24 недели внеза..." → [1, 2] (score: 0.0) [2.33с]
10:43:35 | INFO    |       ⚠️ Ошибка: ожидалось [1, 4], получено [1, 2]
10:43:36 | INFO    | 
============================================================
🏁 ТЕСТ ЗАВЕРШЁН
============================================================
 Модель: gemma-3-27b-it:free
 Всего вопросов: 482
 Правильных ответов: 263
 Процент: 54.56%
 Ошибок API: 28
 Время: 1229.1с
============================================================
10:43:36 | INFO    | 📄 Лог-файл: logs/run_3.log
